Copyright 1986-2018 Xilinx, Inc. All Rights Reserved.
-----------------------------------------------------------------------------------------------------------------------------------------------------------------------------------------
| Tool Version : Vivado v.2018.2 (win64) Build 2258646 Thu Jun 14 20:03:12 MDT 2018
| Date         : Thu Dec 11 17:03:23 2025
| Host         : ALEX running 64-bit major release  (build 9200)
| Command      : report_timing_summary -max_paths 10 -file my_top_timing_summary_routed.rpt -pb my_top_timing_summary_routed.pb -rpx my_top_timing_summary_routed.rpx -warn_on_violation
| Design       : my_top
| Device       : 7a200t-fbg676
| Speed File   : -2  PRODUCTION 1.22 2018-03-21
-----------------------------------------------------------------------------------------------------------------------------------------------------------------------------------------

Timing Summary Report

------------------------------------------------------------------------------------------------
| Timer Settings
| --------------
------------------------------------------------------------------------------------------------

  Enable Multi Corner Analysis               :  Yes
  Enable Pessimism Removal                   :  Yes
  Pessimism Removal Resolution               :  Nearest Common Node
  Enable Input Delay Default Clock           :  No
  Enable Preset / Clear Arcs                 :  No
  Disable Flight Delays                      :  No
  Ignore I/O Paths                           :  No
  Timing Early Launch at Borrowing Latches   :  false

  Corner  Analyze    Analyze    
  Name    Max Paths  Min Paths  
  ------  ---------  ---------  
  Slow    Yes        Yes        
  Fast    Yes        Yes        



check_timing report

Table of Contents
-----------------
1. checking no_clock
2. checking constant_clock
3. checking pulse_width_clock
4. checking unconstrained_internal_endpoints
5. checking no_input_delay
6. checking no_output_delay
7. checking multiple_clock
8. checking generated_clocks
9. checking loops
10. checking partial_input_delay
11. checking partial_output_delay
12. checking latch_loops

1. checking no_clock
--------------------
 There are 7 register/latch pins with no clock driven by root clock pin: pushbuttons[4] (HIGH)

 There are 7 register/latch pins with no clock driven by root clock pin: u_clk/cp_manual_reg/Q (HIGH)


2. checking constant_clock
--------------------------
 There are 0 register/latch pins with constant_clock.


3. checking pulse_width_clock
-----------------------------
 There are 0 register/latch pins which need pulse_width check


4. checking unconstrained_internal_endpoints
--------------------------------------------
 There are 14 pins that are not constrained for maximum delay. (HIGH)

 There are 0 pins that are not constrained for maximum delay due to constant clock.


5. checking no_input_delay
--------------------------
 There are 9 input ports with no input delay specified. (HIGH)

 There are 0 input ports with no input delay but user has a false path constraint.


6. checking no_output_delay
---------------------------
 There are 5 ports with no output delay specified. (HIGH)

 There are 0 ports with no output delay but user has a false path constraint

 There are 0 ports with no output delay but with a timing clock defined on it or propagating through it


7. checking multiple_clock
--------------------------
 There are 0 register/latch pins with multiple clocks.


8. checking generated_clocks
----------------------------
 There are 0 generated clocks that are not connected to a clock source.


9. checking loops
-----------------
 There are 0 combinational loops in the design.


10. checking partial_input_delay
--------------------------------
 There are 0 input ports with partial input delay specified.


11. checking partial_output_delay
---------------------------------
 There are 0 ports with partial output delay specified.


12. checking latch_loops
------------------------
 There are 0 combinational latch loops in the design through latch input



------------------------------------------------------------------------------------------------
| Design Timing Summary
| ---------------------
------------------------------------------------------------------------------------------------

    WNS(ns)      TNS(ns)  TNS Failing Endpoints  TNS Total Endpoints      WHS(ns)      THS(ns)  THS Failing Endpoints  THS Total Endpoints     WPWS(ns)     TPWS(ns)  TPWS Failing Endpoints  TPWS Total Endpoints  
    -------      -------  ---------------------  -------------------      -------      -------  ---------------------  -------------------     --------     --------  ----------------------  --------------------  
      3.672        0.000                      0                    5        0.247        0.000                      0                    5        2.000        0.000                       0                     7  


All user specified timing constraints are met.


------------------------------------------------------------------------------------------------
| Clock Summary
| -------------
------------------------------------------------------------------------------------------------

Clock    Waveform(ns)         Period(ns)      Frequency(MHz)
-----    ------------         ----------      --------------
sys_clk  {0.000 2.500}        5.000           200.000         


------------------------------------------------------------------------------------------------
| Intra Clock Table
| -----------------
------------------------------------------------------------------------------------------------

Clock             WNS(ns)      TNS(ns)  TNS Failing Endpoints  TNS Total Endpoints      WHS(ns)      THS(ns)  THS Failing Endpoints  THS Total Endpoints     WPWS(ns)     TPWS(ns)  TPWS Failing Endpoints  TPWS Total Endpoints  
-----             -------      -------  ---------------------  -------------------      -------      -------  ---------------------  -------------------     --------     --------  ----------------------  --------------------  
sys_clk             3.672        0.000                      0                    5        0.247        0.000                      0                    5        2.000        0.000                       0                     7  


------------------------------------------------------------------------------------------------
| Inter Clock Table
| -----------------
------------------------------------------------------------------------------------------------

From Clock    To Clock          WNS(ns)      TNS(ns)  TNS Failing Endpoints  TNS Total Endpoints      WHS(ns)      THS(ns)  THS Failing Endpoints  THS Total Endpoints  
----------    --------          -------      -------  ---------------------  -------------------      -------      -------  ---------------------  -------------------  


------------------------------------------------------------------------------------------------
| Other Path Groups Table
| -----------------------
------------------------------------------------------------------------------------------------

Path Group    From Clock    To Clock          WNS(ns)      TNS(ns)  TNS Failing Endpoints  TNS Total Endpoints      WHS(ns)      THS(ns)  THS Failing Endpoints  THS Total Endpoints  
----------    ----------    --------          -------      -------  ---------------------  -------------------      -------      -------  ---------------------  -------------------  


------------------------------------------------------------------------------------------------
| Timing Details
| --------------
------------------------------------------------------------------------------------------------


---------------------------------------------------------------------------------------------------
From Clock:  sys_clk
  To Clock:  sys_clk

Setup :            0  Failing Endpoints,  Worst Slack        3.672ns,  Total Violation        0.000ns
Hold  :            0  Failing Endpoints,  Worst Slack        0.247ns,  Total Violation        0.000ns
PW    :            0  Failing Endpoints,  Worst Slack        2.000ns,  Total Violation        0.000ns
---------------------------------------------------------------------------------------------------


Max Delay Paths
--------------------------------------------------------------------------------------
Slack (MET) :             3.672ns  (required time - arrival time)
  Source:                 u_clk/btn_sync_reg[1]/C
                            (rising edge-triggered cell FDRE clocked by sys_clk  {rise@0.000ns fall@2.500ns period=5.000ns})
  Destination:            u_clk/btn_stable_reg/D
                            (rising edge-triggered cell FDRE clocked by sys_clk  {rise@0.000ns fall@2.500ns period=5.000ns})
  Path Group:             sys_clk
  Path Type:              Setup (Max at Slow Process Corner)
  Requirement:            5.000ns  (sys_clk rise@5.000ns - sys_clk rise@0.000ns)
  Data Path Delay:        1.364ns  (logic 0.538ns (39.434%)  route 0.826ns (60.566%))
  Logic Levels:           1  (LUT3=1)
  Clock Path Skew:        0.000ns (DCD - SCD + CPR)
    Destination Clock Delay (DCD):    4.070ns = ( 9.070 - 5.000 ) 
    Source Clock Delay      (SCD):    4.315ns
    Clock Pessimism Removal (CPR):    0.245ns
  Clock Uncertainty:      0.035ns  ((TSJ^2 + TIJ^2)^1/2 + DJ) / 2 + PE
    Total System Jitter     (TSJ):    0.071ns
    Total Input Jitter      (TIJ):    0.000ns
    Discrete Jitter          (DJ):    0.000ns
    Phase Error              (PE):    0.000ns

    Location             Delay type                Incr(ns)  Path(ns)    Netlist Resource(s)
  -------------------------------------------------------------------    -------------------
                         (clock sys_clk rise edge)    0.000     0.000 r  
    R3                                                0.000     0.000 r  sysclk_p (IN)
                         net (fo=0)                   0.000     0.000    sysclk_p
    R3                   IBUFDS (Prop_ibufds_I_O)     0.890     0.890 r  ibufgds_inst/O
                         net (fo=1, routed)           1.792     2.682    clk_200mhz
    BUFGCTRL_X0Y0        BUFG (Prop_bufg_I_O)         0.082     2.764 r  clk_200mhz_BUFG_inst/O
                         net (fo=6, routed)           1.551     4.315    u_clk/clk_200mhz_BUFG
    SLICE_X162Y107       FDRE                                         r  u_clk/btn_sync_reg[1]/C
  -------------------------------------------------------------------    -------------------
    SLICE_X162Y107       FDRE (Prop_fdre_C_Q)         0.433     4.748 r  u_clk/btn_sync_reg[1]/Q
                         net (fo=2, routed)           0.826     5.574    u_clk/p_0_in_0[0]
    SLICE_X162Y107       LUT3 (Prop_lut3_I2_O)        0.105     5.679 r  u_clk/btn_stable_i_1/O
                         net (fo=1, routed)           0.000     5.679    u_clk/btn_stable_i_1_n_0
    SLICE_X162Y107       FDRE                                         r  u_clk/btn_stable_reg/D
  -------------------------------------------------------------------    -------------------

                         (clock sys_clk rise edge)    5.000     5.000 r  
    R3                                                0.000     5.000 r  sysclk_p (IN)
                         net (fo=0)                   0.000     5.000    sysclk_p
    R3                   IBUFDS (Prop_ibufds_I_O)     0.850     5.850 r  ibufgds_inst/O
                         net (fo=1, routed)           1.699     7.549    clk_200mhz
    BUFGCTRL_X0Y0        BUFG (Prop_bufg_I_O)         0.078     7.627 r  clk_200mhz_BUFG_inst/O
                         net (fo=6, routed)           1.443     9.070    u_clk/clk_200mhz_BUFG
    SLICE_X162Y107       FDRE                                         r  u_clk/btn_stable_reg/C
                         clock pessimism              0.245     9.315    
                         clock uncertainty           -0.035     9.280    
    SLICE_X162Y107       FDRE (Setup_fdre_C_D)        0.072     9.352    u_clk/btn_stable_reg
  -------------------------------------------------------------------
                         required time                          9.352    
                         arrival time                          -5.679    
  -------------------------------------------------------------------
                         slack                                  3.672    

Slack (MET) :             3.905ns  (required time - arrival time)
  Source:                 u_clk/btn_sync_reg[1]/C
                            (rising edge-triggered cell FDRE clocked by sys_clk  {rise@0.000ns fall@2.500ns period=5.000ns})
  Destination:            u_clk/btn_sync_reg[2]/D
                            (rising edge-triggered cell FDRE clocked by sys_clk  {rise@0.000ns fall@2.500ns period=5.000ns})
  Path Group:             sys_clk
  Path Type:              Setup (Max at Slow Process Corner)
  Requirement:            5.000ns  (sys_clk rise@5.000ns - sys_clk rise@0.000ns)
  Data Path Delay:        1.042ns  (logic 0.433ns (41.543%)  route 0.609ns (58.457%))
  Logic Levels:           0  
  Clock Path Skew:        0.000ns (DCD - SCD + CPR)
    Destination Clock Delay (DCD):    4.070ns = ( 9.070 - 5.000 ) 
    Source Clock Delay      (SCD):    4.315ns
    Clock Pessimism Removal (CPR):    0.245ns
  Clock Uncertainty:      0.035ns  ((TSJ^2 + TIJ^2)^1/2 + DJ) / 2 + PE
    Total System Jitter     (TSJ):    0.071ns
    Total Input Jitter      (TIJ):    0.000ns
    Discrete Jitter          (DJ):    0.000ns
    Phase Error              (PE):    0.000ns

    Location             Delay type                Incr(ns)  Path(ns)    Netlist Resource(s)
  -------------------------------------------------------------------    -------------------
                         (clock sys_clk rise edge)    0.000     0.000 r  
    R3                                                0.000     0.000 r  sysclk_p (IN)
                         net (fo=0)                   0.000     0.000    sysclk_p
    R3                   IBUFDS (Prop_ibufds_I_O)     0.890     0.890 r  ibufgds_inst/O
                         net (fo=1, routed)           1.792     2.682    clk_200mhz
    BUFGCTRL_X0Y0        BUFG (Prop_bufg_I_O)         0.082     2.764 r  clk_200mhz_BUFG_inst/O
                         net (fo=6, routed)           1.551     4.315    u_clk/clk_200mhz_BUFG
    SLICE_X162Y107       FDRE                                         r  u_clk/btn_sync_reg[1]/C
  -------------------------------------------------------------------    -------------------
    SLICE_X162Y107       FDRE (Prop_fdre_C_Q)         0.433     4.748 r  u_clk/btn_sync_reg[1]/Q
                         net (fo=2, routed)           0.609     5.357    u_clk/p_0_in_0[0]
    SLICE_X162Y107       FDRE                                         r  u_clk/btn_sync_reg[2]/D
  -------------------------------------------------------------------    -------------------

                         (clock sys_clk rise edge)    5.000     5.000 r  
    R3                                                0.000     5.000 r  sysclk_p (IN)
                         net (fo=0)                   0.000     5.000    sysclk_p
    R3                   IBUFDS (Prop_ibufds_I_O)     0.850     5.850 r  ibufgds_inst/O
                         net (fo=1, routed)           1.699     7.549    clk_200mhz
    BUFGCTRL_X0Y0        BUFG (Prop_bufg_I_O)         0.078     7.627 r  clk_200mhz_BUFG_inst/O
                         net (fo=6, routed)           1.443     9.070    u_clk/clk_200mhz_BUFG
    SLICE_X162Y107       FDRE                                         r  u_clk/btn_sync_reg[2]/C
                         clock pessimism              0.245     9.315    
                         clock uncertainty           -0.035     9.280    
    SLICE_X162Y107       FDRE (Setup_fdre_C_D)       -0.017     9.263    u_clk/btn_sync_reg[2]
  -------------------------------------------------------------------
                         required time                          9.263    
                         arrival time                          -5.357    
  -------------------------------------------------------------------
                         slack                                  3.905    

Slack (MET) :             3.976ns  (required time - arrival time)
  Source:                 u_clk/btn_prev_reg/C
                            (rising edge-triggered cell FDRE clocked by sys_clk  {rise@0.000ns fall@2.500ns period=5.000ns})
  Destination:            u_clk/cp_manual_reg/D
                            (rising edge-triggered cell FDRE clocked by sys_clk  {rise@0.000ns fall@2.500ns period=5.000ns})
  Path Group:             sys_clk
  Path Type:              Setup (Max at Slow Process Corner)
  Requirement:            5.000ns  (sys_clk rise@5.000ns - sys_clk rise@0.000ns)
  Data Path Delay:        1.094ns  (logic 0.548ns (50.071%)  route 0.546ns (49.929%))
  Logic Levels:           1  (LUT2=1)
  Clock Path Skew:        0.000ns (DCD - SCD + CPR)
    Destination Clock Delay (DCD):    4.070ns = ( 9.070 - 5.000 ) 
    Source Clock Delay      (SCD):    4.315ns
    Clock Pessimism Removal (CPR):    0.245ns
  Clock Uncertainty:      0.035ns  ((TSJ^2 + TIJ^2)^1/2 + DJ) / 2 + PE
    Total System Jitter     (TSJ):    0.071ns
    Total Input Jitter      (TIJ):    0.000ns
    Discrete Jitter          (DJ):    0.000ns
    Phase Error              (PE):    0.000ns

    Location             Delay type                Incr(ns)  Path(ns)    Netlist Resource(s)
  -------------------------------------------------------------------    -------------------
                         (clock sys_clk rise edge)    0.000     0.000 r  
    R3                                                0.000     0.000 r  sysclk_p (IN)
                         net (fo=0)                   0.000     0.000    sysclk_p
    R3                   IBUFDS (Prop_ibufds_I_O)     0.890     0.890 r  ibufgds_inst/O
                         net (fo=1, routed)           1.792     2.682    clk_200mhz
    BUFGCTRL_X0Y0        BUFG (Prop_bufg_I_O)         0.082     2.764 r  clk_200mhz_BUFG_inst/O
                         net (fo=6, routed)           1.551     4.315    u_clk/clk_200mhz_BUFG
    SLICE_X162Y107       FDRE                                         r  u_clk/btn_prev_reg/C
  -------------------------------------------------------------------    -------------------
    SLICE_X162Y107       FDRE (Prop_fdre_C_Q)         0.433     4.748 r  u_clk/btn_prev_reg/Q
                         net (fo=1, routed)           0.546     5.294    u_clk/btn_prev
    SLICE_X162Y107       LUT2 (Prop_lut2_I0_O)        0.115     5.409 r  u_clk/cp_manual_i_1/O
                         net (fo=1, routed)           0.000     5.409    u_clk/cp_manual_i_1_n_0
    SLICE_X162Y107       FDRE                                         r  u_clk/cp_manual_reg/D
  -------------------------------------------------------------------    -------------------

                         (clock sys_clk rise edge)    5.000     5.000 r  
    R3                                                0.000     5.000 r  sysclk_p (IN)
                         net (fo=0)                   0.000     5.000    sysclk_p
    R3                   IBUFDS (Prop_ibufds_I_O)     0.850     5.850 r  ibufgds_inst/O
                         net (fo=1, routed)           1.699     7.549    clk_200mhz
    BUFGCTRL_X0Y0        BUFG (Prop_bufg_I_O)         0.078     7.627 r  clk_200mhz_BUFG_inst/O
                         net (fo=6, routed)           1.443     9.070    u_clk/clk_200mhz_BUFG
    SLICE_X162Y107       FDRE                                         r  u_clk/cp_manual_reg/C
                         clock pessimism              0.245     9.315    
                         clock uncertainty           -0.035     9.280    
    SLICE_X162Y107       FDRE (Setup_fdre_C_D)        0.106     9.386    u_clk/cp_manual_reg
  -------------------------------------------------------------------
                         required time                          9.386    
                         arrival time                          -5.409    
  -------------------------------------------------------------------
                         slack                                  3.976    

Slack (MET) :             4.032ns  (required time - arrival time)
  Source:                 u_clk/btn_sync_reg[0]/C
                            (rising edge-triggered cell FDRE clocked by sys_clk  {rise@0.000ns fall@2.500ns period=5.000ns})
  Destination:            u_clk/btn_sync_reg[1]/D
                            (rising edge-triggered cell FDRE clocked by sys_clk  {rise@0.000ns fall@2.500ns period=5.000ns})
  Path Group:             sys_clk
  Path Type:              Setup (Max at Slow Process Corner)
  Requirement:            5.000ns  (sys_clk rise@5.000ns - sys_clk rise@0.000ns)
  Data Path Delay:        0.920ns  (logic 0.433ns (47.041%)  route 0.487ns (52.959%))
  Logic Levels:           0  
  Clock Path Skew:        0.000ns (DCD - SCD + CPR)
    Destination Clock Delay (DCD):    4.070ns = ( 9.070 - 5.000 ) 
    Source Clock Delay      (SCD):    4.315ns
    Clock Pessimism Removal (CPR):    0.245ns
  Clock Uncertainty:      0.035ns  ((TSJ^2 + TIJ^2)^1/2 + DJ) / 2 + PE
    Total System Jitter     (TSJ):    0.071ns
    Total Input Jitter      (TIJ):    0.000ns
    Discrete Jitter          (DJ):    0.000ns
    Phase Error              (PE):    0.000ns

    Location             Delay type                Incr(ns)  Path(ns)    Netlist Resource(s)
  -------------------------------------------------------------------    -------------------
                         (clock sys_clk rise edge)    0.000     0.000 r  
    R3                                                0.000     0.000 r  sysclk_p (IN)
                         net (fo=0)                   0.000     0.000    sysclk_p
    R3                   IBUFDS (Prop_ibufds_I_O)     0.890     0.890 r  ibufgds_inst/O
                         net (fo=1, routed)           1.792     2.682    clk_200mhz
    BUFGCTRL_X0Y0        BUFG (Prop_bufg_I_O)         0.082     2.764 r  clk_200mhz_BUFG_inst/O
                         net (fo=6, routed)           1.551     4.315    u_clk/clk_200mhz_BUFG
    SLICE_X162Y107       FDRE                                         r  u_clk/btn_sync_reg[0]/C
  -------------------------------------------------------------------    -------------------
    SLICE_X162Y107       FDRE (Prop_fdre_C_Q)         0.433     4.748 r  u_clk/btn_sync_reg[0]/Q
                         net (fo=1, routed)           0.487     5.235    u_clk/p_0_in[1]
    SLICE_X162Y107       FDRE                                         r  u_clk/btn_sync_reg[1]/D
  -------------------------------------------------------------------    -------------------

                         (clock sys_clk rise edge)    5.000     5.000 r  
    R3                                                0.000     5.000 r  sysclk_p (IN)
                         net (fo=0)                   0.000     5.000    sysclk_p
    R3                   IBUFDS (Prop_ibufds_I_O)     0.850     5.850 r  ibufgds_inst/O
                         net (fo=1, routed)           1.699     7.549    clk_200mhz
    BUFGCTRL_X0Y0        BUFG (Prop_bufg_I_O)         0.078     7.627 r  clk_200mhz_BUFG_inst/O
                         net (fo=6, routed)           1.443     9.070    u_clk/clk_200mhz_BUFG
    SLICE_X162Y107       FDRE                                         r  u_clk/btn_sync_reg[1]/C
                         clock pessimism              0.245     9.315    
                         clock uncertainty           -0.035     9.280    
    SLICE_X162Y107       FDRE (Setup_fdre_C_D)       -0.012     9.268    u_clk/btn_sync_reg[1]
  -------------------------------------------------------------------
                         required time                          9.268    
                         arrival time                          -5.235    
  -------------------------------------------------------------------
                         slack                                  4.032    

Slack (MET) :             4.066ns  (required time - arrival time)
  Source:                 u_clk/btn_stable_reg/C
                            (rising edge-triggered cell FDRE clocked by sys_clk  {rise@0.000ns fall@2.500ns period=5.000ns})
  Destination:            u_clk/btn_prev_reg/D
                            (rising edge-triggered cell FDRE clocked by sys_clk  {rise@0.000ns fall@2.500ns period=5.000ns})
  Path Group:             sys_clk
  Path Type:              Setup (Max at Slow Process Corner)
  Requirement:            5.000ns  (sys_clk rise@5.000ns - sys_clk rise@0.000ns)
  Data Path Delay:        0.860ns  (logic 0.433ns (50.355%)  route 0.427ns (49.645%))
  Logic Levels:           0  
  Clock Path Skew:        0.000ns (DCD - SCD + CPR)
    Destination Clock Delay (DCD):    4.070ns = ( 9.070 - 5.000 ) 
    Source Clock Delay      (SCD):    4.315ns
    Clock Pessimism Removal (CPR):    0.245ns
  Clock Uncertainty:      0.035ns  ((TSJ^2 + TIJ^2)^1/2 + DJ) / 2 + PE
    Total System Jitter     (TSJ):    0.071ns
    Total Input Jitter      (TIJ):    0.000ns
    Discrete Jitter          (DJ):    0.000ns
    Phase Error              (PE):    0.000ns

    Location             Delay type                Incr(ns)  Path(ns)    Netlist Resource(s)
  -------------------------------------------------------------------    -------------------
                         (clock sys_clk rise edge)    0.000     0.000 r  
    R3                                                0.000     0.000 r  sysclk_p (IN)
                         net (fo=0)                   0.000     0.000    sysclk_p
    R3                   IBUFDS (Prop_ibufds_I_O)     0.890     0.890 r  ibufgds_inst/O
                         net (fo=1, routed)           1.792     2.682    clk_200mhz
    BUFGCTRL_X0Y0        BUFG (Prop_bufg_I_O)         0.082     2.764 r  clk_200mhz_BUFG_inst/O
                         net (fo=6, routed)           1.551     4.315    u_clk/clk_200mhz_BUFG
    SLICE_X162Y107       FDRE                                         r  u_clk/btn_stable_reg/C
  -------------------------------------------------------------------    -------------------
    SLICE_X162Y107       FDRE (Prop_fdre_C_Q)         0.433     4.748 r  u_clk/btn_stable_reg/Q
                         net (fo=3, routed)           0.427     5.175    u_clk/btn_stable
    SLICE_X162Y107       FDRE                                         r  u_clk/btn_prev_reg/D
  -------------------------------------------------------------------    -------------------

                         (clock sys_clk rise edge)    5.000     5.000 r  
    R3                                                0.000     5.000 r  sysclk_p (IN)
                         net (fo=0)                   0.000     5.000    sysclk_p
    R3                   IBUFDS (Prop_ibufds_I_O)     0.850     5.850 r  ibufgds_inst/O
                         net (fo=1, routed)           1.699     7.549    clk_200mhz
    BUFGCTRL_X0Y0        BUFG (Prop_bufg_I_O)         0.078     7.627 r  clk_200mhz_BUFG_inst/O
                         net (fo=6, routed)           1.443     9.070    u_clk/clk_200mhz_BUFG
    SLICE_X162Y107       FDRE                                         r  u_clk/btn_prev_reg/C
                         clock pessimism              0.245     9.315    
                         clock uncertainty           -0.035     9.280    
    SLICE_X162Y107       FDRE (Setup_fdre_C_D)       -0.039     9.241    u_clk/btn_prev_reg
  -------------------------------------------------------------------
                         required time                          9.241    
                         arrival time                          -5.175    
  -------------------------------------------------------------------
                         slack                                  4.066    





Min Delay Paths
--------------------------------------------------------------------------------------
Slack (MET) :             0.247ns  (arrival time - required time)
  Source:                 u_clk/btn_stable_reg/C
                            (rising edge-triggered cell FDRE clocked by sys_clk  {rise@0.000ns fall@2.500ns period=5.000ns})
  Destination:            u_clk/btn_prev_reg/D
                            (rising edge-triggered cell FDRE clocked by sys_clk  {rise@0.000ns fall@2.500ns period=5.000ns})
  Path Group:             sys_clk
  Path Type:              Hold (Min at Fast Process Corner)
  Requirement:            0.000ns  (sys_clk rise@0.000ns - sys_clk rise@0.000ns)
  Data Path Delay:        0.337ns  (logic 0.164ns (48.680%)  route 0.173ns (51.320%))
  Logic Levels:           0  
  Clock Path Skew:        0.000ns (DCD - SCD - CPR)
    Destination Clock Delay (DCD):    2.104ns
    Source Clock Delay      (SCD):    1.736ns
    Clock Pessimism Removal (CPR):    0.369ns

    Location             Delay type                Incr(ns)  Path(ns)    Netlist Resource(s)
  -------------------------------------------------------------------    -------------------
                         (clock sys_clk rise edge)    0.000     0.000 r  
    R3                                                0.000     0.000 r  sysclk_p (IN)
                         net (fo=0)                   0.000     0.000    sysclk_p
    R3                   IBUFDS (Prop_ibufds_I_O)     0.386     0.386 r  ibufgds_inst/O
                         net (fo=1, routed)           0.676     1.062    clk_200mhz
    BUFGCTRL_X0Y0        BUFG (Prop_bufg_I_O)         0.027     1.089 r  clk_200mhz_BUFG_inst/O
                         net (fo=6, routed)           0.647     1.736    u_clk/clk_200mhz_BUFG
    SLICE_X162Y107       FDRE                                         r  u_clk/btn_stable_reg/C
  -------------------------------------------------------------------    -------------------
    SLICE_X162Y107       FDRE (Prop_fdre_C_Q)         0.164     1.900 r  u_clk/btn_stable_reg/Q
                         net (fo=3, routed)           0.173     2.073    u_clk/btn_stable
    SLICE_X162Y107       FDRE                                         r  u_clk/btn_prev_reg/D
  -------------------------------------------------------------------    -------------------

                         (clock sys_clk rise edge)    0.000     0.000 r  
    R3                                                0.000     0.000 r  sysclk_p (IN)
                         net (fo=0)                   0.000     0.000    sysclk_p
    R3                   IBUFDS (Prop_ibufds_I_O)     0.421     0.421 r  ibufgds_inst/O
                         net (fo=1, routed)           0.734     1.155    clk_200mhz
    BUFGCTRL_X0Y0        BUFG (Prop_bufg_I_O)         0.030     1.185 r  clk_200mhz_BUFG_inst/O
                         net (fo=6, routed)           0.920     2.104    u_clk/clk_200mhz_BUFG
    SLICE_X162Y107       FDRE                                         r  u_clk/btn_prev_reg/C
                         clock pessimism             -0.369     1.736    
    SLICE_X162Y107       FDRE (Hold_fdre_C_D)         0.090     1.826    u_clk/btn_prev_reg
  -------------------------------------------------------------------
                         required time                         -1.826    
                         arrival time                           2.073    
  -------------------------------------------------------------------
                         slack                                  0.247    

Slack (MET) :             0.249ns  (arrival time - required time)
  Source:                 u_clk/btn_stable_reg/C
                            (rising edge-triggered cell FDRE clocked by sys_clk  {rise@0.000ns fall@2.500ns period=5.000ns})
  Destination:            u_clk/cp_manual_reg/D
                            (rising edge-triggered cell FDRE clocked by sys_clk  {rise@0.000ns fall@2.500ns period=5.000ns})
  Path Group:             sys_clk
  Path Type:              Hold (Min at Fast Process Corner)
  Requirement:            0.000ns  (sys_clk rise@0.000ns - sys_clk rise@0.000ns)
  Data Path Delay:        0.380ns  (logic 0.207ns (54.489%)  route 0.173ns (45.511%))
  Logic Levels:           1  (LUT2=1)
  Clock Path Skew:        0.000ns (DCD - SCD - CPR)
    Destination Clock Delay (DCD):    2.104ns
    Source Clock Delay      (SCD):    1.736ns
    Clock Pessimism Removal (CPR):    0.369ns

    Location             Delay type                Incr(ns)  Path(ns)    Netlist Resource(s)
  -------------------------------------------------------------------    -------------------
                         (clock sys_clk rise edge)    0.000     0.000 r  
    R3                                                0.000     0.000 r  sysclk_p (IN)
                         net (fo=0)                   0.000     0.000    sysclk_p
    R3                   IBUFDS (Prop_ibufds_I_O)     0.386     0.386 r  ibufgds_inst/O
                         net (fo=1, routed)           0.676     1.062    clk_200mhz
    BUFGCTRL_X0Y0        BUFG (Prop_bufg_I_O)         0.027     1.089 r  clk_200mhz_BUFG_inst/O
                         net (fo=6, routed)           0.647     1.736    u_clk/clk_200mhz_BUFG
    SLICE_X162Y107       FDRE                                         r  u_clk/btn_stable_reg/C
  -------------------------------------------------------------------    -------------------
    SLICE_X162Y107       FDRE (Prop_fdre_C_Q)         0.164     1.900 f  u_clk/btn_stable_reg/Q
                         net (fo=3, routed)           0.173     2.073    u_clk/btn_stable
    SLICE_X162Y107       LUT2 (Prop_lut2_I1_O)        0.043     2.116 r  u_clk/cp_manual_i_1/O
                         net (fo=1, routed)           0.000     2.116    u_clk/cp_manual_i_1_n_0
    SLICE_X162Y107       FDRE                                         r  u_clk/cp_manual_reg/D
  -------------------------------------------------------------------    -------------------

                         (clock sys_clk rise edge)    0.000     0.000 r  
    R3                                                0.000     0.000 r  sysclk_p (IN)
                         net (fo=0)                   0.000     0.000    sysclk_p
    R3                   IBUFDS (Prop_ibufds_I_O)     0.421     0.421 r  ibufgds_inst/O
                         net (fo=1, routed)           0.734     1.155    clk_200mhz
    BUFGCTRL_X0Y0        BUFG (Prop_bufg_I_O)         0.030     1.185 r  clk_200mhz_BUFG_inst/O
                         net (fo=6, routed)           0.920     2.104    u_clk/clk_200mhz_BUFG
    SLICE_X162Y107       FDRE                                         r  u_clk/cp_manual_reg/C
                         clock pessimism             -0.369     1.736    
    SLICE_X162Y107       FDRE (Hold_fdre_C_D)         0.131     1.867    u_clk/cp_manual_reg
  -------------------------------------------------------------------
                         required time                         -1.867    
                         arrival time                           2.116    
  -------------------------------------------------------------------
                         slack                                  0.249    

Slack (MET) :             0.262ns  (arrival time - required time)
  Source:                 u_clk/btn_stable_reg/C
                            (rising edge-triggered cell FDRE clocked by sys_clk  {rise@0.000ns fall@2.500ns period=5.000ns})
  Destination:            u_clk/btn_stable_reg/D
                            (rising edge-triggered cell FDRE clocked by sys_clk  {rise@0.000ns fall@2.500ns period=5.000ns})
  Path Group:             sys_clk
  Path Type:              Hold (Min at Fast Process Corner)
  Requirement:            0.000ns  (sys_clk rise@0.000ns - sys_clk rise@0.000ns)
  Data Path Delay:        0.382ns  (logic 0.209ns (54.727%)  route 0.173ns (45.273%))
  Logic Levels:           1  (LUT3=1)
  Clock Path Skew:        0.000ns (DCD - SCD - CPR)
    Destination Clock Delay (DCD):    2.104ns
    Source Clock Delay      (SCD):    1.736ns
    Clock Pessimism Removal (CPR):    0.369ns

    Location             Delay type                Incr(ns)  Path(ns)    Netlist Resource(s)
  -------------------------------------------------------------------    -------------------
                         (clock sys_clk rise edge)    0.000     0.000 r  
    R3                                                0.000     0.000 r  sysclk_p (IN)
                         net (fo=0)                   0.000     0.000    sysclk_p
    R3                   IBUFDS (Prop_ibufds_I_O)     0.386     0.386 r  ibufgds_inst/O
                         net (fo=1, routed)           0.676     1.062    clk_200mhz
    BUFGCTRL_X0Y0        BUFG (Prop_bufg_I_O)         0.027     1.089 r  clk_200mhz_BUFG_inst/O
                         net (fo=6, routed)           0.647     1.736    u_clk/clk_200mhz_BUFG
    SLICE_X162Y107       FDRE                                         r  u_clk/btn_stable_reg/C
  -------------------------------------------------------------------    -------------------
    SLICE_X162Y107       FDRE (Prop_fdre_C_Q)         0.164     1.900 r  u_clk/btn_stable_reg/Q
                         net (fo=3, routed)           0.173     2.073    u_clk/btn_stable
    SLICE_X162Y107       LUT3 (Prop_lut3_I0_O)        0.045     2.118 r  u_clk/btn_stable_i_1/O
                         net (fo=1, routed)           0.000     2.118    u_clk/btn_stable_i_1_n_0
    SLICE_X162Y107       FDRE                                         r  u_clk/btn_stable_reg/D
  -------------------------------------------------------------------    -------------------

                         (clock sys_clk rise edge)    0.000     0.000 r  
    R3                                                0.000     0.000 r  sysclk_p (IN)
                         net (fo=0)                   0.000     0.000    sysclk_p
    R3                   IBUFDS (Prop_ibufds_I_O)     0.421     0.421 r  ibufgds_inst/O
                         net (fo=1, routed)           0.734     1.155    clk_200mhz
    BUFGCTRL_X0Y0        BUFG (Prop_bufg_I_O)         0.030     1.185 r  clk_200mhz_BUFG_inst/O
                         net (fo=6, routed)           0.920     2.104    u_clk/clk_200mhz_BUFG
    SLICE_X162Y107       FDRE                                         r  u_clk/btn_stable_reg/C
                         clock pessimism             -0.369     1.736    
    SLICE_X162Y107       FDRE (Hold_fdre_C_D)         0.120     1.856    u_clk/btn_stable_reg
  -------------------------------------------------------------------
                         required time                         -1.856    
                         arrival time                           2.118    
  -------------------------------------------------------------------
                         slack                                  0.262    

Slack (MET) :             0.298ns  (arrival time - required time)
  Source:                 u_clk/btn_sync_reg[0]/C
                            (rising edge-triggered cell FDRE clocked by sys_clk  {rise@0.000ns fall@2.500ns period=5.000ns})
  Destination:            u_clk/btn_sync_reg[1]/D
                            (rising edge-triggered cell FDRE clocked by sys_clk  {rise@0.000ns fall@2.500ns period=5.000ns})
  Path Group:             sys_clk
  Path Type:              Hold (Min at Fast Process Corner)
  Requirement:            0.000ns  (sys_clk rise@0.000ns - sys_clk rise@0.000ns)
  Data Path Delay:        0.361ns  (logic 0.164ns (45.371%)  route 0.197ns (54.629%))
  Logic Levels:           0  
  Clock Path Skew:        0.000ns (DCD - SCD - CPR)
    Destination Clock Delay (DCD):    2.104ns
    Source Clock Delay      (SCD):    1.736ns
    Clock Pessimism Removal (CPR):    0.369ns

    Location             Delay type                Incr(ns)  Path(ns)    Netlist Resource(s)
  -------------------------------------------------------------------    -------------------
                         (clock sys_clk rise edge)    0.000     0.000 r  
    R3                                                0.000     0.000 r  sysclk_p (IN)
                         net (fo=0)                   0.000     0.000    sysclk_p
    R3                   IBUFDS (Prop_ibufds_I_O)     0.386     0.386 r  ibufgds_inst/O
                         net (fo=1, routed)           0.676     1.062    clk_200mhz
    BUFGCTRL_X0Y0        BUFG (Prop_bufg_I_O)         0.027     1.089 r  clk_200mhz_BUFG_inst/O
                         net (fo=6, routed)           0.647     1.736    u_clk/clk_200mhz_BUFG
    SLICE_X162Y107       FDRE                                         r  u_clk/btn_sync_reg[0]/C
  -------------------------------------------------------------------    -------------------
    SLICE_X162Y107       FDRE (Prop_fdre_C_Q)         0.164     1.900 r  u_clk/btn_sync_reg[0]/Q
                         net (fo=1, routed)           0.197     2.097    u_clk/p_0_in[1]
    SLICE_X162Y107       FDRE                                         r  u_clk/btn_sync_reg[1]/D
  -------------------------------------------------------------------    -------------------

                         (clock sys_clk rise edge)    0.000     0.000 r  
    R3                                                0.000     0.000 r  sysclk_p (IN)
                         net (fo=0)                   0.000     0.000    sysclk_p
    R3                   IBUFDS (Prop_ibufds_I_O)     0.421     0.421 r  ibufgds_inst/O
                         net (fo=1, routed)           0.734     1.155    clk_200mhz
    BUFGCTRL_X0Y0        BUFG (Prop_bufg_I_O)         0.030     1.185 r  clk_200mhz_BUFG_inst/O
                         net (fo=6, routed)           0.920     2.104    u_clk/clk_200mhz_BUFG
    SLICE_X162Y107       FDRE                                         r  u_clk/btn_sync_reg[1]/C
                         clock pessimism             -0.369     1.736    
    SLICE_X162Y107       FDRE (Hold_fdre_C_D)         0.063     1.799    u_clk/btn_sync_reg[1]
  -------------------------------------------------------------------
                         required time                         -1.799    
                         arrival time                           2.097    
  -------------------------------------------------------------------
                         slack                                  0.298    

Slack (MET) :             0.371ns  (arrival time - required time)
  Source:                 u_clk/btn_sync_reg[1]/C
                            (rising edge-triggered cell FDRE clocked by sys_clk  {rise@0.000ns fall@2.500ns period=5.000ns})
  Destination:            u_clk/btn_sync_reg[2]/D
                            (rising edge-triggered cell FDRE clocked by sys_clk  {rise@0.000ns fall@2.500ns period=5.000ns})
  Path Group:             sys_clk
  Path Type:              Hold (Min at Fast Process Corner)
  Requirement:            0.000ns  (sys_clk rise@0.000ns - sys_clk rise@0.000ns)
  Data Path Delay:        0.424ns  (logic 0.164ns (38.652%)  route 0.260ns (61.348%))
  Logic Levels:           0  
  Clock Path Skew:        0.000ns (DCD - SCD - CPR)
    Destination Clock Delay (DCD):    2.104ns
    Source Clock Delay      (SCD):    1.736ns
    Clock Pessimism Removal (CPR):    0.369ns

    Location             Delay type                Incr(ns)  Path(ns)    Netlist Resource(s)
  -------------------------------------------------------------------    -------------------
                         (clock sys_clk rise edge)    0.000     0.000 r  
    R3                                                0.000     0.000 r  sysclk_p (IN)
                         net (fo=0)                   0.000     0.000    sysclk_p
    R3                   IBUFDS (Prop_ibufds_I_O)     0.386     0.386 r  ibufgds_inst/O
                         net (fo=1, routed)           0.676     1.062    clk_200mhz
    BUFGCTRL_X0Y0        BUFG (Prop_bufg_I_O)         0.027     1.089 r  clk_200mhz_BUFG_inst/O
                         net (fo=6, routed)           0.647     1.736    u_clk/clk_200mhz_BUFG
    SLICE_X162Y107       FDRE                                         r  u_clk/btn_sync_reg[1]/C
  -------------------------------------------------------------------    -------------------
    SLICE_X162Y107       FDRE (Prop_fdre_C_Q)         0.164     1.900 r  u_clk/btn_sync_reg[1]/Q
                         net (fo=2, routed)           0.260     2.160    u_clk/p_0_in_0[0]
    SLICE_X162Y107       FDRE                                         r  u_clk/btn_sync_reg[2]/D
  -------------------------------------------------------------------    -------------------

                         (clock sys_clk rise edge)    0.000     0.000 r  
    R3                                                0.000     0.000 r  sysclk_p (IN)
                         net (fo=0)                   0.000     0.000    sysclk_p
    R3                   IBUFDS (Prop_ibufds_I_O)     0.421     0.421 r  ibufgds_inst/O
                         net (fo=1, routed)           0.734     1.155    clk_200mhz
    BUFGCTRL_X0Y0        BUFG (Prop_bufg_I_O)         0.030     1.185 r  clk_200mhz_BUFG_inst/O
                         net (fo=6, routed)           0.920     2.104    u_clk/clk_200mhz_BUFG
    SLICE_X162Y107       FDRE                                         r  u_clk/btn_sync_reg[2]/C
                         clock pessimism             -0.369     1.736    
    SLICE_X162Y107       FDRE (Hold_fdre_C_D)         0.053     1.789    u_clk/btn_sync_reg[2]
  -------------------------------------------------------------------
                         required time                         -1.789    
                         arrival time                           2.160    
  -------------------------------------------------------------------
                         slack                                  0.371    





Pulse Width Checks
--------------------------------------------------------------------------------------
Clock Name:         sys_clk
Waveform(ns):       { 0.000 2.500 }
Period(ns):         5.000
Sources:            { sysclk_p }

Check Type        Corner  Lib Pin  Reference Pin  Required(ns)  Actual(ns)  Slack(ns)  Location        Pin
Min Period        n/a     BUFG/I   n/a            1.592         5.000       3.408      BUFGCTRL_X0Y0   clk_200mhz_BUFG_inst/I
Min Period        n/a     FDRE/C   n/a            1.000         5.000       4.000      SLICE_X162Y107  u_clk/btn_prev_reg/C
Min Period        n/a     FDRE/C   n/a            1.000         5.000       4.000      SLICE_X162Y107  u_clk/btn_stable_reg/C
Min Period        n/a     FDRE/C   n/a            1.000         5.000       4.000      SLICE_X162Y107  u_clk/btn_sync_reg[0]/C
Min Period        n/a     FDRE/C   n/a            1.000         5.000       4.000      SLICE_X162Y107  u_clk/btn_sync_reg[1]/C
Min Period        n/a     FDRE/C   n/a            1.000         5.000       4.000      SLICE_X162Y107  u_clk/btn_sync_reg[2]/C
Min Period        n/a     FDRE/C   n/a            1.000         5.000       4.000      SLICE_X162Y107  u_clk/cp_manual_reg/C
Low Pulse Width   Fast    FDRE/C   n/a            0.500         2.500       2.000      SLICE_X162Y107  u_clk/btn_prev_reg/C
Low Pulse Width   Fast    FDRE/C   n/a            0.500         2.500       2.000      SLICE_X162Y107  u_clk/btn_stable_reg/C
Low Pulse Width   Fast    FDRE/C   n/a            0.500         2.500       2.000      SLICE_X162Y107  u_clk/btn_sync_reg[0]/C
Low Pulse Width   Fast    FDRE/C   n/a            0.500         2.500       2.000      SLICE_X162Y107  u_clk/btn_sync_reg[1]/C
Low Pulse Width   Fast    FDRE/C   n/a            0.500         2.500       2.000      SLICE_X162Y107  u_clk/btn_sync_reg[2]/C
Low Pulse Width   Fast    FDRE/C   n/a            0.500         2.500       2.000      SLICE_X162Y107  u_clk/cp_manual_reg/C
Low Pulse Width   Slow    FDRE/C   n/a            0.500         2.500       2.000      SLICE_X162Y107  u_clk/btn_prev_reg/C
Low Pulse Width   Slow    FDRE/C   n/a            0.500         2.500       2.000      SLICE_X162Y107  u_clk/btn_stable_reg/C
Low Pulse Width   Slow    FDRE/C   n/a            0.500         2.500       2.000      SLICE_X162Y107  u_clk/btn_sync_reg[0]/C
Low Pulse Width   Slow    FDRE/C   n/a            0.500         2.500       2.000      SLICE_X162Y107  u_clk/btn_sync_reg[1]/C
High Pulse Width  Fast    FDRE/C   n/a            0.500         2.500       2.000      SLICE_X162Y107  u_clk/btn_prev_reg/C
High Pulse Width  Fast    FDRE/C   n/a            0.500         2.500       2.000      SLICE_X162Y107  u_clk/btn_stable_reg/C
High Pulse Width  Fast    FDRE/C   n/a            0.500         2.500       2.000      SLICE_X162Y107  u_clk/btn_sync_reg[0]/C
High Pulse Width  Fast    FDRE/C   n/a            0.500         2.500       2.000      SLICE_X162Y107  u_clk/btn_sync_reg[1]/C
High Pulse Width  Fast    FDRE/C   n/a            0.500         2.500       2.000      SLICE_X162Y107  u_clk/btn_sync_reg[2]/C
High Pulse Width  Fast    FDRE/C   n/a            0.500         2.500       2.000      SLICE_X162Y107  u_clk/cp_manual_reg/C
High Pulse Width  Slow    FDRE/C   n/a            0.500         2.500       2.000      SLICE_X162Y107  u_clk/btn_prev_reg/C
High Pulse Width  Slow    FDRE/C   n/a            0.500         2.500       2.000      SLICE_X162Y107  u_clk/btn_stable_reg/C
High Pulse Width  Slow    FDRE/C   n/a            0.500         2.500       2.000      SLICE_X162Y107  u_clk/btn_sync_reg[0]/C
High Pulse Width  Slow    FDRE/C   n/a            0.500         2.500       2.000      SLICE_X162Y107  u_clk/btn_sync_reg[1]/C



