
*** Running vivado
    with args -log my_top.vdi -applog -m64 -product Vivado -messageDb vivado.pb -mode batch -source my_top.tcl -notrace


****** Vivado v2018.2 (64-bit)
  **** SW Build 2258646 on Thu Jun 14 20:03:12 MDT 2018
  **** IP Build 2256618 on Thu Jun 14 22:10:49 MDT 2018
    ** Copyright 1986-2018 Xilinx, Inc. All Rights Reserved.

source my_top.tcl -notrace
Command: link_design -top my_top -part xc7a200tfbg676-2
Design is defaulting to srcset: sources_1
Design is defaulting to constrset: constrs_1
INFO: [Netlist 29-17] Analyzing 10 Unisim elements for replacement
INFO: [Netlist 29-28] Unisim Transformation completed in 0 CPU seconds
INFO: [Project 1-479] Netlist was created with Vivado 2018.2
INFO: [Device 21-403] Loading part xc7a200tfbg676-2
INFO: [Project 1-570] Preparing netlist for logic optimization
Parsing XDC File [C:/Users/dw800/Desktop/lab4/top.xdc]
Finished Parsing XDC File [C:/Users/dw800/Desktop/lab4/top.xdc]
INFO: [Opt 31-138] Pushed 0 inverter(s) to 0 load pin(s).
INFO: [Project 1-111] Unisim Transformation Summary:
No Unisim elements were transformed.

7 Infos, 0 Warnings, 0 Critical Warnings and 0 Errors encountered.
link_design completed successfully
link_design: Time (s): cpu = 00:00:10 ; elapsed = 00:00:13 . Memory (MB): peak = 676.445 ; gain = 371.332
Command: opt_design
Attempting to get a license for feature 'Implementation' and/or device 'xc7a200t'
INFO: [Common 17-349] Got license for feature 'Implementation' and/or device 'xc7a200t'
Running DRC as a precondition to command opt_design

Starting DRC Task
INFO: [DRC 23-27] Running DRC with 2 threads
INFO: [Project 1-461] DRC finished with 0 Errors
INFO: [Project 1-462] Please refer to the DRC report (report_drc) for more information.

Time (s): cpu = 00:00:02 ; elapsed = 00:00:01 . Memory (MB): peak = 690.094 ; gain = 13.648

Starting Cache Timing Information Task
INFO: [Timing 38-35] Done setting XDC timing constraints.
Ending Cache Timing Information Task | Checksum: a4b35abb

Time (s): cpu = 00:00:17 ; elapsed = 00:00:20 . Memory (MB): peak = 1263.859 ; gain = 573.766

Starting Logic Optimization Task

Phase 1 Retarget
INFO: [Opt 31-138] Pushed 0 inverter(s) to 0 load pin(s).
INFO: [Opt 31-49] Retargeted 0 cell(s).
Phase 1 Retarget | Checksum: a4b35abb

Time (s): cpu = 00:00:00 ; elapsed = 00:00:00.017 . Memory (MB): peak = 1263.859 ; gain = 0.000
INFO: [Opt 31-389] Phase Retarget created 0 cells and removed 0 cells

Phase 2 Constant propagation
INFO: [Opt 31-138] Pushed 0 inverter(s) to 0 load pin(s).
Phase 2 Constant propagation | Checksum: a4b35abb

Time (s): cpu = 00:00:00 ; elapsed = 00:00:00.019 . Memory (MB): peak = 1263.859 ; gain = 0.000
INFO: [Opt 31-389] Phase Constant propagation created 0 cells and removed 0 cells

Phase 3 Sweep
Phase 3 Sweep | Checksum: b8c80689

Time (s): cpu = 00:00:00 ; elapsed = 00:00:00.023 . Memory (MB): peak = 1263.859 ; gain = 0.000
INFO: [Opt 31-389] Phase Sweep created 3 cells and removed 0 cells

Phase 4 BUFG optimization
Phase 4 BUFG optimization | Checksum: b8c80689

Time (s): cpu = 00:00:00 ; elapsed = 00:00:00.026 . Memory (MB): peak = 1263.859 ; gain = 0.000
INFO: [Opt 31-662] Phase BUFG optimization created 0 cells of which 0 are BUFGs and removed 0 cells.

Phase 5 Shift Register Optimization
Phase 5 Shift Register Optimization | Checksum: 1504236b5

Time (s): cpu = 00:00:00 ; elapsed = 00:00:00.032 . Memory (MB): peak = 1263.859 ; gain = 0.000
INFO: [Opt 31-389] Phase Shift Register Optimization created 0 cells and removed 0 cells

Phase 6 Post Processing Netlist
Phase 6 Post Processing Netlist | Checksum: 112861287

Time (s): cpu = 00:00:00 ; elapsed = 00:00:00.034 . Memory (MB): peak = 1263.859 ; gain = 0.000
INFO: [Opt 31-389] Phase Post Processing Netlist created 0 cells and removed 0 cells

Starting Connectivity Check Task

Time (s): cpu = 00:00:00 ; elapsed = 00:00:00.001 . Memory (MB): peak = 1263.859 ; gain = 0.000
Ending Logic Optimization Task | Checksum: 112861287

Time (s): cpu = 00:00:00 ; elapsed = 00:00:00.036 . Memory (MB): peak = 1263.859 ; gain = 0.000

Starting Power Optimization Task
INFO: [Pwropt 34-132] Skipping clock gating for clocks with a period < 2.00 ns.
Ending Power Optimization Task | Checksum: 112861287

Time (s): cpu = 00:00:00 ; elapsed = 00:00:00.011 . Memory (MB): peak = 1263.859 ; gain = 0.000

Starting Final Cleanup Task
Ending Final Cleanup Task | Checksum: 112861287

Time (s): cpu = 00:00:00 ; elapsed = 00:00:00 . Memory (MB): peak = 1263.859 ; gain = 0.000
INFO: [Common 17-83] Releasing license: Implementation
23 Infos, 0 Warnings, 0 Critical Warnings and 0 Errors encountered.
opt_design completed successfully
opt_design: Time (s): cpu = 00:00:19 ; elapsed = 00:00:21 . Memory (MB): peak = 1263.859 ; gain = 587.414
INFO: [Timing 38-480] Writing timing data to binary archive.
Writing placer database...
Writing XDEF routing.
Writing XDEF routing logical nets.
Writing XDEF routing special nets.
Write XDEF Complete: Time (s): cpu = 00:00:00 ; elapsed = 00:00:00.052 . Memory (MB): peak = 1263.859 ; gain = 0.000
INFO: [Common 17-1381] The checkpoint 'C:/Users/dw800/Desktop/lab4/lab4.runs/impl_1/my_top_opt.dcp' has been generated.
INFO: [runtcl-4] Executing : report_drc -file my_top_drc_opted.rpt -pb my_top_drc_opted.pb -rpx my_top_drc_opted.rpx
Command: report_drc -file my_top_drc_opted.rpt -pb my_top_drc_opted.pb -rpx my_top_drc_opted.rpx
INFO: [IP_Flow 19-234] Refreshing IP repositories
INFO: [IP_Flow 19-1704] No user IP repositories specified
INFO: [IP_Flow 19-2313] Loaded Vivado IP repository 'C:/Programs/Xilinx/Vivado/2018.2/data/ip'.
INFO: [DRC 23-27] Running DRC with 2 threads
INFO: [Coretcl 2-168] The results of DRC are in file C:/Users/dw800/Desktop/lab4/lab4.runs/impl_1/my_top_drc_opted.rpt.
report_drc completed successfully
Command: place_design
Attempting to get a license for feature 'Implementation' and/or device 'xc7a200t'
INFO: [Common 17-349] Got license for feature 'Implementation' and/or device 'xc7a200t'
INFO: [DRC 23-27] Running DRC with 2 threads
INFO: [Vivado_Tcl 4-198] DRC finished with 0 Errors
INFO: [Vivado_Tcl 4-199] Please refer to the DRC report (report_drc) for more information.
Running DRC as a precondition to command place_design
INFO: [DRC 23-27] Running DRC with 2 threads
INFO: [Vivado_Tcl 4-198] DRC finished with 0 Errors
INFO: [Vivado_Tcl 4-199] Please refer to the DRC report (report_drc) for more information.

Starting Placer Task
INFO: [Place 30-611] Multithreading enabled for place_design using a maximum of 2 CPUs

Phase 1 Placer Initialization

Phase 1.1 Placer Initialization Netlist Sorting
Netlist sorting complete. Time (s): cpu = 00:00:00 ; elapsed = 00:00:00.001 . Memory (MB): peak = 1263.859 ; gain = 0.000
Phase 1.1 Placer Initialization Netlist Sorting | Checksum: 71df9ab4

Time (s): cpu = 00:00:00 ; elapsed = 00:00:00.006 . Memory (MB): peak = 1263.859 ; gain = 0.000
Netlist sorting complete. Time (s): cpu = 00:00:00 ; elapsed = 00:00:00 . Memory (MB): peak = 1263.859 ; gain = 0.000

Phase 1.2 IO Placement/ Clock Placement/ Build Placer Device
INFO: [Timing 38-35] Done setting XDC timing constraints.
WARNING: [Place 30-568] A LUT 'u_clk/q_temp_i_2' is driving clock pin of 7 registers. This could lead to large hold time violations. First few involved registers are:
	u_reg/JK3/q_temp_reg {FDCE}
	u_reg/JK0/q_temp_reg {FDCE}
	u_reg/JK2/q_temp_reg {FDCE}
	u_reg/JK1/q_temp_reg {FDCE}
	u_reg/JK1/q_temp_reg_lopt_replica {FDCE}
Phase 1.2 IO Placement/ Clock Placement/ Build Placer Device | Checksum: ea2396af

Time (s): cpu = 00:00:04 ; elapsed = 00:00:02 . Memory (MB): peak = 1284.812 ; gain = 20.953

Phase 1.3 Build Placer Netlist Model
Phase 1.3 Build Placer Netlist Model | Checksum: 14531b867

Time (s): cpu = 00:00:04 ; elapsed = 00:00:03 . Memory (MB): peak = 1285.180 ; gain = 21.320

Phase 1.4 Constrain Clocks/Macros
Phase 1.4 Constrain Clocks/Macros | Checksum: 14531b867

Time (s): cpu = 00:00:04 ; elapsed = 00:00:03 . Memory (MB): peak = 1285.180 ; gain = 21.320
Phase 1 Placer Initialization | Checksum: 14531b867

Time (s): cpu = 00:00:04 ; elapsed = 00:00:03 . Memory (MB): peak = 1285.180 ; gain = 21.320

Phase 2 Global Placement

Phase 2.1 Floorplanning
Phase 2.1 Floorplanning | Checksum: ef18cdc4

Time (s): cpu = 00:00:05 ; elapsed = 00:00:03 . Memory (MB): peak = 1285.180 ; gain = 21.320

Phase 2.2 Physical Synthesis In Placer
INFO: [Physopt 32-65] No nets found for high-fanout optimization.
INFO: [Physopt 32-232] Optimized 0 net. Created 0 new instance.
INFO: [Physopt 32-775] End 1 Pass. Optimized 0 net or cell. Created 0 new cell, deleted 0 existing cell and moved 0 existing cell
Netlist sorting complete. Time (s): cpu = 00:00:00 ; elapsed = 00:00:00 . Memory (MB): peak = 1285.180 ; gain = 0.000

Summary of Physical Synthesis Optimizations
============================================


-----------------------------------------------------------------------------------------------------------------------------
|  Optimization       |  Added Cells  |  Removed Cells  |  Optimized Cells/Nets  |  Dont Touch  |  Iterations  |  Elapsed   |
-----------------------------------------------------------------------------------------------------------------------------
|  Very High Fanout   |            0  |              0  |                     0  |           0  |           1  |  00:00:00  |
|  Total              |            0  |              0  |                     0  |           0  |           1  |  00:00:00  |
-----------------------------------------------------------------------------------------------------------------------------


Phase 2.2 Physical Synthesis In Placer | Checksum: 1e35b9b4b

Time (s): cpu = 00:00:06 ; elapsed = 00:00:04 . Memory (MB): peak = 1285.180 ; gain = 21.320
Phase 2 Global Placement | Checksum: 1e22c099c

Time (s): cpu = 00:00:06 ; elapsed = 00:00:04 . Memory (MB): peak = 1285.180 ; gain = 21.320

Phase 3 Detail Placement

Phase 3.1 Commit Multi Column Macros
Phase 3.1 Commit Multi Column Macros | Checksum: 1e22c099c

Time (s): cpu = 00:00:06 ; elapsed = 00:00:04 . Memory (MB): peak = 1285.180 ; gain = 21.320

Phase 3.2 Commit Most Macros & LUTRAMs
Phase 3.2 Commit Most Macros & LUTRAMs | Checksum: 1cf0ab2f4

Time (s): cpu = 00:00:07 ; elapsed = 00:00:05 . Memory (MB): peak = 1285.180 ; gain = 21.320

Phase 3.3 Area Swap Optimization
Phase 3.3 Area Swap Optimization | Checksum: 1cdb32d07

Time (s): cpu = 00:00:07 ; elapsed = 00:00:05 . Memory (MB): peak = 1285.180 ; gain = 21.320

Phase 3.4 Pipeline Register Optimization
Phase 3.4 Pipeline Register Optimization | Checksum: 1cdb32d07

Time (s): cpu = 00:00:07 ; elapsed = 00:00:05 . Memory (MB): peak = 1285.180 ; gain = 21.320

Phase 3.5 Small Shape Detail Placement
Phase 3.5 Small Shape Detail Placement | Checksum: 14c20fd5a

Time (s): cpu = 00:00:07 ; elapsed = 00:00:05 . Memory (MB): peak = 1285.180 ; gain = 21.320

Phase 3.6 Re-assign LUT pins
Phase 3.6 Re-assign LUT pins | Checksum: 14c20fd5a

Time (s): cpu = 00:00:07 ; elapsed = 00:00:05 . Memory (MB): peak = 1285.180 ; gain = 21.320

Phase 3.7 Pipeline Register Optimization
Phase 3.7 Pipeline Register Optimization | Checksum: 14c20fd5a

Time (s): cpu = 00:00:07 ; elapsed = 00:00:05 . Memory (MB): peak = 1285.180 ; gain = 21.320
Phase 3 Detail Placement | Checksum: 14c20fd5a

Time (s): cpu = 00:00:07 ; elapsed = 00:00:05 . Memory (MB): peak = 1285.180 ; gain = 21.320

Phase 4 Post Placement Optimization and Clean-Up

Phase 4.1 Post Commit Optimization
INFO: [Timing 38-35] Done setting XDC timing constraints.

Phase 4.1.1 Post Placement Optimization
Post Placement Optimization Initialization | Checksum: 13f86b67b

Phase 4.1.1.1 BUFG Insertion
INFO: [Place 46-31] BUFG insertion identified 0 candidate nets, 0 success, 0 skipped for placement/routing, 0 skipped for timing, 0 skipped for netlist change reason.
Phase 4.1.1.1 BUFG Insertion | Checksum: 13f86b67b

Time (s): cpu = 00:00:08 ; elapsed = 00:00:05 . Memory (MB): peak = 1327.203 ; gain = 63.344
INFO: [Place 30-746] Post Placement Timing Summary WNS=3.868. For the most accurate timing information please run report_timing.
Phase 4.1.1 Post Placement Optimization | Checksum: 19cca7879

Time (s): cpu = 00:00:08 ; elapsed = 00:00:05 . Memory (MB): peak = 1327.203 ; gain = 63.344
Phase 4.1 Post Commit Optimization | Checksum: 19cca7879

Time (s): cpu = 00:00:08 ; elapsed = 00:00:05 . Memory (MB): peak = 1327.203 ; gain = 63.344

Phase 4.2 Post Placement Cleanup
Phase 4.2 Post Placement Cleanup | Checksum: 19cca7879

Time (s): cpu = 00:00:08 ; elapsed = 00:00:05 . Memory (MB): peak = 1327.203 ; gain = 63.344

Phase 4.3 Placer Reporting
Phase 4.3 Placer Reporting | Checksum: 19cca7879

Time (s): cpu = 00:00:08 ; elapsed = 00:00:05 . Memory (MB): peak = 1327.203 ; gain = 63.344

Phase 4.4 Final Placement Cleanup
Phase 4.4 Final Placement Cleanup | Checksum: 1963cfed9

Time (s): cpu = 00:00:08 ; elapsed = 00:00:05 . Memory (MB): peak = 1327.203 ; gain = 63.344
Phase 4 Post Placement Optimization and Clean-Up | Checksum: 1963cfed9

Time (s): cpu = 00:00:08 ; elapsed = 00:00:05 . Memory (MB): peak = 1327.203 ; gain = 63.344
Ending Placer Task | Checksum: fad66cc6

Time (s): cpu = 00:00:08 ; elapsed = 00:00:05 . Memory (MB): peak = 1327.203 ; gain = 63.344
INFO: [Common 17-83] Releasing license: Implementation
47 Infos, 1 Warnings, 0 Critical Warnings and 0 Errors encountered.
place_design completed successfully
place_design: Time (s): cpu = 00:00:10 ; elapsed = 00:00:06 . Memory (MB): peak = 1327.203 ; gain = 63.344
INFO: [Timing 38-480] Writing timing data to binary archive.
Writing placer database...
Writing XDEF routing.
Writing XDEF routing logical nets.
Writing XDEF routing special nets.
Write XDEF Complete: Time (s): cpu = 00:00:00 ; elapsed = 00:00:00.057 . Memory (MB): peak = 1327.203 ; gain = 0.000
INFO: [Common 17-1381] The checkpoint 'C:/Users/dw800/Desktop/lab4/lab4.runs/impl_1/my_top_placed.dcp' has been generated.
INFO: [runtcl-4] Executing : report_io -file my_top_io_placed.rpt
report_io: Time (s): cpu = 00:00:00 ; elapsed = 00:00:00.147 . Memory (MB): peak = 1328.367 ; gain = 0.000
INFO: [runtcl-4] Executing : report_utilization -file my_top_utilization_placed.rpt -pb my_top_utilization_placed.pb
report_utilization: Time (s): cpu = 00:00:00 ; elapsed = 00:00:00.195 . Memory (MB): peak = 1328.367 ; gain = 0.000
INFO: [runtcl-4] Executing : report_control_sets -verbose -file my_top_control_sets_placed.rpt
report_control_sets: Time (s): cpu = 00:00:00 ; elapsed = 00:00:00.002 . Memory (MB): peak = 1328.367 ; gain = 0.000
Command: route_design
Attempting to get a license for feature 'Implementation' and/or device 'xc7a200t'
INFO: [Common 17-349] Got license for feature 'Implementation' and/or device 'xc7a200t'
Running DRC as a precondition to command route_design
INFO: [DRC 23-27] Running DRC with 2 threads
INFO: [Vivado_Tcl 4-198] DRC finished with 0 Errors
INFO: [Vivado_Tcl 4-199] Please refer to the DRC report (report_drc) for more information.


Starting Routing Task
INFO: [Route 35-254] Multithreading enabled for route_design using a maximum of 2 CPUs
Checksum: PlaceDB: 4be6121a ConstDB: 0 ShapeSum: aef05aac RouteDB: 0

Phase 1 Build RT Design
Phase 1 Build RT Design | Checksum: b804ed96

Time (s): cpu = 00:01:38 ; elapsed = 00:01:29 . Memory (MB): peak = 1536.766 ; gain = 208.398
Post Restoration Checksum: NetGraph: 630c607a NumContArr: 54f88d1c Constraints: 0 Timing: 0

Phase 2 Router Initialization

Phase 2.1 Create Timer
Phase 2.1 Create Timer | Checksum: b804ed96

Time (s): cpu = 00:01:38 ; elapsed = 00:01:29 . Memory (MB): peak = 1536.766 ; gain = 208.398

Phase 2.2 Fix Topology Constraints
Phase 2.2 Fix Topology Constraints | Checksum: b804ed96

Time (s): cpu = 00:01:38 ; elapsed = 00:01:29 . Memory (MB): peak = 1542.047 ; gain = 213.680

Phase 2.3 Pre Route Cleanup
Phase 2.3 Pre Route Cleanup | Checksum: b804ed96

Time (s): cpu = 00:01:38 ; elapsed = 00:01:29 . Memory (MB): peak = 1542.047 ; gain = 213.680
 Number of Nodes with overlaps = 0

Phase 2.4 Update Timing
Phase 2.4 Update Timing | Checksum: 132882f35

Time (s): cpu = 00:01:39 ; elapsed = 00:01:30 . Memory (MB): peak = 1552.918 ; gain = 224.551
INFO: [Route 35-416] Intermediate Timing Summary | WNS=3.786  | TNS=0.000  | WHS=-0.068 | THS=-0.290 |

Phase 2 Router Initialization | Checksum: 197c41363

Time (s): cpu = 00:01:39 ; elapsed = 00:01:30 . Memory (MB): peak = 1552.918 ; gain = 224.551

Phase 3 Initial Routing
Phase 3 Initial Routing | Checksum: 1e6502825

Time (s): cpu = 00:01:40 ; elapsed = 00:01:30 . Memory (MB): peak = 1552.918 ; gain = 224.551

Phase 4 Rip-up And Reroute

Phase 4.1 Global Iteration 0
 Number of Nodes with overlaps = 0
INFO: [Route 35-416] Intermediate Timing Summary | WNS=3.563  | TNS=0.000  | WHS=N/A    | THS=N/A    |

Phase 4.1 Global Iteration 0 | Checksum: 293638046

Time (s): cpu = 00:01:40 ; elapsed = 00:01:30 . Memory (MB): peak = 1552.918 ; gain = 224.551
Phase 4 Rip-up And Reroute | Checksum: 293638046

Time (s): cpu = 00:01:40 ; elapsed = 00:01:30 . Memory (MB): peak = 1552.918 ; gain = 224.551

Phase 5 Delay and Skew Optimization

Phase 5.1 Delay CleanUp
Phase 5.1 Delay CleanUp | Checksum: 293638046

Time (s): cpu = 00:01:40 ; elapsed = 00:01:30 . Memory (MB): peak = 1552.918 ; gain = 224.551

Phase 5.2 Clock Skew Optimization
Phase 5.2 Clock Skew Optimization | Checksum: 293638046

Time (s): cpu = 00:01:40 ; elapsed = 00:01:30 . Memory (MB): peak = 1552.918 ; gain = 224.551
Phase 5 Delay and Skew Optimization | Checksum: 293638046

Time (s): cpu = 00:01:40 ; elapsed = 00:01:30 . Memory (MB): peak = 1552.918 ; gain = 224.551

Phase 6 Post Hold Fix

Phase 6.1 Hold Fix Iter

Phase 6.1.1 Update Timing
Phase 6.1.1 Update Timing | Checksum: 28df332b9

Time (s): cpu = 00:01:40 ; elapsed = 00:01:30 . Memory (MB): peak = 1552.918 ; gain = 224.551
INFO: [Route 35-416] Intermediate Timing Summary | WNS=3.645  | TNS=0.000  | WHS=0.229  | THS=0.000  |

Phase 6.1 Hold Fix Iter | Checksum: 28df332b9

Time (s): cpu = 00:01:40 ; elapsed = 00:01:30 . Memory (MB): peak = 1552.918 ; gain = 224.551
Phase 6 Post Hold Fix | Checksum: 28df332b9

Time (s): cpu = 00:01:40 ; elapsed = 00:01:30 . Memory (MB): peak = 1552.918 ; gain = 224.551

Phase 7 Route finalize

Router Utilization Summary
  Global Vertical Routing Utilization    = 0.00346189 %
  Global Horizontal Routing Utilization  = 0.0301718 %
  Routable Net Status*
  *Does not include unroutable nets such as driverless and loadless.
  Run report_route_status for detailed report.
  Number of Failed Nets               = 0
  Number of Unrouted Nets             = 0
  Number of Partially Routed Nets     = 0
  Number of Node Overlaps             = 0

Phase 7 Route finalize | Checksum: 28df332b9

Time (s): cpu = 00:01:40 ; elapsed = 00:01:30 . Memory (MB): peak = 1552.918 ; gain = 224.551

Phase 8 Verifying routed nets

 Verification completed successfully
Phase 8 Verifying routed nets | Checksum: 28df332b9

Time (s): cpu = 00:01:40 ; elapsed = 00:01:30 . Memory (MB): peak = 1553.754 ; gain = 225.387

Phase 9 Depositing Routes
Phase 9 Depositing Routes | Checksum: 219579e2d

Time (s): cpu = 00:01:40 ; elapsed = 00:01:30 . Memory (MB): peak = 1553.754 ; gain = 225.387

Phase 10 Post Router Timing
INFO: [Route 35-57] Estimated Timing Summary | WNS=3.645  | TNS=0.000  | WHS=0.229  | THS=0.000  |

INFO: [Route 35-327] The final timing numbers are based on the router estimated timing analysis. For a complete and accurate timing signoff, please run report_timing_summary.
Phase 10 Post Router Timing | Checksum: 219579e2d

Time (s): cpu = 00:01:40 ; elapsed = 00:01:30 . Memory (MB): peak = 1553.754 ; gain = 225.387
INFO: [Route 35-16] Router Completed Successfully

Time (s): cpu = 00:01:40 ; elapsed = 00:01:30 . Memory (MB): peak = 1553.754 ; gain = 225.387

Routing Is Done.
INFO: [Common 17-83] Releasing license: Implementation
64 Infos, 1 Warnings, 0 Critical Warnings and 0 Errors encountered.
route_design completed successfully
route_design: Time (s): cpu = 00:01:43 ; elapsed = 00:01:32 . Memory (MB): peak = 1553.754 ; gain = 225.387
INFO: [Timing 38-480] Writing timing data to binary archive.
Writing placer database...
Writing XDEF routing.
Writing XDEF routing logical nets.
Writing XDEF routing special nets.
Write XDEF Complete: Time (s): cpu = 00:00:00 ; elapsed = 00:00:00.056 . Memory (MB): peak = 1553.754 ; gain = 0.000
INFO: [Common 17-1381] The checkpoint 'C:/Users/dw800/Desktop/lab4/lab4.runs/impl_1/my_top_routed.dcp' has been generated.
INFO: [runtcl-4] Executing : report_drc -file my_top_drc_routed.rpt -pb my_top_drc_routed.pb -rpx my_top_drc_routed.rpx
Command: report_drc -file my_top_drc_routed.rpt -pb my_top_drc_routed.pb -rpx my_top_drc_routed.rpx
INFO: [DRC 23-27] Running DRC with 2 threads
INFO: [Coretcl 2-168] The results of DRC are in file C:/Users/dw800/Desktop/lab4/lab4.runs/impl_1/my_top_drc_routed.rpt.
report_drc completed successfully
INFO: [runtcl-4] Executing : report_methodology -file my_top_methodology_drc_routed.rpt -pb my_top_methodology_drc_routed.pb -rpx my_top_methodology_drc_routed.rpx
Command: report_methodology -file my_top_methodology_drc_routed.rpt -pb my_top_methodology_drc_routed.pb -rpx my_top_methodology_drc_routed.rpx
INFO: [Timing 38-35] Done setting XDC timing constraints.
INFO: [Timing 38-35] Done setting XDC timing constraints.
INFO: [DRC 23-133] Running Methodology with 2 threads
INFO: [Coretcl 2-1520] The results of Report Methodology are in file C:/Users/dw800/Desktop/lab4/lab4.runs/impl_1/my_top_methodology_drc_routed.rpt.
report_methodology completed successfully
INFO: [runtcl-4] Executing : report_power -file my_top_power_routed.rpt -pb my_top_power_summary_routed.pb -rpx my_top_power_routed.rpx
Command: report_power -file my_top_power_routed.rpt -pb my_top_power_summary_routed.pb -rpx my_top_power_routed.rpx
INFO: [Timing 38-35] Done setting XDC timing constraints.
Running Vector-less Activity Propagation...

Finished Running Vector-less Activity Propagation
76 Infos, 1 Warnings, 0 Critical Warnings and 0 Errors encountered.
report_power completed successfully
INFO: [runtcl-4] Executing : report_route_status -file my_top_route_status.rpt -pb my_top_route_status.pb
INFO: [runtcl-4] Executing : report_timing_summary -max_paths 10 -file my_top_timing_summary_routed.rpt -pb my_top_timing_summary_routed.pb -rpx my_top_timing_summary_routed.rpx -warn_on_violation 
INFO: [Timing 38-91] UpdateTimingParams: Speed grade: -2, Delay Type: min_max, Timing Stage: Requireds.
INFO: [Timing 38-191] Multithreading enabled for timing update using a maximum of 2 CPUs
INFO: [runtcl-4] Executing : report_incremental_reuse -file my_top_incremental_reuse_routed.rpt
INFO: [Vivado_Tcl 4-545] No incremental reuse to report, no incremental placement and routing data was found.
INFO: [runtcl-4] Executing : report_clock_utilization -file my_top_clock_utilization_routed.rpt
INFO: [runtcl-4] Executing : report_bus_skew -warn_on_violation -file my_top_bus_skew_routed.rpt -pb my_top_bus_skew_routed.pb -rpx my_top_bus_skew_routed.rpx
INFO: [Timing 38-91] UpdateTimingParams: Speed grade: -2, Delay Type: min_max, Timing Stage: Requireds.
INFO: [Timing 38-191] Multithreading enabled for timing update using a maximum of 2 CPUs
Command: write_bitstream -force my_top.bit
Attempting to get a license for feature 'Implementation' and/or device 'xc7a200t'
INFO: [Common 17-349] Got license for feature 'Implementation' and/or device 'xc7a200t'
Running DRC as a precondition to command write_bitstream
INFO: [DRC 23-27] Running DRC with 2 threads
WARNING: [DRC PDRC-153] Gated clock check: Net u_clk/q_temp_reg is a gated clock net sourced by a combinational pin u_clk/q_temp_i_2/O, cell u_clk/q_temp_i_2. This is not good design practice and will likely impact performance. For SLICE registers, for example, use the CE pin to control the loading of data.
WARNING: [DRC PLHOLDVIO-2] Non-Optimal connections which could lead to hold violations: A LUT u_clk/q_temp_i_2 is driving clock pin of 7 cells. This could lead to large hold time violations. First few involved cells are:
    u_reg/JK0/q_temp_reg {FDCE}
    u_reg/JK1/q_temp_reg {FDCE}
    u_reg/JK1/q_temp_reg_lopt_replica {FDCE}
    u_reg/JK2/q_temp_reg {FDCE}
    u_reg/JK2/q_temp_reg_lopt_replica {FDCE}
    u_reg/JK3/q_temp_reg {FDCE}
    u_reg/JK3/q_temp_reg_lopt_replica {FDCE}
INFO: [Vivado 12-3199] DRC finished with 0 Errors, 2 Warnings
INFO: [Vivado 12-3200] Please refer to the DRC report (report_drc) for more information.
INFO: [Designutils 20-2272] Running write_bitstream with 2 threads.
Loading data files...
Loading site data...
Loading route data...
Processing options...
Creating bitmap...
Creating bitstream...
Writing bitstream ./my_top.bit...
INFO: [Vivado 12-1842] Bitgen Completed Successfully.
INFO: [Project 1-120] WebTalk data collection is mandatory when using a WebPACK part without a full Vivado license. To see the specific WebTalk data collected for your design, open the usage_statistics_webtalk.html or usage_statistics_webtalk.xml file in the implementation directory.
INFO: [Common 17-83] Releasing license: Implementation
94 Infos, 3 Warnings, 0 Critical Warnings and 0 Errors encountered.
write_bitstream completed successfully
write_bitstream: Time (s): cpu = 00:00:36 ; elapsed = 00:00:34 . Memory (MB): peak = 2031.645 ; gain = 457.836
INFO: [Common 17-206] Exiting Vivado at Thu Dec 11 17:04:01 2025...
