Copyright 1986-2018 Xilinx, Inc. All Rights Reserved.
-----------------------------------------------------------------------------------------------------------------------------------------------------------------------------------------------------------
| Tool Version : Vivado v.2018.2 (win64) Build 2258646 Thu Jun 14 20:03:12 MDT 2018
| Date         : Fri Oct 17 11:59:29 2025
| Host         : DESKTOP-540G01R running 64-bit major release  (build 9200)
| Command      : report_timing_summary -max_paths 10 -file top_register_timing_summary_routed.rpt -pb top_register_timing_summary_routed.pb -rpx top_register_timing_summary_routed.rpx -warn_on_violation
| Design       : top_register
| Device       : 7a200t-fbg676
| Speed File   : -2  PRODUCTION 1.22 2018-03-21
-----------------------------------------------------------------------------------------------------------------------------------------------------------------------------------------------------------

Timing Summary Report

------------------------------------------------------------------------------------------------
| Timer Settings
| --------------
------------------------------------------------------------------------------------------------

  Enable Multi Corner Analysis               :  Yes
  Enable Pessimism Removal                   :  Yes
  Pessimism Removal Resolution               :  Nearest Common Node
  Enable Input Delay Default Clock           :  No
  Enable Preset / Clear Arcs                 :  No
  Disable Flight Delays                      :  No
  Ignore I/O Paths                           :  No
  Timing Early Launch at Borrowing Latches   :  false

  Corner  Analyze    Analyze    
  Name    Max Paths  Min Paths  
  ------  ---------  ---------  
  Slow    Yes        Yes        
  Fast    Yes        Yes        



check_timing report

Table of Contents
-----------------
1. checking no_clock
2. checking constant_clock
3. checking pulse_width_clock
4. checking unconstrained_internal_endpoints
5. checking no_input_delay
6. checking no_output_delay
7. checking multiple_clock
8. checking generated_clocks
9. checking loops
10. checking partial_input_delay
11. checking partial_output_delay
12. checking latch_loops

1. checking no_clock
--------------------
 There are 7 register/latch pins with no clock driven by root clock pin: pushbuttons[4] (HIGH)

 There are 7 register/latch pins with no clock driven by root clock pin: slow_clk_reg/Q (HIGH)


2. checking constant_clock
--------------------------
 There are 0 register/latch pins with constant_clock.


3. checking pulse_width_clock
-----------------------------
 There are 0 register/latch pins which need pulse_width check


4. checking unconstrained_internal_endpoints
--------------------------------------------
 There are 14 pins that are not constrained for maximum delay. (HIGH)

 There are 0 pins that are not constrained for maximum delay due to constant clock.


5. checking no_input_delay
--------------------------
 There are 8 input ports with no input delay specified. (HIGH)

 There are 0 input ports with no input delay but user has a false path constraint.


6. checking no_output_delay
---------------------------
 There are 5 ports with no output delay specified. (HIGH)

 There are 0 ports with no output delay but user has a false path constraint

 There are 0 ports with no output delay but with a timing clock defined on it or propagating through it


7. checking multiple_clock
--------------------------
 There are 0 register/latch pins with multiple clocks.


8. checking generated_clocks
----------------------------
 There are 0 generated clocks that are not connected to a clock source.


9. checking loops
-----------------
 There are 0 combinational loops in the design.


10. checking partial_input_delay
--------------------------------
 There are 0 input ports with partial input delay specified.


11. checking partial_output_delay
---------------------------------
 There are 0 ports with partial output delay specified.


12. checking latch_loops
------------------------
 There are 0 combinational latch loops in the design through latch input



------------------------------------------------------------------------------------------------
| Design Timing Summary
| ---------------------
------------------------------------------------------------------------------------------------

    WNS(ns)      TNS(ns)  TNS Failing Endpoints  TNS Total Endpoints      WHS(ns)      THS(ns)  THS Failing Endpoints  THS Total Endpoints     WPWS(ns)     TPWS(ns)  TPWS Failing Endpoints  TPWS Total Endpoints  
    -------      -------  ---------------------  -------------------      -------      -------  ---------------------  -------------------     --------     --------  ----------------------  --------------------  
      1.698        0.000                      0                   54        0.261        0.000                      0                   54        2.000        0.000                       0                    29  


All user specified timing constraints are met.


------------------------------------------------------------------------------------------------
| Clock Summary
| -------------
------------------------------------------------------------------------------------------------

Clock        Waveform(ns)         Period(ns)      Frequency(MHz)
-----        ------------         ----------      --------------
sys_clk_pin  {0.000 2.500}        5.000           200.000         


------------------------------------------------------------------------------------------------
| Intra Clock Table
| -----------------
------------------------------------------------------------------------------------------------

Clock             WNS(ns)      TNS(ns)  TNS Failing Endpoints  TNS Total Endpoints      WHS(ns)      THS(ns)  THS Failing Endpoints  THS Total Endpoints     WPWS(ns)     TPWS(ns)  TPWS Failing Endpoints  TPWS Total Endpoints  
-----             -------      -------  ---------------------  -------------------      -------      -------  ---------------------  -------------------     --------     --------  ----------------------  --------------------  
sys_clk_pin         1.698        0.000                      0                   54        0.261        0.000                      0                   54        2.000        0.000                       0                    29  


------------------------------------------------------------------------------------------------
| Inter Clock Table
| -----------------
------------------------------------------------------------------------------------------------

From Clock    To Clock          WNS(ns)      TNS(ns)  TNS Failing Endpoints  TNS Total Endpoints      WHS(ns)      THS(ns)  THS Failing Endpoints  THS Total Endpoints  
----------    --------          -------      -------  ---------------------  -------------------      -------      -------  ---------------------  -------------------  


------------------------------------------------------------------------------------------------
| Other Path Groups Table
| -----------------------
------------------------------------------------------------------------------------------------

Path Group    From Clock    To Clock          WNS(ns)      TNS(ns)  TNS Failing Endpoints  TNS Total Endpoints      WHS(ns)      THS(ns)  THS Failing Endpoints  THS Total Endpoints  
----------    ----------    --------          -------      -------  ---------------------  -------------------      -------      -------  ---------------------  -------------------  


------------------------------------------------------------------------------------------------
| Timing Details
| --------------
------------------------------------------------------------------------------------------------


---------------------------------------------------------------------------------------------------
From Clock:  sys_clk_pin
  To Clock:  sys_clk_pin

Setup :            0  Failing Endpoints,  Worst Slack        1.698ns,  Total Violation        0.000ns
Hold  :            0  Failing Endpoints,  Worst Slack        0.261ns,  Total Violation        0.000ns
PW    :            0  Failing Endpoints,  Worst Slack        2.000ns,  Total Violation        0.000ns
---------------------------------------------------------------------------------------------------


Max Delay Paths
--------------------------------------------------------------------------------------
Slack (MET) :             1.698ns  (required time - arrival time)
  Source:                 clock_divider_reg[16]/C
                            (rising edge-triggered cell FDRE clocked by sys_clk_pin  {rise@0.000ns fall@2.500ns period=5.000ns})
  Destination:            clock_divider_reg[21]/R
                            (rising edge-triggered cell FDRE clocked by sys_clk_pin  {rise@0.000ns fall@2.500ns period=5.000ns})
  Path Group:             sys_clk_pin
  Path Type:              Setup (Max at Slow Process Corner)
  Requirement:            5.000ns  (sys_clk_pin rise@5.000ns - sys_clk_pin rise@0.000ns)
  Data Path Delay:        2.886ns  (logic 0.694ns (24.048%)  route 2.192ns (75.952%))
  Logic Levels:           3  (LUT2=1 LUT4=1 LUT6=1)
  Clock Path Skew:        -0.029ns (DCD - SCD + CPR)
    Destination Clock Delay (DCD):    4.067ns = ( 9.067 - 5.000 ) 
    Source Clock Delay      (SCD):    4.314ns
    Clock Pessimism Removal (CPR):    0.218ns
  Clock Uncertainty:      0.035ns  ((TSJ^2 + TIJ^2)^1/2 + DJ) / 2 + PE
    Total System Jitter     (TSJ):    0.071ns
    Total Input Jitter      (TIJ):    0.000ns
    Discrete Jitter          (DJ):    0.000ns
    Phase Error              (PE):    0.000ns

    Location             Delay type                Incr(ns)  Path(ns)    Netlist Resource(s)
  -------------------------------------------------------------------    -------------------
                         (clock sys_clk_pin rise edge)
                                                      0.000     0.000 r  
    R3                                                0.000     0.000 r  sysclk_p (IN)
                         net (fo=0)                   0.000     0.000    sysclk_p
    R3                   IBUFDS (Prop_ibufds_I_O)     0.890     0.890 r  IBUFDS_inst/O
                         net (fo=1, routed)           1.792     2.682    clk_200mhz
    BUFGCTRL_X0Y0        BUFG (Prop_bufg_I_O)         0.082     2.764 r  clk_200mhz_BUFG_inst/O
                         net (fo=28, routed)          1.550     4.314    clk_200mhz_BUFG
    SLICE_X161Y109       FDRE                                         r  clock_divider_reg[16]/C
  -------------------------------------------------------------------    -------------------
    SLICE_X161Y109       FDRE (Prop_fdre_C_Q)         0.379     4.693 r  clock_divider_reg[16]/Q
                         net (fo=2, routed)           0.559     5.252    clock_divider_reg_n_0_[16]
    SLICE_X160Y109       LUT4 (Prop_lut4_I0_O)        0.105     5.357 f  clock_divider[0]_i_3/O
                         net (fo=1, routed)           0.731     6.088    clock_divider[0]_i_3_n_0
    SLICE_X160Y109       LUT6 (Prop_lut6_I0_O)        0.105     6.193 f  clock_divider[0]_i_2/O
                         net (fo=3, routed)           0.348     6.541    clock_divider[0]_i_2_n_0
    SLICE_X160Y107       LUT2 (Prop_lut2_I1_O)        0.105     6.646 r  clock_divider[26]_i_1/O
                         net (fo=26, routed)          0.554     7.200    slow_clk
    SLICE_X161Y111       FDRE                                         r  clock_divider_reg[21]/R
  -------------------------------------------------------------------    -------------------

                         (clock sys_clk_pin rise edge)
                                                      5.000     5.000 r  
    R3                                                0.000     5.000 r  sysclk_p (IN)
                         net (fo=0)                   0.000     5.000    sysclk_p
    R3                   IBUFDS (Prop_ibufds_I_O)     0.850     5.850 r  IBUFDS_inst/O
                         net (fo=1, routed)           1.699     7.549    clk_200mhz
    BUFGCTRL_X0Y0        BUFG (Prop_bufg_I_O)         0.078     7.627 r  clk_200mhz_BUFG_inst/O
                         net (fo=28, routed)          1.440     9.067    clk_200mhz_BUFG
    SLICE_X161Y111       FDRE                                         r  clock_divider_reg[21]/C
                         clock pessimism              0.218     9.285    
                         clock uncertainty           -0.035     9.250    
    SLICE_X161Y111       FDRE (Setup_fdre_C_R)       -0.352     8.898    clock_divider_reg[21]
  -------------------------------------------------------------------
                         required time                          8.898    
                         arrival time                          -7.200    
  -------------------------------------------------------------------
                         slack                                  1.698    

Slack (MET) :             1.698ns  (required time - arrival time)
  Source:                 clock_divider_reg[16]/C
                            (rising edge-triggered cell FDRE clocked by sys_clk_pin  {rise@0.000ns fall@2.500ns period=5.000ns})
  Destination:            clock_divider_reg[22]/R
                            (rising edge-triggered cell FDRE clocked by sys_clk_pin  {rise@0.000ns fall@2.500ns period=5.000ns})
  Path Group:             sys_clk_pin
  Path Type:              Setup (Max at Slow Process Corner)
  Requirement:            5.000ns  (sys_clk_pin rise@5.000ns - sys_clk_pin rise@0.000ns)
  Data Path Delay:        2.886ns  (logic 0.694ns (24.048%)  route 2.192ns (75.952%))
  Logic Levels:           3  (LUT2=1 LUT4=1 LUT6=1)
  Clock Path Skew:        -0.029ns (DCD - SCD + CPR)
    Destination Clock Delay (DCD):    4.067ns = ( 9.067 - 5.000 ) 
    Source Clock Delay      (SCD):    4.314ns
    Clock Pessimism Removal (CPR):    0.218ns
  Clock Uncertainty:      0.035ns  ((TSJ^2 + TIJ^2)^1/2 + DJ) / 2 + PE
    Total System Jitter     (TSJ):    0.071ns
    Total Input Jitter      (TIJ):    0.000ns
    Discrete Jitter          (DJ):    0.000ns
    Phase Error              (PE):    0.000ns

    Location             Delay type                Incr(ns)  Path(ns)    Netlist Resource(s)
  -------------------------------------------------------------------    -------------------
                         (clock sys_clk_pin rise edge)
                                                      0.000     0.000 r  
    R3                                                0.000     0.000 r  sysclk_p (IN)
                         net (fo=0)                   0.000     0.000    sysclk_p
    R3                   IBUFDS (Prop_ibufds_I_O)     0.890     0.890 r  IBUFDS_inst/O
                         net (fo=1, routed)           1.792     2.682    clk_200mhz
    BUFGCTRL_X0Y0        BUFG (Prop_bufg_I_O)         0.082     2.764 r  clk_200mhz_BUFG_inst/O
                         net (fo=28, routed)          1.550     4.314    clk_200mhz_BUFG
    SLICE_X161Y109       FDRE                                         r  clock_divider_reg[16]/C
  -------------------------------------------------------------------    -------------------
    SLICE_X161Y109       FDRE (Prop_fdre_C_Q)         0.379     4.693 r  clock_divider_reg[16]/Q
                         net (fo=2, routed)           0.559     5.252    clock_divider_reg_n_0_[16]
    SLICE_X160Y109       LUT4 (Prop_lut4_I0_O)        0.105     5.357 f  clock_divider[0]_i_3/O
                         net (fo=1, routed)           0.731     6.088    clock_divider[0]_i_3_n_0
    SLICE_X160Y109       LUT6 (Prop_lut6_I0_O)        0.105     6.193 f  clock_divider[0]_i_2/O
                         net (fo=3, routed)           0.348     6.541    clock_divider[0]_i_2_n_0
    SLICE_X160Y107       LUT2 (Prop_lut2_I1_O)        0.105     6.646 r  clock_divider[26]_i_1/O
                         net (fo=26, routed)          0.554     7.200    slow_clk
    SLICE_X161Y111       FDRE                                         r  clock_divider_reg[22]/R
  -------------------------------------------------------------------    -------------------

                         (clock sys_clk_pin rise edge)
                                                      5.000     5.000 r  
    R3                                                0.000     5.000 r  sysclk_p (IN)
                         net (fo=0)                   0.000     5.000    sysclk_p
    R3                   IBUFDS (Prop_ibufds_I_O)     0.850     5.850 r  IBUFDS_inst/O
                         net (fo=1, routed)           1.699     7.549    clk_200mhz
    BUFGCTRL_X0Y0        BUFG (Prop_bufg_I_O)         0.078     7.627 r  clk_200mhz_BUFG_inst/O
                         net (fo=28, routed)          1.440     9.067    clk_200mhz_BUFG
    SLICE_X161Y111       FDRE                                         r  clock_divider_reg[22]/C
                         clock pessimism              0.218     9.285    
                         clock uncertainty           -0.035     9.250    
    SLICE_X161Y111       FDRE (Setup_fdre_C_R)       -0.352     8.898    clock_divider_reg[22]
  -------------------------------------------------------------------
                         required time                          8.898    
                         arrival time                          -7.200    
  -------------------------------------------------------------------
                         slack                                  1.698    

Slack (MET) :             1.698ns  (required time - arrival time)
  Source:                 clock_divider_reg[16]/C
                            (rising edge-triggered cell FDRE clocked by sys_clk_pin  {rise@0.000ns fall@2.500ns period=5.000ns})
  Destination:            clock_divider_reg[23]/R
                            (rising edge-triggered cell FDRE clocked by sys_clk_pin  {rise@0.000ns fall@2.500ns period=5.000ns})
  Path Group:             sys_clk_pin
  Path Type:              Setup (Max at Slow Process Corner)
  Requirement:            5.000ns  (sys_clk_pin rise@5.000ns - sys_clk_pin rise@0.000ns)
  Data Path Delay:        2.886ns  (logic 0.694ns (24.048%)  route 2.192ns (75.952%))
  Logic Levels:           3  (LUT2=1 LUT4=1 LUT6=1)
  Clock Path Skew:        -0.029ns (DCD - SCD + CPR)
    Destination Clock Delay (DCD):    4.067ns = ( 9.067 - 5.000 ) 
    Source Clock Delay      (SCD):    4.314ns
    Clock Pessimism Removal (CPR):    0.218ns
  Clock Uncertainty:      0.035ns  ((TSJ^2 + TIJ^2)^1/2 + DJ) / 2 + PE
    Total System Jitter     (TSJ):    0.071ns
    Total Input Jitter      (TIJ):    0.000ns
    Discrete Jitter          (DJ):    0.000ns
    Phase Error              (PE):    0.000ns

    Location             Delay type                Incr(ns)  Path(ns)    Netlist Resource(s)
  -------------------------------------------------------------------    -------------------
                         (clock sys_clk_pin rise edge)
                                                      0.000     0.000 r  
    R3                                                0.000     0.000 r  sysclk_p (IN)
                         net (fo=0)                   0.000     0.000    sysclk_p
    R3                   IBUFDS (Prop_ibufds_I_O)     0.890     0.890 r  IBUFDS_inst/O
                         net (fo=1, routed)           1.792     2.682    clk_200mhz
    BUFGCTRL_X0Y0        BUFG (Prop_bufg_I_O)         0.082     2.764 r  clk_200mhz_BUFG_inst/O
                         net (fo=28, routed)          1.550     4.314    clk_200mhz_BUFG
    SLICE_X161Y109       FDRE                                         r  clock_divider_reg[16]/C
  -------------------------------------------------------------------    -------------------
    SLICE_X161Y109       FDRE (Prop_fdre_C_Q)         0.379     4.693 r  clock_divider_reg[16]/Q
                         net (fo=2, routed)           0.559     5.252    clock_divider_reg_n_0_[16]
    SLICE_X160Y109       LUT4 (Prop_lut4_I0_O)        0.105     5.357 f  clock_divider[0]_i_3/O
                         net (fo=1, routed)           0.731     6.088    clock_divider[0]_i_3_n_0
    SLICE_X160Y109       LUT6 (Prop_lut6_I0_O)        0.105     6.193 f  clock_divider[0]_i_2/O
                         net (fo=3, routed)           0.348     6.541    clock_divider[0]_i_2_n_0
    SLICE_X160Y107       LUT2 (Prop_lut2_I1_O)        0.105     6.646 r  clock_divider[26]_i_1/O
                         net (fo=26, routed)          0.554     7.200    slow_clk
    SLICE_X161Y111       FDRE                                         r  clock_divider_reg[23]/R
  -------------------------------------------------------------------    -------------------

                         (clock sys_clk_pin rise edge)
                                                      5.000     5.000 r  
    R3                                                0.000     5.000 r  sysclk_p (IN)
                         net (fo=0)                   0.000     5.000    sysclk_p
    R3                   IBUFDS (Prop_ibufds_I_O)     0.850     5.850 r  IBUFDS_inst/O
                         net (fo=1, routed)           1.699     7.549    clk_200mhz
    BUFGCTRL_X0Y0        BUFG (Prop_bufg_I_O)         0.078     7.627 r  clk_200mhz_BUFG_inst/O
                         net (fo=28, routed)          1.440     9.067    clk_200mhz_BUFG
    SLICE_X161Y111       FDRE                                         r  clock_divider_reg[23]/C
                         clock pessimism              0.218     9.285    
                         clock uncertainty           -0.035     9.250    
    SLICE_X161Y111       FDRE (Setup_fdre_C_R)       -0.352     8.898    clock_divider_reg[23]
  -------------------------------------------------------------------
                         required time                          8.898    
                         arrival time                          -7.200    
  -------------------------------------------------------------------
                         slack                                  1.698    

Slack (MET) :             1.698ns  (required time - arrival time)
  Source:                 clock_divider_reg[16]/C
                            (rising edge-triggered cell FDRE clocked by sys_clk_pin  {rise@0.000ns fall@2.500ns period=5.000ns})
  Destination:            clock_divider_reg[24]/R
                            (rising edge-triggered cell FDRE clocked by sys_clk_pin  {rise@0.000ns fall@2.500ns period=5.000ns})
  Path Group:             sys_clk_pin
  Path Type:              Setup (Max at Slow Process Corner)
  Requirement:            5.000ns  (sys_clk_pin rise@5.000ns - sys_clk_pin rise@0.000ns)
  Data Path Delay:        2.886ns  (logic 0.694ns (24.048%)  route 2.192ns (75.952%))
  Logic Levels:           3  (LUT2=1 LUT4=1 LUT6=1)
  Clock Path Skew:        -0.029ns (DCD - SCD + CPR)
    Destination Clock Delay (DCD):    4.067ns = ( 9.067 - 5.000 ) 
    Source Clock Delay      (SCD):    4.314ns
    Clock Pessimism Removal (CPR):    0.218ns
  Clock Uncertainty:      0.035ns  ((TSJ^2 + TIJ^2)^1/2 + DJ) / 2 + PE
    Total System Jitter     (TSJ):    0.071ns
    Total Input Jitter      (TIJ):    0.000ns
    Discrete Jitter          (DJ):    0.000ns
    Phase Error              (PE):    0.000ns

    Location             Delay type                Incr(ns)  Path(ns)    Netlist Resource(s)
  -------------------------------------------------------------------    -------------------
                         (clock sys_clk_pin rise edge)
                                                      0.000     0.000 r  
    R3                                                0.000     0.000 r  sysclk_p (IN)
                         net (fo=0)                   0.000     0.000    sysclk_p
    R3                   IBUFDS (Prop_ibufds_I_O)     0.890     0.890 r  IBUFDS_inst/O
                         net (fo=1, routed)           1.792     2.682    clk_200mhz
    BUFGCTRL_X0Y0        BUFG (Prop_bufg_I_O)         0.082     2.764 r  clk_200mhz_BUFG_inst/O
                         net (fo=28, routed)          1.550     4.314    clk_200mhz_BUFG
    SLICE_X161Y109       FDRE                                         r  clock_divider_reg[16]/C
  -------------------------------------------------------------------    -------------------
    SLICE_X161Y109       FDRE (Prop_fdre_C_Q)         0.379     4.693 r  clock_divider_reg[16]/Q
                         net (fo=2, routed)           0.559     5.252    clock_divider_reg_n_0_[16]
    SLICE_X160Y109       LUT4 (Prop_lut4_I0_O)        0.105     5.357 f  clock_divider[0]_i_3/O
                         net (fo=1, routed)           0.731     6.088    clock_divider[0]_i_3_n_0
    SLICE_X160Y109       LUT6 (Prop_lut6_I0_O)        0.105     6.193 f  clock_divider[0]_i_2/O
                         net (fo=3, routed)           0.348     6.541    clock_divider[0]_i_2_n_0
    SLICE_X160Y107       LUT2 (Prop_lut2_I1_O)        0.105     6.646 r  clock_divider[26]_i_1/O
                         net (fo=26, routed)          0.554     7.200    slow_clk
    SLICE_X161Y111       FDRE                                         r  clock_divider_reg[24]/R
  -------------------------------------------------------------------    -------------------

                         (clock sys_clk_pin rise edge)
                                                      5.000     5.000 r  
    R3                                                0.000     5.000 r  sysclk_p (IN)
                         net (fo=0)                   0.000     5.000    sysclk_p
    R3                   IBUFDS (Prop_ibufds_I_O)     0.850     5.850 r  IBUFDS_inst/O
                         net (fo=1, routed)           1.699     7.549    clk_200mhz
    BUFGCTRL_X0Y0        BUFG (Prop_bufg_I_O)         0.078     7.627 r  clk_200mhz_BUFG_inst/O
                         net (fo=28, routed)          1.440     9.067    clk_200mhz_BUFG
    SLICE_X161Y111       FDRE                                         r  clock_divider_reg[24]/C
                         clock pessimism              0.218     9.285    
                         clock uncertainty           -0.035     9.250    
    SLICE_X161Y111       FDRE (Setup_fdre_C_R)       -0.352     8.898    clock_divider_reg[24]
  -------------------------------------------------------------------
                         required time                          8.898    
                         arrival time                          -7.200    
  -------------------------------------------------------------------
                         slack                                  1.698    

Slack (MET) :             1.735ns  (required time - arrival time)
  Source:                 clock_divider_reg[16]/C
                            (rising edge-triggered cell FDRE clocked by sys_clk_pin  {rise@0.000ns fall@2.500ns period=5.000ns})
  Destination:            clock_divider_reg[13]/R
                            (rising edge-triggered cell FDRE clocked by sys_clk_pin  {rise@0.000ns fall@2.500ns period=5.000ns})
  Path Group:             sys_clk_pin
  Path Type:              Setup (Max at Slow Process Corner)
  Requirement:            5.000ns  (sys_clk_pin rise@5.000ns - sys_clk_pin rise@0.000ns)
  Data Path Delay:        2.877ns  (logic 0.694ns (24.119%)  route 2.183ns (75.881%))
  Logic Levels:           3  (LUT2=1 LUT4=1 LUT6=1)
  Clock Path Skew:        0.000ns (DCD - SCD + CPR)
    Destination Clock Delay (DCD):    4.069ns = ( 9.069 - 5.000 ) 
    Source Clock Delay      (SCD):    4.314ns
    Clock Pessimism Removal (CPR):    0.245ns
  Clock Uncertainty:      0.035ns  ((TSJ^2 + TIJ^2)^1/2 + DJ) / 2 + PE
    Total System Jitter     (TSJ):    0.071ns
    Total Input Jitter      (TIJ):    0.000ns
    Discrete Jitter          (DJ):    0.000ns
    Phase Error              (PE):    0.000ns

    Location             Delay type                Incr(ns)  Path(ns)    Netlist Resource(s)
  -------------------------------------------------------------------    -------------------
                         (clock sys_clk_pin rise edge)
                                                      0.000     0.000 r  
    R3                                                0.000     0.000 r  sysclk_p (IN)
                         net (fo=0)                   0.000     0.000    sysclk_p
    R3                   IBUFDS (Prop_ibufds_I_O)     0.890     0.890 r  IBUFDS_inst/O
                         net (fo=1, routed)           1.792     2.682    clk_200mhz
    BUFGCTRL_X0Y0        BUFG (Prop_bufg_I_O)         0.082     2.764 r  clk_200mhz_BUFG_inst/O
                         net (fo=28, routed)          1.550     4.314    clk_200mhz_BUFG
    SLICE_X161Y109       FDRE                                         r  clock_divider_reg[16]/C
  -------------------------------------------------------------------    -------------------
    SLICE_X161Y109       FDRE (Prop_fdre_C_Q)         0.379     4.693 r  clock_divider_reg[16]/Q
                         net (fo=2, routed)           0.559     5.252    clock_divider_reg_n_0_[16]
    SLICE_X160Y109       LUT4 (Prop_lut4_I0_O)        0.105     5.357 f  clock_divider[0]_i_3/O
                         net (fo=1, routed)           0.731     6.088    clock_divider[0]_i_3_n_0
    SLICE_X160Y109       LUT6 (Prop_lut6_I0_O)        0.105     6.193 f  clock_divider[0]_i_2/O
                         net (fo=3, routed)           0.348     6.541    clock_divider[0]_i_2_n_0
    SLICE_X160Y107       LUT2 (Prop_lut2_I1_O)        0.105     6.646 r  clock_divider[26]_i_1/O
                         net (fo=26, routed)          0.545     7.191    slow_clk
    SLICE_X161Y109       FDRE                                         r  clock_divider_reg[13]/R
  -------------------------------------------------------------------    -------------------

                         (clock sys_clk_pin rise edge)
                                                      5.000     5.000 r  
    R3                                                0.000     5.000 r  sysclk_p (IN)
                         net (fo=0)                   0.000     5.000    sysclk_p
    R3                   IBUFDS (Prop_ibufds_I_O)     0.850     5.850 r  IBUFDS_inst/O
                         net (fo=1, routed)           1.699     7.549    clk_200mhz
    BUFGCTRL_X0Y0        BUFG (Prop_bufg_I_O)         0.078     7.627 r  clk_200mhz_BUFG_inst/O
                         net (fo=28, routed)          1.442     9.069    clk_200mhz_BUFG
    SLICE_X161Y109       FDRE                                         r  clock_divider_reg[13]/C
                         clock pessimism              0.245     9.314    
                         clock uncertainty           -0.035     9.279    
    SLICE_X161Y109       FDRE (Setup_fdre_C_R)       -0.352     8.927    clock_divider_reg[13]
  -------------------------------------------------------------------
                         required time                          8.927    
                         arrival time                          -7.191    
  -------------------------------------------------------------------
                         slack                                  1.735    

Slack (MET) :             1.735ns  (required time - arrival time)
  Source:                 clock_divider_reg[16]/C
                            (rising edge-triggered cell FDRE clocked by sys_clk_pin  {rise@0.000ns fall@2.500ns period=5.000ns})
  Destination:            clock_divider_reg[14]/R
                            (rising edge-triggered cell FDRE clocked by sys_clk_pin  {rise@0.000ns fall@2.500ns period=5.000ns})
  Path Group:             sys_clk_pin
  Path Type:              Setup (Max at Slow Process Corner)
  Requirement:            5.000ns  (sys_clk_pin rise@5.000ns - sys_clk_pin rise@0.000ns)
  Data Path Delay:        2.877ns  (logic 0.694ns (24.119%)  route 2.183ns (75.881%))
  Logic Levels:           3  (LUT2=1 LUT4=1 LUT6=1)
  Clock Path Skew:        0.000ns (DCD - SCD + CPR)
    Destination Clock Delay (DCD):    4.069ns = ( 9.069 - 5.000 ) 
    Source Clock Delay      (SCD):    4.314ns
    Clock Pessimism Removal (CPR):    0.245ns
  Clock Uncertainty:      0.035ns  ((TSJ^2 + TIJ^2)^1/2 + DJ) / 2 + PE
    Total System Jitter     (TSJ):    0.071ns
    Total Input Jitter      (TIJ):    0.000ns
    Discrete Jitter          (DJ):    0.000ns
    Phase Error              (PE):    0.000ns

    Location             Delay type                Incr(ns)  Path(ns)    Netlist Resource(s)
  -------------------------------------------------------------------    -------------------
                         (clock sys_clk_pin rise edge)
                                                      0.000     0.000 r  
    R3                                                0.000     0.000 r  sysclk_p (IN)
                         net (fo=0)                   0.000     0.000    sysclk_p
    R3                   IBUFDS (Prop_ibufds_I_O)     0.890     0.890 r  IBUFDS_inst/O
                         net (fo=1, routed)           1.792     2.682    clk_200mhz
    BUFGCTRL_X0Y0        BUFG (Prop_bufg_I_O)         0.082     2.764 r  clk_200mhz_BUFG_inst/O
                         net (fo=28, routed)          1.550     4.314    clk_200mhz_BUFG
    SLICE_X161Y109       FDRE                                         r  clock_divider_reg[16]/C
  -------------------------------------------------------------------    -------------------
    SLICE_X161Y109       FDRE (Prop_fdre_C_Q)         0.379     4.693 r  clock_divider_reg[16]/Q
                         net (fo=2, routed)           0.559     5.252    clock_divider_reg_n_0_[16]
    SLICE_X160Y109       LUT4 (Prop_lut4_I0_O)        0.105     5.357 f  clock_divider[0]_i_3/O
                         net (fo=1, routed)           0.731     6.088    clock_divider[0]_i_3_n_0
    SLICE_X160Y109       LUT6 (Prop_lut6_I0_O)        0.105     6.193 f  clock_divider[0]_i_2/O
                         net (fo=3, routed)           0.348     6.541    clock_divider[0]_i_2_n_0
    SLICE_X160Y107       LUT2 (Prop_lut2_I1_O)        0.105     6.646 r  clock_divider[26]_i_1/O
                         net (fo=26, routed)          0.545     7.191    slow_clk
    SLICE_X161Y109       FDRE                                         r  clock_divider_reg[14]/R
  -------------------------------------------------------------------    -------------------

                         (clock sys_clk_pin rise edge)
                                                      5.000     5.000 r  
    R3                                                0.000     5.000 r  sysclk_p (IN)
                         net (fo=0)                   0.000     5.000    sysclk_p
    R3                   IBUFDS (Prop_ibufds_I_O)     0.850     5.850 r  IBUFDS_inst/O
                         net (fo=1, routed)           1.699     7.549    clk_200mhz
    BUFGCTRL_X0Y0        BUFG (Prop_bufg_I_O)         0.078     7.627 r  clk_200mhz_BUFG_inst/O
                         net (fo=28, routed)          1.442     9.069    clk_200mhz_BUFG
    SLICE_X161Y109       FDRE                                         r  clock_divider_reg[14]/C
                         clock pessimism              0.245     9.314    
                         clock uncertainty           -0.035     9.279    
    SLICE_X161Y109       FDRE (Setup_fdre_C_R)       -0.352     8.927    clock_divider_reg[14]
  -------------------------------------------------------------------
                         required time                          8.927    
                         arrival time                          -7.191    
  -------------------------------------------------------------------
                         slack                                  1.735    

Slack (MET) :             1.735ns  (required time - arrival time)
  Source:                 clock_divider_reg[16]/C
                            (rising edge-triggered cell FDRE clocked by sys_clk_pin  {rise@0.000ns fall@2.500ns period=5.000ns})
  Destination:            clock_divider_reg[15]/R
                            (rising edge-triggered cell FDRE clocked by sys_clk_pin  {rise@0.000ns fall@2.500ns period=5.000ns})
  Path Group:             sys_clk_pin
  Path Type:              Setup (Max at Slow Process Corner)
  Requirement:            5.000ns  (sys_clk_pin rise@5.000ns - sys_clk_pin rise@0.000ns)
  Data Path Delay:        2.877ns  (logic 0.694ns (24.119%)  route 2.183ns (75.881%))
  Logic Levels:           3  (LUT2=1 LUT4=1 LUT6=1)
  Clock Path Skew:        0.000ns (DCD - SCD + CPR)
    Destination Clock Delay (DCD):    4.069ns = ( 9.069 - 5.000 ) 
    Source Clock Delay      (SCD):    4.314ns
    Clock Pessimism Removal (CPR):    0.245ns
  Clock Uncertainty:      0.035ns  ((TSJ^2 + TIJ^2)^1/2 + DJ) / 2 + PE
    Total System Jitter     (TSJ):    0.071ns
    Total Input Jitter      (TIJ):    0.000ns
    Discrete Jitter          (DJ):    0.000ns
    Phase Error              (PE):    0.000ns

    Location             Delay type                Incr(ns)  Path(ns)    Netlist Resource(s)
  -------------------------------------------------------------------    -------------------
                         (clock sys_clk_pin rise edge)
                                                      0.000     0.000 r  
    R3                                                0.000     0.000 r  sysclk_p (IN)
                         net (fo=0)                   0.000     0.000    sysclk_p
    R3                   IBUFDS (Prop_ibufds_I_O)     0.890     0.890 r  IBUFDS_inst/O
                         net (fo=1, routed)           1.792     2.682    clk_200mhz
    BUFGCTRL_X0Y0        BUFG (Prop_bufg_I_O)         0.082     2.764 r  clk_200mhz_BUFG_inst/O
                         net (fo=28, routed)          1.550     4.314    clk_200mhz_BUFG
    SLICE_X161Y109       FDRE                                         r  clock_divider_reg[16]/C
  -------------------------------------------------------------------    -------------------
    SLICE_X161Y109       FDRE (Prop_fdre_C_Q)         0.379     4.693 r  clock_divider_reg[16]/Q
                         net (fo=2, routed)           0.559     5.252    clock_divider_reg_n_0_[16]
    SLICE_X160Y109       LUT4 (Prop_lut4_I0_O)        0.105     5.357 f  clock_divider[0]_i_3/O
                         net (fo=1, routed)           0.731     6.088    clock_divider[0]_i_3_n_0
    SLICE_X160Y109       LUT6 (Prop_lut6_I0_O)        0.105     6.193 f  clock_divider[0]_i_2/O
                         net (fo=3, routed)           0.348     6.541    clock_divider[0]_i_2_n_0
    SLICE_X160Y107       LUT2 (Prop_lut2_I1_O)        0.105     6.646 r  clock_divider[26]_i_1/O
                         net (fo=26, routed)          0.545     7.191    slow_clk
    SLICE_X161Y109       FDRE                                         r  clock_divider_reg[15]/R
  -------------------------------------------------------------------    -------------------

                         (clock sys_clk_pin rise edge)
                                                      5.000     5.000 r  
    R3                                                0.000     5.000 r  sysclk_p (IN)
                         net (fo=0)                   0.000     5.000    sysclk_p
    R3                   IBUFDS (Prop_ibufds_I_O)     0.850     5.850 r  IBUFDS_inst/O
                         net (fo=1, routed)           1.699     7.549    clk_200mhz
    BUFGCTRL_X0Y0        BUFG (Prop_bufg_I_O)         0.078     7.627 r  clk_200mhz_BUFG_inst/O
                         net (fo=28, routed)          1.442     9.069    clk_200mhz_BUFG
    SLICE_X161Y109       FDRE                                         r  clock_divider_reg[15]/C
                         clock pessimism              0.245     9.314    
                         clock uncertainty           -0.035     9.279    
    SLICE_X161Y109       FDRE (Setup_fdre_C_R)       -0.352     8.927    clock_divider_reg[15]
  -------------------------------------------------------------------
                         required time                          8.927    
                         arrival time                          -7.191    
  -------------------------------------------------------------------
                         slack                                  1.735    

Slack (MET) :             1.735ns  (required time - arrival time)
  Source:                 clock_divider_reg[16]/C
                            (rising edge-triggered cell FDRE clocked by sys_clk_pin  {rise@0.000ns fall@2.500ns period=5.000ns})
  Destination:            clock_divider_reg[16]/R
                            (rising edge-triggered cell FDRE clocked by sys_clk_pin  {rise@0.000ns fall@2.500ns period=5.000ns})
  Path Group:             sys_clk_pin
  Path Type:              Setup (Max at Slow Process Corner)
  Requirement:            5.000ns  (sys_clk_pin rise@5.000ns - sys_clk_pin rise@0.000ns)
  Data Path Delay:        2.877ns  (logic 0.694ns (24.119%)  route 2.183ns (75.881%))
  Logic Levels:           3  (LUT2=1 LUT4=1 LUT6=1)
  Clock Path Skew:        0.000ns (DCD - SCD + CPR)
    Destination Clock Delay (DCD):    4.069ns = ( 9.069 - 5.000 ) 
    Source Clock Delay      (SCD):    4.314ns
    Clock Pessimism Removal (CPR):    0.245ns
  Clock Uncertainty:      0.035ns  ((TSJ^2 + TIJ^2)^1/2 + DJ) / 2 + PE
    Total System Jitter     (TSJ):    0.071ns
    Total Input Jitter      (TIJ):    0.000ns
    Discrete Jitter          (DJ):    0.000ns
    Phase Error              (PE):    0.000ns

    Location             Delay type                Incr(ns)  Path(ns)    Netlist Resource(s)
  -------------------------------------------------------------------    -------------------
                         (clock sys_clk_pin rise edge)
                                                      0.000     0.000 r  
    R3                                                0.000     0.000 r  sysclk_p (IN)
                         net (fo=0)                   0.000     0.000    sysclk_p
    R3                   IBUFDS (Prop_ibufds_I_O)     0.890     0.890 r  IBUFDS_inst/O
                         net (fo=1, routed)           1.792     2.682    clk_200mhz
    BUFGCTRL_X0Y0        BUFG (Prop_bufg_I_O)         0.082     2.764 r  clk_200mhz_BUFG_inst/O
                         net (fo=28, routed)          1.550     4.314    clk_200mhz_BUFG
    SLICE_X161Y109       FDRE                                         r  clock_divider_reg[16]/C
  -------------------------------------------------------------------    -------------------
    SLICE_X161Y109       FDRE (Prop_fdre_C_Q)         0.379     4.693 r  clock_divider_reg[16]/Q
                         net (fo=2, routed)           0.559     5.252    clock_divider_reg_n_0_[16]
    SLICE_X160Y109       LUT4 (Prop_lut4_I0_O)        0.105     5.357 f  clock_divider[0]_i_3/O
                         net (fo=1, routed)           0.731     6.088    clock_divider[0]_i_3_n_0
    SLICE_X160Y109       LUT6 (Prop_lut6_I0_O)        0.105     6.193 f  clock_divider[0]_i_2/O
                         net (fo=3, routed)           0.348     6.541    clock_divider[0]_i_2_n_0
    SLICE_X160Y107       LUT2 (Prop_lut2_I1_O)        0.105     6.646 r  clock_divider[26]_i_1/O
                         net (fo=26, routed)          0.545     7.191    slow_clk
    SLICE_X161Y109       FDRE                                         r  clock_divider_reg[16]/R
  -------------------------------------------------------------------    -------------------

                         (clock sys_clk_pin rise edge)
                                                      5.000     5.000 r  
    R3                                                0.000     5.000 r  sysclk_p (IN)
                         net (fo=0)                   0.000     5.000    sysclk_p
    R3                   IBUFDS (Prop_ibufds_I_O)     0.850     5.850 r  IBUFDS_inst/O
                         net (fo=1, routed)           1.699     7.549    clk_200mhz
    BUFGCTRL_X0Y0        BUFG (Prop_bufg_I_O)         0.078     7.627 r  clk_200mhz_BUFG_inst/O
                         net (fo=28, routed)          1.442     9.069    clk_200mhz_BUFG
    SLICE_X161Y109       FDRE                                         r  clock_divider_reg[16]/C
                         clock pessimism              0.245     9.314    
                         clock uncertainty           -0.035     9.279    
    SLICE_X161Y109       FDRE (Setup_fdre_C_R)       -0.352     8.927    clock_divider_reg[16]
  -------------------------------------------------------------------
                         required time                          8.927    
                         arrival time                          -7.191    
  -------------------------------------------------------------------
                         slack                                  1.735    

Slack (MET) :             1.764ns  (required time - arrival time)
  Source:                 clock_divider_reg[16]/C
                            (rising edge-triggered cell FDRE clocked by sys_clk_pin  {rise@0.000ns fall@2.500ns period=5.000ns})
  Destination:            clock_divider_reg[5]/R
                            (rising edge-triggered cell FDRE clocked by sys_clk_pin  {rise@0.000ns fall@2.500ns period=5.000ns})
  Path Group:             sys_clk_pin
  Path Type:              Setup (Max at Slow Process Corner)
  Requirement:            5.000ns  (sys_clk_pin rise@5.000ns - sys_clk_pin rise@0.000ns)
  Data Path Delay:        2.823ns  (logic 0.694ns (24.587%)  route 2.129ns (75.413%))
  Logic Levels:           3  (LUT2=1 LUT4=1 LUT6=1)
  Clock Path Skew:        -0.026ns (DCD - SCD + CPR)
    Destination Clock Delay (DCD):    4.070ns = ( 9.070 - 5.000 ) 
    Source Clock Delay      (SCD):    4.314ns
    Clock Pessimism Removal (CPR):    0.218ns
  Clock Uncertainty:      0.035ns  ((TSJ^2 + TIJ^2)^1/2 + DJ) / 2 + PE
    Total System Jitter     (TSJ):    0.071ns
    Total Input Jitter      (TIJ):    0.000ns
    Discrete Jitter          (DJ):    0.000ns
    Phase Error              (PE):    0.000ns

    Location             Delay type                Incr(ns)  Path(ns)    Netlist Resource(s)
  -------------------------------------------------------------------    -------------------
                         (clock sys_clk_pin rise edge)
                                                      0.000     0.000 r  
    R3                                                0.000     0.000 r  sysclk_p (IN)
                         net (fo=0)                   0.000     0.000    sysclk_p
    R3                   IBUFDS (Prop_ibufds_I_O)     0.890     0.890 r  IBUFDS_inst/O
                         net (fo=1, routed)           1.792     2.682    clk_200mhz
    BUFGCTRL_X0Y0        BUFG (Prop_bufg_I_O)         0.082     2.764 r  clk_200mhz_BUFG_inst/O
                         net (fo=28, routed)          1.550     4.314    clk_200mhz_BUFG
    SLICE_X161Y109       FDRE                                         r  clock_divider_reg[16]/C
  -------------------------------------------------------------------    -------------------
    SLICE_X161Y109       FDRE (Prop_fdre_C_Q)         0.379     4.693 r  clock_divider_reg[16]/Q
                         net (fo=2, routed)           0.559     5.252    clock_divider_reg_n_0_[16]
    SLICE_X160Y109       LUT4 (Prop_lut4_I0_O)        0.105     5.357 f  clock_divider[0]_i_3/O
                         net (fo=1, routed)           0.731     6.088    clock_divider[0]_i_3_n_0
    SLICE_X160Y109       LUT6 (Prop_lut6_I0_O)        0.105     6.193 f  clock_divider[0]_i_2/O
                         net (fo=3, routed)           0.348     6.541    clock_divider[0]_i_2_n_0
    SLICE_X160Y107       LUT2 (Prop_lut2_I1_O)        0.105     6.646 r  clock_divider[26]_i_1/O
                         net (fo=26, routed)          0.491     7.137    slow_clk
    SLICE_X161Y107       FDRE                                         r  clock_divider_reg[5]/R
  -------------------------------------------------------------------    -------------------

                         (clock sys_clk_pin rise edge)
                                                      5.000     5.000 r  
    R3                                                0.000     5.000 r  sysclk_p (IN)
                         net (fo=0)                   0.000     5.000    sysclk_p
    R3                   IBUFDS (Prop_ibufds_I_O)     0.850     5.850 r  IBUFDS_inst/O
                         net (fo=1, routed)           1.699     7.549    clk_200mhz
    BUFGCTRL_X0Y0        BUFG (Prop_bufg_I_O)         0.078     7.627 r  clk_200mhz_BUFG_inst/O
                         net (fo=28, routed)          1.443     9.070    clk_200mhz_BUFG
    SLICE_X161Y107       FDRE                                         r  clock_divider_reg[5]/C
                         clock pessimism              0.218     9.288    
                         clock uncertainty           -0.035     9.253    
    SLICE_X161Y107       FDRE (Setup_fdre_C_R)       -0.352     8.901    clock_divider_reg[5]
  -------------------------------------------------------------------
                         required time                          8.901    
                         arrival time                          -7.137    
  -------------------------------------------------------------------
                         slack                                  1.764    

Slack (MET) :             1.764ns  (required time - arrival time)
  Source:                 clock_divider_reg[16]/C
                            (rising edge-triggered cell FDRE clocked by sys_clk_pin  {rise@0.000ns fall@2.500ns period=5.000ns})
  Destination:            clock_divider_reg[6]/R
                            (rising edge-triggered cell FDRE clocked by sys_clk_pin  {rise@0.000ns fall@2.500ns period=5.000ns})
  Path Group:             sys_clk_pin
  Path Type:              Setup (Max at Slow Process Corner)
  Requirement:            5.000ns  (sys_clk_pin rise@5.000ns - sys_clk_pin rise@0.000ns)
  Data Path Delay:        2.823ns  (logic 0.694ns (24.587%)  route 2.129ns (75.413%))
  Logic Levels:           3  (LUT2=1 LUT4=1 LUT6=1)
  Clock Path Skew:        -0.026ns (DCD - SCD + CPR)
    Destination Clock Delay (DCD):    4.070ns = ( 9.070 - 5.000 ) 
    Source Clock Delay      (SCD):    4.314ns
    Clock Pessimism Removal (CPR):    0.218ns
  Clock Uncertainty:      0.035ns  ((TSJ^2 + TIJ^2)^1/2 + DJ) / 2 + PE
    Total System Jitter     (TSJ):    0.071ns
    Total Input Jitter      (TIJ):    0.000ns
    Discrete Jitter          (DJ):    0.000ns
    Phase Error              (PE):    0.000ns

    Location             Delay type                Incr(ns)  Path(ns)    Netlist Resource(s)
  -------------------------------------------------------------------    -------------------
                         (clock sys_clk_pin rise edge)
                                                      0.000     0.000 r  
    R3                                                0.000     0.000 r  sysclk_p (IN)
                         net (fo=0)                   0.000     0.000    sysclk_p
    R3                   IBUFDS (Prop_ibufds_I_O)     0.890     0.890 r  IBUFDS_inst/O
                         net (fo=1, routed)           1.792     2.682    clk_200mhz
    BUFGCTRL_X0Y0        BUFG (Prop_bufg_I_O)         0.082     2.764 r  clk_200mhz_BUFG_inst/O
                         net (fo=28, routed)          1.550     4.314    clk_200mhz_BUFG
    SLICE_X161Y109       FDRE                                         r  clock_divider_reg[16]/C
  -------------------------------------------------------------------    -------------------
    SLICE_X161Y109       FDRE (Prop_fdre_C_Q)         0.379     4.693 r  clock_divider_reg[16]/Q
                         net (fo=2, routed)           0.559     5.252    clock_divider_reg_n_0_[16]
    SLICE_X160Y109       LUT4 (Prop_lut4_I0_O)        0.105     5.357 f  clock_divider[0]_i_3/O
                         net (fo=1, routed)           0.731     6.088    clock_divider[0]_i_3_n_0
    SLICE_X160Y109       LUT6 (Prop_lut6_I0_O)        0.105     6.193 f  clock_divider[0]_i_2/O
                         net (fo=3, routed)           0.348     6.541    clock_divider[0]_i_2_n_0
    SLICE_X160Y107       LUT2 (Prop_lut2_I1_O)        0.105     6.646 r  clock_divider[26]_i_1/O
                         net (fo=26, routed)          0.491     7.137    slow_clk
    SLICE_X161Y107       FDRE                                         r  clock_divider_reg[6]/R
  -------------------------------------------------------------------    -------------------

                         (clock sys_clk_pin rise edge)
                                                      5.000     5.000 r  
    R3                                                0.000     5.000 r  sysclk_p (IN)
                         net (fo=0)                   0.000     5.000    sysclk_p
    R3                   IBUFDS (Prop_ibufds_I_O)     0.850     5.850 r  IBUFDS_inst/O
                         net (fo=1, routed)           1.699     7.549    clk_200mhz
    BUFGCTRL_X0Y0        BUFG (Prop_bufg_I_O)         0.078     7.627 r  clk_200mhz_BUFG_inst/O
                         net (fo=28, routed)          1.443     9.070    clk_200mhz_BUFG
    SLICE_X161Y107       FDRE                                         r  clock_divider_reg[6]/C
                         clock pessimism              0.218     9.288    
                         clock uncertainty           -0.035     9.253    
    SLICE_X161Y107       FDRE (Setup_fdre_C_R)       -0.352     8.901    clock_divider_reg[6]
  -------------------------------------------------------------------
                         required time                          8.901    
                         arrival time                          -7.137    
  -------------------------------------------------------------------
                         slack                                  1.764    





Min Delay Paths
--------------------------------------------------------------------------------------
Slack (MET) :             0.261ns  (arrival time - required time)
  Source:                 clock_divider_reg[20]/C
                            (rising edge-triggered cell FDRE clocked by sys_clk_pin  {rise@0.000ns fall@2.500ns period=5.000ns})
  Destination:            clock_divider_reg[20]/D
                            (rising edge-triggered cell FDRE clocked by sys_clk_pin  {rise@0.000ns fall@2.500ns period=5.000ns})
  Path Group:             sys_clk_pin
  Path Type:              Hold (Min at Fast Process Corner)
  Requirement:            0.000ns  (sys_clk_pin rise@0.000ns - sys_clk_pin rise@0.000ns)
  Data Path Delay:        0.366ns  (logic 0.249ns (68.030%)  route 0.117ns (31.970%))
  Logic Levels:           1  (CARRY4=1)
  Clock Path Skew:        0.000ns (DCD - SCD - CPR)
    Destination Clock Delay (DCD):    2.103ns
    Source Clock Delay      (SCD):    1.735ns
    Clock Pessimism Removal (CPR):    0.369ns

    Location             Delay type                Incr(ns)  Path(ns)    Netlist Resource(s)
  -------------------------------------------------------------------    -------------------
                         (clock sys_clk_pin rise edge)
                                                      0.000     0.000 r  
    R3                                                0.000     0.000 r  sysclk_p (IN)
                         net (fo=0)                   0.000     0.000    sysclk_p
    R3                   IBUFDS (Prop_ibufds_I_O)     0.386     0.386 r  IBUFDS_inst/O
                         net (fo=1, routed)           0.676     1.062    clk_200mhz
    BUFGCTRL_X0Y0        BUFG (Prop_bufg_I_O)         0.027     1.089 r  clk_200mhz_BUFG_inst/O
                         net (fo=28, routed)          0.646     1.735    clk_200mhz_BUFG
    SLICE_X161Y110       FDRE                                         r  clock_divider_reg[20]/C
  -------------------------------------------------------------------    -------------------
    SLICE_X161Y110       FDRE (Prop_fdre_C_Q)         0.141     1.876 r  clock_divider_reg[20]/Q
                         net (fo=2, routed)           0.117     1.993    clock_divider_reg_n_0_[20]
    SLICE_X161Y110       CARRY4 (Prop_carry4_S[3]_O[3])
                                                      0.108     2.101 r  clock_divider_reg[20]_i_1/O[3]
                         net (fo=1, routed)           0.000     2.101    data0[20]
    SLICE_X161Y110       FDRE                                         r  clock_divider_reg[20]/D
  -------------------------------------------------------------------    -------------------

                         (clock sys_clk_pin rise edge)
                                                      0.000     0.000 r  
    R3                                                0.000     0.000 r  sysclk_p (IN)
                         net (fo=0)                   0.000     0.000    sysclk_p
    R3                   IBUFDS (Prop_ibufds_I_O)     0.421     0.421 r  IBUFDS_inst/O
                         net (fo=1, routed)           0.734     1.155    clk_200mhz
    BUFGCTRL_X0Y0        BUFG (Prop_bufg_I_O)         0.030     1.185 r  clk_200mhz_BUFG_inst/O
                         net (fo=28, routed)          0.919     2.103    clk_200mhz_BUFG
    SLICE_X161Y110       FDRE                                         r  clock_divider_reg[20]/C
                         clock pessimism             -0.369     1.735    
    SLICE_X161Y110       FDRE (Hold_fdre_C_D)         0.105     1.840    clock_divider_reg[20]
  -------------------------------------------------------------------
                         required time                         -1.840    
                         arrival time                           2.101    
  -------------------------------------------------------------------
                         slack                                  0.261    

Slack (MET) :             0.261ns  (arrival time - required time)
  Source:                 clock_divider_reg[16]/C
                            (rising edge-triggered cell FDRE clocked by sys_clk_pin  {rise@0.000ns fall@2.500ns period=5.000ns})
  Destination:            clock_divider_reg[16]/D
                            (rising edge-triggered cell FDRE clocked by sys_clk_pin  {rise@0.000ns fall@2.500ns period=5.000ns})
  Path Group:             sys_clk_pin
  Path Type:              Hold (Min at Fast Process Corner)
  Requirement:            0.000ns  (sys_clk_pin rise@0.000ns - sys_clk_pin rise@0.000ns)
  Data Path Delay:        0.366ns  (logic 0.249ns (68.030%)  route 0.117ns (31.970%))
  Logic Levels:           1  (CARRY4=1)
  Clock Path Skew:        0.000ns (DCD - SCD - CPR)
    Destination Clock Delay (DCD):    2.104ns
    Source Clock Delay      (SCD):    1.736ns
    Clock Pessimism Removal (CPR):    0.369ns

    Location             Delay type                Incr(ns)  Path(ns)    Netlist Resource(s)
  -------------------------------------------------------------------    -------------------
                         (clock sys_clk_pin rise edge)
                                                      0.000     0.000 r  
    R3                                                0.000     0.000 r  sysclk_p (IN)
                         net (fo=0)                   0.000     0.000    sysclk_p
    R3                   IBUFDS (Prop_ibufds_I_O)     0.386     0.386 r  IBUFDS_inst/O
                         net (fo=1, routed)           0.676     1.062    clk_200mhz
    BUFGCTRL_X0Y0        BUFG (Prop_bufg_I_O)         0.027     1.089 r  clk_200mhz_BUFG_inst/O
                         net (fo=28, routed)          0.647     1.736    clk_200mhz_BUFG
    SLICE_X161Y109       FDRE                                         r  clock_divider_reg[16]/C
  -------------------------------------------------------------------    -------------------
    SLICE_X161Y109       FDRE (Prop_fdre_C_Q)         0.141     1.877 r  clock_divider_reg[16]/Q
                         net (fo=2, routed)           0.117     1.994    clock_divider_reg_n_0_[16]
    SLICE_X161Y109       CARRY4 (Prop_carry4_S[3]_O[3])
                                                      0.108     2.102 r  clock_divider_reg[16]_i_1/O[3]
                         net (fo=1, routed)           0.000     2.102    data0[16]
    SLICE_X161Y109       FDRE                                         r  clock_divider_reg[16]/D
  -------------------------------------------------------------------    -------------------

                         (clock sys_clk_pin rise edge)
                                                      0.000     0.000 r  
    R3                                                0.000     0.000 r  sysclk_p (IN)
                         net (fo=0)                   0.000     0.000    sysclk_p
    R3                   IBUFDS (Prop_ibufds_I_O)     0.421     0.421 r  IBUFDS_inst/O
                         net (fo=1, routed)           0.734     1.155    clk_200mhz
    BUFGCTRL_X0Y0        BUFG (Prop_bufg_I_O)         0.030     1.185 r  clk_200mhz_BUFG_inst/O
                         net (fo=28, routed)          0.920     2.104    clk_200mhz_BUFG
    SLICE_X161Y109       FDRE                                         r  clock_divider_reg[16]/C
                         clock pessimism             -0.369     1.736    
    SLICE_X161Y109       FDRE (Hold_fdre_C_D)         0.105     1.841    clock_divider_reg[16]
  -------------------------------------------------------------------
                         required time                         -1.841    
                         arrival time                           2.102    
  -------------------------------------------------------------------
                         slack                                  0.261    

Slack (MET) :             0.262ns  (arrival time - required time)
  Source:                 clock_divider_reg[12]/C
                            (rising edge-triggered cell FDRE clocked by sys_clk_pin  {rise@0.000ns fall@2.500ns period=5.000ns})
  Destination:            clock_divider_reg[12]/D
                            (rising edge-triggered cell FDRE clocked by sys_clk_pin  {rise@0.000ns fall@2.500ns period=5.000ns})
  Path Group:             sys_clk_pin
  Path Type:              Hold (Min at Fast Process Corner)
  Requirement:            0.000ns  (sys_clk_pin rise@0.000ns - sys_clk_pin rise@0.000ns)
  Data Path Delay:        0.367ns  (logic 0.249ns (67.820%)  route 0.118ns (32.180%))
  Logic Levels:           1  (CARRY4=1)
  Clock Path Skew:        0.000ns (DCD - SCD - CPR)
    Destination Clock Delay (DCD):    2.104ns
    Source Clock Delay      (SCD):    1.736ns
    Clock Pessimism Removal (CPR):    0.369ns

    Location             Delay type                Incr(ns)  Path(ns)    Netlist Resource(s)
  -------------------------------------------------------------------    -------------------
                         (clock sys_clk_pin rise edge)
                                                      0.000     0.000 r  
    R3                                                0.000     0.000 r  sysclk_p (IN)
                         net (fo=0)                   0.000     0.000    sysclk_p
    R3                   IBUFDS (Prop_ibufds_I_O)     0.386     0.386 r  IBUFDS_inst/O
                         net (fo=1, routed)           0.676     1.062    clk_200mhz
    BUFGCTRL_X0Y0        BUFG (Prop_bufg_I_O)         0.027     1.089 r  clk_200mhz_BUFG_inst/O
                         net (fo=28, routed)          0.647     1.736    clk_200mhz_BUFG
    SLICE_X161Y108       FDRE                                         r  clock_divider_reg[12]/C
  -------------------------------------------------------------------    -------------------
    SLICE_X161Y108       FDRE (Prop_fdre_C_Q)         0.141     1.877 r  clock_divider_reg[12]/Q
                         net (fo=2, routed)           0.118     1.995    clock_divider_reg_n_0_[12]
    SLICE_X161Y108       CARRY4 (Prop_carry4_S[3]_O[3])
                                                      0.108     2.103 r  clock_divider_reg[12]_i_1/O[3]
                         net (fo=1, routed)           0.000     2.103    data0[12]
    SLICE_X161Y108       FDRE                                         r  clock_divider_reg[12]/D
  -------------------------------------------------------------------    -------------------

                         (clock sys_clk_pin rise edge)
                                                      0.000     0.000 r  
    R3                                                0.000     0.000 r  sysclk_p (IN)
                         net (fo=0)                   0.000     0.000    sysclk_p
    R3                   IBUFDS (Prop_ibufds_I_O)     0.421     0.421 r  IBUFDS_inst/O
                         net (fo=1, routed)           0.734     1.155    clk_200mhz
    BUFGCTRL_X0Y0        BUFG (Prop_bufg_I_O)         0.030     1.185 r  clk_200mhz_BUFG_inst/O
                         net (fo=28, routed)          0.920     2.104    clk_200mhz_BUFG
    SLICE_X161Y108       FDRE                                         r  clock_divider_reg[12]/C
                         clock pessimism             -0.369     1.736    
    SLICE_X161Y108       FDRE (Hold_fdre_C_D)         0.105     1.841    clock_divider_reg[12]
  -------------------------------------------------------------------
                         required time                         -1.841    
                         arrival time                           2.103    
  -------------------------------------------------------------------
                         slack                                  0.262    

Slack (MET) :             0.262ns  (arrival time - required time)
  Source:                 clock_divider_reg[4]/C
                            (rising edge-triggered cell FDRE clocked by sys_clk_pin  {rise@0.000ns fall@2.500ns period=5.000ns})
  Destination:            clock_divider_reg[4]/D
                            (rising edge-triggered cell FDRE clocked by sys_clk_pin  {rise@0.000ns fall@2.500ns period=5.000ns})
  Path Group:             sys_clk_pin
  Path Type:              Hold (Min at Fast Process Corner)
  Requirement:            0.000ns  (sys_clk_pin rise@0.000ns - sys_clk_pin rise@0.000ns)
  Data Path Delay:        0.367ns  (logic 0.249ns (67.820%)  route 0.118ns (32.180%))
  Logic Levels:           1  (CARRY4=1)
  Clock Path Skew:        0.000ns (DCD - SCD - CPR)
    Destination Clock Delay (DCD):    2.105ns
    Source Clock Delay      (SCD):    1.737ns
    Clock Pessimism Removal (CPR):    0.369ns

    Location             Delay type                Incr(ns)  Path(ns)    Netlist Resource(s)
  -------------------------------------------------------------------    -------------------
                         (clock sys_clk_pin rise edge)
                                                      0.000     0.000 r  
    R3                                                0.000     0.000 r  sysclk_p (IN)
                         net (fo=0)                   0.000     0.000    sysclk_p
    R3                   IBUFDS (Prop_ibufds_I_O)     0.386     0.386 r  IBUFDS_inst/O
                         net (fo=1, routed)           0.676     1.062    clk_200mhz
    BUFGCTRL_X0Y0        BUFG (Prop_bufg_I_O)         0.027     1.089 r  clk_200mhz_BUFG_inst/O
                         net (fo=28, routed)          0.648     1.737    clk_200mhz_BUFG
    SLICE_X161Y106       FDRE                                         r  clock_divider_reg[4]/C
  -------------------------------------------------------------------    -------------------
    SLICE_X161Y106       FDRE (Prop_fdre_C_Q)         0.141     1.878 r  clock_divider_reg[4]/Q
                         net (fo=2, routed)           0.118     1.996    clock_divider_reg_n_0_[4]
    SLICE_X161Y106       CARRY4 (Prop_carry4_S[3]_O[3])
                                                      0.108     2.104 r  clock_divider_reg[4]_i_1/O[3]
                         net (fo=1, routed)           0.000     2.104    data0[4]
    SLICE_X161Y106       FDRE                                         r  clock_divider_reg[4]/D
  -------------------------------------------------------------------    -------------------

                         (clock sys_clk_pin rise edge)
                                                      0.000     0.000 r  
    R3                                                0.000     0.000 r  sysclk_p (IN)
                         net (fo=0)                   0.000     0.000    sysclk_p
    R3                   IBUFDS (Prop_ibufds_I_O)     0.421     0.421 r  IBUFDS_inst/O
                         net (fo=1, routed)           0.734     1.155    clk_200mhz
    BUFGCTRL_X0Y0        BUFG (Prop_bufg_I_O)         0.030     1.185 r  clk_200mhz_BUFG_inst/O
                         net (fo=28, routed)          0.921     2.105    clk_200mhz_BUFG
    SLICE_X161Y106       FDRE                                         r  clock_divider_reg[4]/C
                         clock pessimism             -0.369     1.737    
    SLICE_X161Y106       FDRE (Hold_fdre_C_D)         0.105     1.842    clock_divider_reg[4]
  -------------------------------------------------------------------
                         required time                         -1.842    
                         arrival time                           2.104    
  -------------------------------------------------------------------
                         slack                                  0.262    

Slack (MET) :             0.262ns  (arrival time - required time)
  Source:                 clock_divider_reg[8]/C
                            (rising edge-triggered cell FDRE clocked by sys_clk_pin  {rise@0.000ns fall@2.500ns period=5.000ns})
  Destination:            clock_divider_reg[8]/D
                            (rising edge-triggered cell FDRE clocked by sys_clk_pin  {rise@0.000ns fall@2.500ns period=5.000ns})
  Path Group:             sys_clk_pin
  Path Type:              Hold (Min at Fast Process Corner)
  Requirement:            0.000ns  (sys_clk_pin rise@0.000ns - sys_clk_pin rise@0.000ns)
  Data Path Delay:        0.367ns  (logic 0.249ns (67.820%)  route 0.118ns (32.180%))
  Logic Levels:           1  (CARRY4=1)
  Clock Path Skew:        0.000ns (DCD - SCD - CPR)
    Destination Clock Delay (DCD):    2.104ns
    Source Clock Delay      (SCD):    1.736ns
    Clock Pessimism Removal (CPR):    0.369ns

    Location             Delay type                Incr(ns)  Path(ns)    Netlist Resource(s)
  -------------------------------------------------------------------    -------------------
                         (clock sys_clk_pin rise edge)
                                                      0.000     0.000 r  
    R3                                                0.000     0.000 r  sysclk_p (IN)
                         net (fo=0)                   0.000     0.000    sysclk_p
    R3                   IBUFDS (Prop_ibufds_I_O)     0.386     0.386 r  IBUFDS_inst/O
                         net (fo=1, routed)           0.676     1.062    clk_200mhz
    BUFGCTRL_X0Y0        BUFG (Prop_bufg_I_O)         0.027     1.089 r  clk_200mhz_BUFG_inst/O
                         net (fo=28, routed)          0.647     1.736    clk_200mhz_BUFG
    SLICE_X161Y107       FDRE                                         r  clock_divider_reg[8]/C
  -------------------------------------------------------------------    -------------------
    SLICE_X161Y107       FDRE (Prop_fdre_C_Q)         0.141     1.877 r  clock_divider_reg[8]/Q
                         net (fo=2, routed)           0.118     1.995    clock_divider_reg_n_0_[8]
    SLICE_X161Y107       CARRY4 (Prop_carry4_S[3]_O[3])
                                                      0.108     2.103 r  clock_divider_reg[8]_i_1/O[3]
                         net (fo=1, routed)           0.000     2.103    data0[8]
    SLICE_X161Y107       FDRE                                         r  clock_divider_reg[8]/D
  -------------------------------------------------------------------    -------------------

                         (clock sys_clk_pin rise edge)
                                                      0.000     0.000 r  
    R3                                                0.000     0.000 r  sysclk_p (IN)
                         net (fo=0)                   0.000     0.000    sysclk_p
    R3                   IBUFDS (Prop_ibufds_I_O)     0.421     0.421 r  IBUFDS_inst/O
                         net (fo=1, routed)           0.734     1.155    clk_200mhz
    BUFGCTRL_X0Y0        BUFG (Prop_bufg_I_O)         0.030     1.185 r  clk_200mhz_BUFG_inst/O
                         net (fo=28, routed)          0.920     2.104    clk_200mhz_BUFG
    SLICE_X161Y107       FDRE                                         r  clock_divider_reg[8]/C
                         clock pessimism             -0.369     1.736    
    SLICE_X161Y107       FDRE (Hold_fdre_C_D)         0.105     1.841    clock_divider_reg[8]
  -------------------------------------------------------------------
                         required time                         -1.841    
                         arrival time                           2.103    
  -------------------------------------------------------------------
                         slack                                  0.262    

Slack (MET) :             0.262ns  (arrival time - required time)
  Source:                 clock_divider_reg[13]/C
                            (rising edge-triggered cell FDRE clocked by sys_clk_pin  {rise@0.000ns fall@2.500ns period=5.000ns})
  Destination:            clock_divider_reg[13]/D
                            (rising edge-triggered cell FDRE clocked by sys_clk_pin  {rise@0.000ns fall@2.500ns period=5.000ns})
  Path Group:             sys_clk_pin
  Path Type:              Hold (Min at Fast Process Corner)
  Requirement:            0.000ns  (sys_clk_pin rise@0.000ns - sys_clk_pin rise@0.000ns)
  Data Path Delay:        0.367ns  (logic 0.256ns (69.675%)  route 0.111ns (30.325%))
  Logic Levels:           1  (CARRY4=1)
  Clock Path Skew:        0.000ns (DCD - SCD - CPR)
    Destination Clock Delay (DCD):    2.104ns
    Source Clock Delay      (SCD):    1.736ns
    Clock Pessimism Removal (CPR):    0.369ns

    Location             Delay type                Incr(ns)  Path(ns)    Netlist Resource(s)
  -------------------------------------------------------------------    -------------------
                         (clock sys_clk_pin rise edge)
                                                      0.000     0.000 r  
    R3                                                0.000     0.000 r  sysclk_p (IN)
                         net (fo=0)                   0.000     0.000    sysclk_p
    R3                   IBUFDS (Prop_ibufds_I_O)     0.386     0.386 r  IBUFDS_inst/O
                         net (fo=1, routed)           0.676     1.062    clk_200mhz
    BUFGCTRL_X0Y0        BUFG (Prop_bufg_I_O)         0.027     1.089 r  clk_200mhz_BUFG_inst/O
                         net (fo=28, routed)          0.647     1.736    clk_200mhz_BUFG
    SLICE_X161Y109       FDRE                                         r  clock_divider_reg[13]/C
  -------------------------------------------------------------------    -------------------
    SLICE_X161Y109       FDRE (Prop_fdre_C_Q)         0.141     1.877 r  clock_divider_reg[13]/Q
                         net (fo=2, routed)           0.111     1.988    clock_divider_reg_n_0_[13]
    SLICE_X161Y109       CARRY4 (Prop_carry4_S[0]_O[0])
                                                      0.115     2.103 r  clock_divider_reg[16]_i_1/O[0]
                         net (fo=1, routed)           0.000     2.103    data0[13]
    SLICE_X161Y109       FDRE                                         r  clock_divider_reg[13]/D
  -------------------------------------------------------------------    -------------------

                         (clock sys_clk_pin rise edge)
                                                      0.000     0.000 r  
    R3                                                0.000     0.000 r  sysclk_p (IN)
                         net (fo=0)                   0.000     0.000    sysclk_p
    R3                   IBUFDS (Prop_ibufds_I_O)     0.421     0.421 r  IBUFDS_inst/O
                         net (fo=1, routed)           0.734     1.155    clk_200mhz
    BUFGCTRL_X0Y0        BUFG (Prop_bufg_I_O)         0.030     1.185 r  clk_200mhz_BUFG_inst/O
                         net (fo=28, routed)          0.920     2.104    clk_200mhz_BUFG
    SLICE_X161Y109       FDRE                                         r  clock_divider_reg[13]/C
                         clock pessimism             -0.369     1.736    
    SLICE_X161Y109       FDRE (Hold_fdre_C_D)         0.105     1.841    clock_divider_reg[13]
  -------------------------------------------------------------------
                         required time                         -1.841    
                         arrival time                           2.103    
  -------------------------------------------------------------------
                         slack                                  0.262    

Slack (MET) :             0.264ns  (arrival time - required time)
  Source:                 clock_divider_reg[19]/C
                            (rising edge-triggered cell FDRE clocked by sys_clk_pin  {rise@0.000ns fall@2.500ns period=5.000ns})
  Destination:            clock_divider_reg[19]/D
                            (rising edge-triggered cell FDRE clocked by sys_clk_pin  {rise@0.000ns fall@2.500ns period=5.000ns})
  Path Group:             sys_clk_pin
  Path Type:              Hold (Min at Fast Process Corner)
  Requirement:            0.000ns  (sys_clk_pin rise@0.000ns - sys_clk_pin rise@0.000ns)
  Data Path Delay:        0.369ns  (logic 0.252ns (68.309%)  route 0.117ns (31.691%))
  Logic Levels:           1  (CARRY4=1)
  Clock Path Skew:        0.000ns (DCD - SCD - CPR)
    Destination Clock Delay (DCD):    2.103ns
    Source Clock Delay      (SCD):    1.735ns
    Clock Pessimism Removal (CPR):    0.369ns

    Location             Delay type                Incr(ns)  Path(ns)    Netlist Resource(s)
  -------------------------------------------------------------------    -------------------
                         (clock sys_clk_pin rise edge)
                                                      0.000     0.000 r  
    R3                                                0.000     0.000 r  sysclk_p (IN)
                         net (fo=0)                   0.000     0.000    sysclk_p
    R3                   IBUFDS (Prop_ibufds_I_O)     0.386     0.386 r  IBUFDS_inst/O
                         net (fo=1, routed)           0.676     1.062    clk_200mhz
    BUFGCTRL_X0Y0        BUFG (Prop_bufg_I_O)         0.027     1.089 r  clk_200mhz_BUFG_inst/O
                         net (fo=28, routed)          0.646     1.735    clk_200mhz_BUFG
    SLICE_X161Y110       FDRE                                         r  clock_divider_reg[19]/C
  -------------------------------------------------------------------    -------------------
    SLICE_X161Y110       FDRE (Prop_fdre_C_Q)         0.141     1.876 r  clock_divider_reg[19]/Q
                         net (fo=2, routed)           0.117     1.993    clock_divider_reg_n_0_[19]
    SLICE_X161Y110       CARRY4 (Prop_carry4_S[2]_O[2])
                                                      0.111     2.104 r  clock_divider_reg[20]_i_1/O[2]
                         net (fo=1, routed)           0.000     2.104    data0[19]
    SLICE_X161Y110       FDRE                                         r  clock_divider_reg[19]/D
  -------------------------------------------------------------------    -------------------

                         (clock sys_clk_pin rise edge)
                                                      0.000     0.000 r  
    R3                                                0.000     0.000 r  sysclk_p (IN)
                         net (fo=0)                   0.000     0.000    sysclk_p
    R3                   IBUFDS (Prop_ibufds_I_O)     0.421     0.421 r  IBUFDS_inst/O
                         net (fo=1, routed)           0.734     1.155    clk_200mhz
    BUFGCTRL_X0Y0        BUFG (Prop_bufg_I_O)         0.030     1.185 r  clk_200mhz_BUFG_inst/O
                         net (fo=28, routed)          0.919     2.103    clk_200mhz_BUFG
    SLICE_X161Y110       FDRE                                         r  clock_divider_reg[19]/C
                         clock pessimism             -0.369     1.735    
    SLICE_X161Y110       FDRE (Hold_fdre_C_D)         0.105     1.840    clock_divider_reg[19]
  -------------------------------------------------------------------
                         required time                         -1.840    
                         arrival time                           2.104    
  -------------------------------------------------------------------
                         slack                                  0.264    

Slack (MET) :             0.264ns  (arrival time - required time)
  Source:                 clock_divider_reg[0]/C
                            (rising edge-triggered cell FDRE clocked by sys_clk_pin  {rise@0.000ns fall@2.500ns period=5.000ns})
  Destination:            slow_clk_reg/D
                            (rising edge-triggered cell FDRE clocked by sys_clk_pin  {rise@0.000ns fall@2.500ns period=5.000ns})
  Path Group:             sys_clk_pin
  Path Type:              Hold (Min at Fast Process Corner)
  Requirement:            0.000ns  (sys_clk_pin rise@0.000ns - sys_clk_pin rise@0.000ns)
  Data Path Delay:        0.371ns  (logic 0.183ns (49.332%)  route 0.188ns (50.668%))
  Logic Levels:           1  (LUT3=1)
  Clock Path Skew:        0.000ns (DCD - SCD - CPR)
    Destination Clock Delay (DCD):    2.104ns
    Source Clock Delay      (SCD):    1.736ns
    Clock Pessimism Removal (CPR):    0.369ns

    Location             Delay type                Incr(ns)  Path(ns)    Netlist Resource(s)
  -------------------------------------------------------------------    -------------------
                         (clock sys_clk_pin rise edge)
                                                      0.000     0.000 r  
    R3                                                0.000     0.000 r  sysclk_p (IN)
                         net (fo=0)                   0.000     0.000    sysclk_p
    R3                   IBUFDS (Prop_ibufds_I_O)     0.386     0.386 r  IBUFDS_inst/O
                         net (fo=1, routed)           0.676     1.062    clk_200mhz
    BUFGCTRL_X0Y0        BUFG (Prop_bufg_I_O)         0.027     1.089 r  clk_200mhz_BUFG_inst/O
                         net (fo=28, routed)          0.647     1.736    clk_200mhz_BUFG
    SLICE_X160Y107       FDRE                                         r  clock_divider_reg[0]/C
  -------------------------------------------------------------------    -------------------
    SLICE_X160Y107       FDRE (Prop_fdre_C_Q)         0.141     1.877 r  clock_divider_reg[0]/Q
                         net (fo=4, routed)           0.188     2.065    clock_divider_reg_n_0_[0]
    SLICE_X160Y107       LUT3 (Prop_lut3_I0_O)        0.042     2.107 r  slow_clk_i_1/O
                         net (fo=1, routed)           0.000     2.107    slow_clk_i_1_n_0
    SLICE_X160Y107       FDRE                                         r  slow_clk_reg/D
  -------------------------------------------------------------------    -------------------

                         (clock sys_clk_pin rise edge)
                                                      0.000     0.000 r  
    R3                                                0.000     0.000 r  sysclk_p (IN)
                         net (fo=0)                   0.000     0.000    sysclk_p
    R3                   IBUFDS (Prop_ibufds_I_O)     0.421     0.421 r  IBUFDS_inst/O
                         net (fo=1, routed)           0.734     1.155    clk_200mhz
    BUFGCTRL_X0Y0        BUFG (Prop_bufg_I_O)         0.030     1.185 r  clk_200mhz_BUFG_inst/O
                         net (fo=28, routed)          0.920     2.104    clk_200mhz_BUFG
    SLICE_X160Y107       FDRE                                         r  slow_clk_reg/C
                         clock pessimism             -0.369     1.736    
    SLICE_X160Y107       FDRE (Hold_fdre_C_D)         0.107     1.843    slow_clk_reg
  -------------------------------------------------------------------
                         required time                         -1.843    
                         arrival time                           2.107    
  -------------------------------------------------------------------
                         slack                                  0.264    

Slack (MET) :             0.265ns  (arrival time - required time)
  Source:                 clock_divider_reg[23]/C
                            (rising edge-triggered cell FDRE clocked by sys_clk_pin  {rise@0.000ns fall@2.500ns period=5.000ns})
  Destination:            clock_divider_reg[23]/D
                            (rising edge-triggered cell FDRE clocked by sys_clk_pin  {rise@0.000ns fall@2.500ns period=5.000ns})
  Path Group:             sys_clk_pin
  Path Type:              Hold (Min at Fast Process Corner)
  Requirement:            0.000ns  (sys_clk_pin rise@0.000ns - sys_clk_pin rise@0.000ns)
  Data Path Delay:        0.370ns  (logic 0.252ns (68.193%)  route 0.118ns (31.807%))
  Logic Levels:           1  (CARRY4=1)
  Clock Path Skew:        0.000ns (DCD - SCD - CPR)
    Destination Clock Delay (DCD):    2.103ns
    Source Clock Delay      (SCD):    1.735ns
    Clock Pessimism Removal (CPR):    0.369ns

    Location             Delay type                Incr(ns)  Path(ns)    Netlist Resource(s)
  -------------------------------------------------------------------    -------------------
                         (clock sys_clk_pin rise edge)
                                                      0.000     0.000 r  
    R3                                                0.000     0.000 r  sysclk_p (IN)
                         net (fo=0)                   0.000     0.000    sysclk_p
    R3                   IBUFDS (Prop_ibufds_I_O)     0.386     0.386 r  IBUFDS_inst/O
                         net (fo=1, routed)           0.676     1.062    clk_200mhz
    BUFGCTRL_X0Y0        BUFG (Prop_bufg_I_O)         0.027     1.089 r  clk_200mhz_BUFG_inst/O
                         net (fo=28, routed)          0.646     1.735    clk_200mhz_BUFG
    SLICE_X161Y111       FDRE                                         r  clock_divider_reg[23]/C
  -------------------------------------------------------------------    -------------------
    SLICE_X161Y111       FDRE (Prop_fdre_C_Q)         0.141     1.876 r  clock_divider_reg[23]/Q
                         net (fo=2, routed)           0.118     1.993    clock_divider_reg_n_0_[23]
    SLICE_X161Y111       CARRY4 (Prop_carry4_S[2]_O[2])
                                                      0.111     2.104 r  clock_divider_reg[24]_i_1/O[2]
                         net (fo=1, routed)           0.000     2.104    data0[23]
    SLICE_X161Y111       FDRE                                         r  clock_divider_reg[23]/D
  -------------------------------------------------------------------    -------------------

                         (clock sys_clk_pin rise edge)
                                                      0.000     0.000 r  
    R3                                                0.000     0.000 r  sysclk_p (IN)
                         net (fo=0)                   0.000     0.000    sysclk_p
    R3                   IBUFDS (Prop_ibufds_I_O)     0.421     0.421 r  IBUFDS_inst/O
                         net (fo=1, routed)           0.734     1.155    clk_200mhz
    BUFGCTRL_X0Y0        BUFG (Prop_bufg_I_O)         0.030     1.185 r  clk_200mhz_BUFG_inst/O
                         net (fo=28, routed)          0.919     2.103    clk_200mhz_BUFG
    SLICE_X161Y111       FDRE                                         r  clock_divider_reg[23]/C
                         clock pessimism             -0.369     1.735    
    SLICE_X161Y111       FDRE (Hold_fdre_C_D)         0.105     1.840    clock_divider_reg[23]
  -------------------------------------------------------------------
                         required time                         -1.840    
                         arrival time                           2.104    
  -------------------------------------------------------------------
                         slack                                  0.265    

Slack (MET) :             0.265ns  (arrival time - required time)
  Source:                 clock_divider_reg[5]/C
                            (rising edge-triggered cell FDRE clocked by sys_clk_pin  {rise@0.000ns fall@2.500ns period=5.000ns})
  Destination:            clock_divider_reg[5]/D
                            (rising edge-triggered cell FDRE clocked by sys_clk_pin  {rise@0.000ns fall@2.500ns period=5.000ns})
  Path Group:             sys_clk_pin
  Path Type:              Hold (Min at Fast Process Corner)
  Requirement:            0.000ns  (sys_clk_pin rise@0.000ns - sys_clk_pin rise@0.000ns)
  Data Path Delay:        0.370ns  (logic 0.256ns (69.187%)  route 0.114ns (30.813%))
  Logic Levels:           1  (CARRY4=1)
  Clock Path Skew:        0.000ns (DCD - SCD - CPR)
    Destination Clock Delay (DCD):    2.104ns
    Source Clock Delay      (SCD):    1.736ns
    Clock Pessimism Removal (CPR):    0.369ns

    Location             Delay type                Incr(ns)  Path(ns)    Netlist Resource(s)
  -------------------------------------------------------------------    -------------------
                         (clock sys_clk_pin rise edge)
                                                      0.000     0.000 r  
    R3                                                0.000     0.000 r  sysclk_p (IN)
                         net (fo=0)                   0.000     0.000    sysclk_p
    R3                   IBUFDS (Prop_ibufds_I_O)     0.386     0.386 r  IBUFDS_inst/O
                         net (fo=1, routed)           0.676     1.062    clk_200mhz
    BUFGCTRL_X0Y0        BUFG (Prop_bufg_I_O)         0.027     1.089 r  clk_200mhz_BUFG_inst/O
                         net (fo=28, routed)          0.647     1.736    clk_200mhz_BUFG
    SLICE_X161Y107       FDRE                                         r  clock_divider_reg[5]/C
  -------------------------------------------------------------------    -------------------
    SLICE_X161Y107       FDRE (Prop_fdre_C_Q)         0.141     1.877 r  clock_divider_reg[5]/Q
                         net (fo=2, routed)           0.114     1.991    clock_divider_reg_n_0_[5]
    SLICE_X161Y107       CARRY4 (Prop_carry4_S[0]_O[0])
                                                      0.115     2.106 r  clock_divider_reg[8]_i_1/O[0]
                         net (fo=1, routed)           0.000     2.106    data0[5]
    SLICE_X161Y107       FDRE                                         r  clock_divider_reg[5]/D
  -------------------------------------------------------------------    -------------------

                         (clock sys_clk_pin rise edge)
                                                      0.000     0.000 r  
    R3                                                0.000     0.000 r  sysclk_p (IN)
                         net (fo=0)                   0.000     0.000    sysclk_p
    R3                   IBUFDS (Prop_ibufds_I_O)     0.421     0.421 r  IBUFDS_inst/O
                         net (fo=1, routed)           0.734     1.155    clk_200mhz
    BUFGCTRL_X0Y0        BUFG (Prop_bufg_I_O)         0.030     1.185 r  clk_200mhz_BUFG_inst/O
                         net (fo=28, routed)          0.920     2.104    clk_200mhz_BUFG
    SLICE_X161Y107       FDRE                                         r  clock_divider_reg[5]/C
                         clock pessimism             -0.369     1.736    
    SLICE_X161Y107       FDRE (Hold_fdre_C_D)         0.105     1.841    clock_divider_reg[5]
  -------------------------------------------------------------------
                         required time                         -1.841    
                         arrival time                           2.106    
  -------------------------------------------------------------------
                         slack                                  0.265    





Pulse Width Checks
--------------------------------------------------------------------------------------
Clock Name:         sys_clk_pin
Waveform(ns):       { 0.000 2.500 }
Period(ns):         5.000
Sources:            { sysclk_p }

Check Type        Corner  Lib Pin  Reference Pin  Required(ns)  Actual(ns)  Slack(ns)  Location        Pin
Min Period        n/a     BUFG/I   n/a            1.592         5.000       3.408      BUFGCTRL_X0Y0   clk_200mhz_BUFG_inst/I
Min Period        n/a     FDRE/C   n/a            1.000         5.000       4.000      SLICE_X160Y107  clock_divider_reg[0]/C
Min Period        n/a     FDRE/C   n/a            1.000         5.000       4.000      SLICE_X161Y108  clock_divider_reg[10]/C
Min Period        n/a     FDRE/C   n/a            1.000         5.000       4.000      SLICE_X161Y108  clock_divider_reg[11]/C
Min Period        n/a     FDRE/C   n/a            1.000         5.000       4.000      SLICE_X161Y108  clock_divider_reg[12]/C
Min Period        n/a     FDRE/C   n/a            1.000         5.000       4.000      SLICE_X161Y109  clock_divider_reg[13]/C
Min Period        n/a     FDRE/C   n/a            1.000         5.000       4.000      SLICE_X161Y109  clock_divider_reg[14]/C
Min Period        n/a     FDRE/C   n/a            1.000         5.000       4.000      SLICE_X161Y109  clock_divider_reg[15]/C
Min Period        n/a     FDRE/C   n/a            1.000         5.000       4.000      SLICE_X161Y109  clock_divider_reg[16]/C
Min Period        n/a     FDRE/C   n/a            1.000         5.000       4.000      SLICE_X161Y110  clock_divider_reg[17]/C
Low Pulse Width   Slow    FDRE/C   n/a            0.500         2.500       2.000      SLICE_X161Y111  clock_divider_reg[21]/C
Low Pulse Width   Slow    FDRE/C   n/a            0.500         2.500       2.000      SLICE_X161Y111  clock_divider_reg[22]/C
Low Pulse Width   Slow    FDRE/C   n/a            0.500         2.500       2.000      SLICE_X161Y111  clock_divider_reg[23]/C
Low Pulse Width   Slow    FDRE/C   n/a            0.500         2.500       2.000      SLICE_X161Y111  clock_divider_reg[24]/C
Low Pulse Width   Slow    FDRE/C   n/a            0.500         2.500       2.000      SLICE_X161Y112  clock_divider_reg[25]/C
Low Pulse Width   Slow    FDRE/C   n/a            0.500         2.500       2.000      SLICE_X161Y112  clock_divider_reg[26]/C
Low Pulse Width   Fast    FDRE/C   n/a            0.500         2.500       2.000      SLICE_X160Y107  clock_divider_reg[0]/C
Low Pulse Width   Fast    FDRE/C   n/a            0.500         2.500       2.000      SLICE_X161Y108  clock_divider_reg[10]/C
Low Pulse Width   Fast    FDRE/C   n/a            0.500         2.500       2.000      SLICE_X161Y108  clock_divider_reg[11]/C
Low Pulse Width   Fast    FDRE/C   n/a            0.500         2.500       2.000      SLICE_X161Y108  clock_divider_reg[12]/C
High Pulse Width  Fast    FDRE/C   n/a            0.500         2.500       2.000      SLICE_X161Y110  clock_divider_reg[17]/C
High Pulse Width  Fast    FDRE/C   n/a            0.500         2.500       2.000      SLICE_X161Y110  clock_divider_reg[18]/C
High Pulse Width  Fast    FDRE/C   n/a            0.500         2.500       2.000      SLICE_X161Y110  clock_divider_reg[19]/C
High Pulse Width  Fast    FDRE/C   n/a            0.500         2.500       2.000      SLICE_X161Y106  clock_divider_reg[1]/C
High Pulse Width  Fast    FDRE/C   n/a            0.500         2.500       2.000      SLICE_X161Y110  clock_divider_reg[20]/C
High Pulse Width  Fast    FDRE/C   n/a            0.500         2.500       2.000      SLICE_X161Y111  clock_divider_reg[21]/C
High Pulse Width  Fast    FDRE/C   n/a            0.500         2.500       2.000      SLICE_X161Y111  clock_divider_reg[22]/C
High Pulse Width  Fast    FDRE/C   n/a            0.500         2.500       2.000      SLICE_X161Y111  clock_divider_reg[23]/C
High Pulse Width  Fast    FDRE/C   n/a            0.500         2.500       2.000      SLICE_X161Y111  clock_divider_reg[24]/C
High Pulse Width  Fast    FDRE/C   n/a            0.500         2.500       2.000      SLICE_X161Y112  clock_divider_reg[25]/C



