Copyright 1986-2018 Xilinx, Inc. All Rights Reserved.
-----------------------------------------------------------------------------------------
| Tool Version : Vivado v.2018.2 (win64) Build 2258646 Thu Jun 14 20:03:12 MDT 2018
| Date         : Fri Oct 17 11:57:29 2025
| Host         : DESKTOP-540G01R running 64-bit major release  (build 9200)
| Command      : report_control_sets -verbose -file top_register_control_sets_placed.rpt
| Design       : top_register
| Device       : xc7a200t
-----------------------------------------------------------------------------------------

Control Set Information

Table of Contents
-----------------
1. Summary
2. Histogram
3. Flip-Flop Distribution
4. Detailed Control Set Information

1. Summary
----------

+----------------------------------------------------------+-------+
|                          Status                          | Count |
+----------------------------------------------------------+-------+
| Number of unique control sets                            |     3 |
| Unused register locations in slices containing registers |    10 |
+----------------------------------------------------------+-------+


2. Histogram
------------

+--------+--------------+
| Fanout | Control Sets |
+--------+--------------+
|      4 |            1 |
|     14 |            1 |
|    16+ |            1 |
+--------+--------------+


3. Flip-Flop Distribution
-------------------------

+--------------+-----------------------+------------------------+-----------------+--------------+
| Clock Enable | Synchronous Set/Reset | Asynchronous Set/Reset | Total Registers | Total Slices |
+--------------+-----------------------+------------------------+-----------------+--------------+
| No           | No                    | No                     |               4 |            1 |
| No           | No                    | Yes                    |              14 |            3 |
| No           | Yes                   | No                     |              52 |            7 |
| Yes          | No                    | No                     |               0 |            0 |
| Yes          | No                    | Yes                    |               0 |            0 |
| Yes          | Yes                   | No                     |               0 |            0 |
+--------------+-----------------------+------------------------+-----------------+--------------+


4. Detailed Control Set Information
-----------------------------------

+----------------------------+---------------+---------------------+------------------+----------------+
|        Clock Signal        | Enable Signal |   Set/Reset Signal  | Slice Load Count | Bel Load Count |
+----------------------------+---------------+---------------------+------------------+----------------+
|  clk_200mhz_BUFG           |               |                     |                1 |              4 |
|  reg_inst/JK3/clock_source |               | pushbuttons_IBUF[0] |                3 |             14 |
|  clk_200mhz_BUFG           |               | slow_clk            |                7 |             52 |
+----------------------------+---------------+---------------------+------------------+----------------+


