#-----------------------------------------------------------
# Vivado v2018.2 (64-bit)
# SW Build 2258646 on Thu Jun 14 20:03:12 MDT 2018
# IP Build 2256618 on Thu Jun 14 22:10:49 MDT 2018
# Start of session at: Thu Dec 11 16:32:42 2025
# Process ID: 12220
# Current directory: C:/Users/dw800/Desktop/lab4
# Command line: vivado.exe -gui_launcher_event rodinguilauncherevent11380 C:\Users\dw800\Desktop\lab4\lab4.xpr
# Log file: C:/Users/dw800/Desktop/lab4/vivado.log
# Journal file: C:/Users/dw800/Desktop/lab4\vivado.jou
#-----------------------------------------------------------
start_gui
open_project C:/Users/dw800/Desktop/lab4/lab4.xpr
INFO: [Project 1-313] Project file moved from 'C:/Users/dw800/YandexDisk/7TERM/¿œ÷”/shcerbakov/lab4' since last save.
Scanning sources...
Finished scanning sources
INFO: [IP_Flow 19-234] Refreshing IP repositories
INFO: [IP_Flow 19-1704] No user IP repositories specified
INFO: [IP_Flow 19-2313] Loaded Vivado IP repository 'C:/Programs/Xilinx/Vivado/2018.2/data/ip'.
open_project: Time (s): cpu = 00:00:16 ; elapsed = 00:00:09 . Memory (MB): peak = 864.051 ; gain = 140.941
update_compile_order -fileset sources_1
reset_run synth_1
launch_runs synth_1 -jobs 4
[Thu Dec 11 16:33:20 2025] Launched synth_1...
Run output will be captured here: C:/Users/dw800/Desktop/lab4/lab4.runs/synth_1/runme.log
launch_runs impl_1 -jobs 4
[Thu Dec 11 16:34:30 2025] Launched impl_1...
Run output will be captured here: C:/Users/dw800/Desktop/lab4/lab4.runs/impl_1/runme.log
launch_runs impl_1 -to_step write_bitstream -jobs 4
[Thu Dec 11 16:37:20 2025] Launched impl_1...
Run output will be captured here: C:/Users/dw800/Desktop/lab4/lab4.runs/impl_1/runme.log
reset_run synth_1
launch_runs impl_1 -to_step write_bitstream -jobs 4
[Thu Dec 11 16:43:29 2025] Launched synth_1...
Run output will be captured here: C:/Users/dw800/Desktop/lab4/lab4.runs/synth_1/runme.log
[Thu Dec 11 16:43:30 2025] Launched impl_1...
Run output will be captured here: C:/Users/dw800/Desktop/lab4/lab4.runs/impl_1/runme.log
reset_run synth_1
launch_runs impl_1 -to_step write_bitstream -jobs 4
[Thu Dec 11 16:53:28 2025] Launched synth_1...
Run output will be captured here: C:/Users/dw800/Desktop/lab4/lab4.runs/synth_1/runme.log
[Thu Dec 11 16:53:28 2025] Launched impl_1...
Run output will be captured here: C:/Users/dw800/Desktop/lab4/lab4.runs/impl_1/runme.log
reset_run synth_1
launch_runs impl_1 -to_step write_bitstream -jobs 4
[Thu Dec 11 16:59:55 2025] Launched synth_1...
Run output will be captured here: C:/Users/dw800/Desktop/lab4/lab4.runs/synth_1/runme.log
[Thu Dec 11 16:59:55 2025] Launched impl_1...
Run output will be captured here: C:/Users/dw800/Desktop/lab4/lab4.runs/impl_1/runme.log
open_hw
exit
INFO: [Common 17-206] Exiting Vivado at Thu Dec 11 17:06:55 2025...
