#-----------------------------------------------------------
# Vivado v2018.2 (64-bit)
# SW Build 2258646 on Thu Jun 14 20:03:12 MDT 2018
# IP Build 2256618 on Thu Jun 14 22:10:49 MDT 2018
# Start of session at: Thu Dec 11 16:28:17 2025
# Process ID: 19428
# Current directory: C:/Users/dw800/YandexDisk/7TERM/老钟/shcerbakov/lab4
# Command line: vivado.exe -gui_launcher_event rodinguilauncherevent16380 C:\Users\dw800\YandexDisk\7TERM\老钟\shcerbakov\lab4\lab4.xpr
# Log file: C:/Users/dw800/YandexDisk/7TERM/老钟/shcerbakov/lab4/vivado.log
# Journal file: C:/Users/dw800/YandexDisk/7TERM/老钟/shcerbakov/lab4\vivado.jou
#-----------------------------------------------------------
start_gui
open_project C:/Users/dw800/YandexDisk/7TERM/老钟/shcerbakov/lab4/lab4.xpr
INFO: [Project 1-313] Project file moved from 'D:/APCU/lab4' since last save.
Scanning sources...
Finished scanning sources
INFO: [IP_Flow 19-234] Refreshing IP repositories
INFO: [IP_Flow 19-1704] No user IP repositories specified
INFO: [IP_Flow 19-2313] Loaded Vivado IP repository 'C:/Programs/Xilinx/Vivado/2018.2/data/ip'.
open_project: Time (s): cpu = 00:00:20 ; elapsed = 00:00:11 . Memory (MB): peak = 881.680 ; gain = 155.141
update_compile_order -fileset sources_1
ERROR: [Vivado 12-106] *** Exception: java.lang.IllegalStateException: cannot open system clipboard (See C:/Users/dw800/YandexDisk/7TERM/老钟/shcerbakov/lab4/vivado_pid19428.debug)
close [ open C:/Users/dw800/YandexDisk/7TERM/老钟/shcerbakov/lab4/lab4.srcs/sources_1/new/clk_debounce_1hz.vhd w ]
add_files C:/Users/dw800/YandexDisk/7TERM/老钟/shcerbakov/lab4/lab4.srcs/sources_1/new/clk_debounce_1hz.vhd
update_compile_order -fileset sources_1
launch_simulation
INFO: [Vivado 12-5682] Launching behavioral simulation in 'C:/Users/dw800/YandexDisk/7TERM/老钟/shcerbakov/lab4/lab4.sim/sim_1/behav/xsim'
INFO: [SIM-utils-51] Simulation object is 'sim_1'
INFO: [SIM-utils-54] Inspecting design source files for 'top_register' in fileset 'sim_1'...
INFO: [USF-XSim-97] Finding global include files...
INFO: [USF-XSim-98] Fetching design files from 'sim_1'...
INFO: [USF-XSim-2] XSim::Compile design
INFO: [USF-XSim-61] Executing 'COMPILE and ANALYZE' step in 'C:/Users/dw800/YandexDisk/7TERM/老钟/shcerbakov/lab4/lab4.sim/sim_1/behav/xsim'
"xvhdl --incr --relax -prj top_register_vhdl.prj"
INFO: [VRFC 10-163] Analyzing VHDL file "C:/Users/dw800/YandexDisk/7TERM/老钟/shcerbakov/lab4/JK_trigger.vhd" into library xil_defaultlib
INFO: [VRFC 10-307] analyzing entity JK_trigger
INFO: [VRFC 10-163] Analyzing VHDL file "C:/Users/dw800/YandexDisk/7TERM/老钟/shcerbakov/lab4/lab4.srcs/sources_1/new/clk_debounce_1hz.vhd" into library xil_defaultlib
INFO: [VRFC 10-307] analyzing entity clk_debounce_1hz
INFO: [VRFC 10-163] Analyzing VHDL file "C:/Users/dw800/YandexDisk/7TERM/老钟/shcerbakov/lab4/shift_reg.vhd" into library xil_defaultlib
INFO: [VRFC 10-307] analyzing entity ParallelShiftRegister
INFO: [VRFC 10-163] Analyzing VHDL file "C:/Users/dw800/YandexDisk/7TERM/老钟/shcerbakov/lab4/lab4.srcs/sources_1/new/top_shift_register.vhd" into library xil_defaultlib
INFO: [VRFC 10-307] analyzing entity my_top
ERROR: [VRFC 10-91] ibufgds is not declared [C:/Users/dw800/YandexDisk/7TERM/老钟/shcerbakov/lab4/lab4.srcs/sources_1/new/top_shift_register.vhd:43]
WARNING: [VRFC 10-280] actual for formal port mr_n is neither a static name nor a globally static expression [C:/Users/dw800/YandexDisk/7TERM/老钟/shcerbakov/lab4/lab4.srcs/sources_1/new/top_shift_register.vhd:67]
WARNING: [VRFC 10-280] actual for formal port j is neither a static name nor a globally static expression [C:/Users/dw800/YandexDisk/7TERM/老钟/shcerbakov/lab4/lab4.srcs/sources_1/new/top_shift_register.vhd:70]
ERROR: [VRFC 10-1504] unit rtl ignored due to previous errors [C:/Users/dw800/YandexDisk/7TERM/老钟/shcerbakov/lab4/lab4.srcs/sources_1/new/top_shift_register.vhd:30]
INFO: [VRFC 10-240] VHDL file C:/Users/dw800/YandexDisk/7TERM/老钟/shcerbakov/lab4/lab4.srcs/sources_1/new/top_shift_register.vhd ignored due to errors
INFO: [USF-XSim-69] 'compile' step finished in '2' seconds
INFO: [USF-XSim-99] Step results log file:'C:/Users/dw800/YandexDisk/7TERM/老钟/shcerbakov/lab4/lab4.sim/sim_1/behav/xsim/xvhdl.log'
ERROR: [USF-XSim-62] 'compile' step failed with error(s). Please check the Tcl console output or 'C:/Users/dw800/YandexDisk/7TERM/老钟/shcerbakov/lab4/lab4.sim/sim_1/behav/xsim/xvhdl.log' file for more information.
ERROR: [Vivado 12-4473] Detected error while running simulation. Please correct the issue and retry this operation.
launch_simulation: Time (s): cpu = 00:00:02 ; elapsed = 00:00:06 . Memory (MB): peak = 910.527 ; gain = 0.000
ERROR: [Common 17-39] 'launch_simulation' failed due to earlier errors.
update_compile_order -fileset sources_1
exit
INFO: [Common 17-206] Exiting Vivado at Thu Dec 11 16:32:22 2025...
