
*** Running vivado
    with args -log my_top.vds -m64 -product Vivado -mode batch -messageDb vivado.pb -notrace -source my_top.tcl


****** Vivado v2018.2 (64-bit)
  **** SW Build 2258646 on Thu Jun 14 20:03:12 MDT 2018
  **** IP Build 2256618 on Thu Jun 14 22:10:49 MDT 2018
    ** Copyright 1986-2018 Xilinx, Inc. All Rights Reserved.

source my_top.tcl -notrace
Command: synth_design -top my_top -part xc7a200tfbg676-2
Starting synth_design
Attempting to get a license for feature 'Synthesis' and/or device 'xc7a200t'
INFO: [Common 17-349] Got license for feature 'Synthesis' and/or device 'xc7a200t'
INFO: Launching helper process for spawning children vivado processes
INFO: Helper process launched with PID 17600 
---------------------------------------------------------------------------------
Starting RTL Elaboration : Time (s): cpu = 00:00:02 ; elapsed = 00:00:03 . Memory (MB): peak = 409.262 ; gain = 95.863
---------------------------------------------------------------------------------
WARNING: [Synth 8-1090] 'ibufgds' is not compiled in library work [C:/Users/dw800/Desktop/lab4/lab4.srcs/sources_1/new/top_shift_register.vhd:43]
WARNING: [Synth 8-1565] actual for formal port mr_n is neither a static name nor a globally static expression [C:/Users/dw800/Desktop/lab4/lab4.srcs/sources_1/new/top_shift_register.vhd:67]
WARNING: [Synth 8-1565] actual for formal port j is neither a static name nor a globally static expression [C:/Users/dw800/Desktop/lab4/lab4.srcs/sources_1/new/top_shift_register.vhd:70]
INFO: [Synth 8-638] synthesizing module 'my_top' [C:/Users/dw800/Desktop/lab4/lab4.srcs/sources_1/new/top_shift_register.vhd:30]
INFO: [Synth 8-6157] synthesizing module 'IBUFGDS' [C:/Programs/Xilinx/Vivado/2018.2/scripts/rt/data/unisim_comp.v:19911]
	Parameter CAPACITANCE bound to: DONT_CARE - type: string 
	Parameter DIFF_TERM bound to: FALSE - type: string 
	Parameter IBUF_DELAY_VALUE bound to: 0 - type: string 
	Parameter IBUF_LOW_PWR bound to: TRUE - type: string 
	Parameter IOSTANDARD bound to: DEFAULT - type: string 
INFO: [Synth 8-6155] done synthesizing module 'IBUFGDS' (1#1) [C:/Programs/Xilinx/Vivado/2018.2/scripts/rt/data/unisim_comp.v:19911]
INFO: [Synth 8-638] synthesizing module 'clk_debounce_1hz' [C:/Users/dw800/Desktop/lab4/lab4.srcs/sources_1/new/clk_debounce_1hz.vhd:20]
WARNING: [Synth 8-6014] Unused sequential element cnt_1hz_reg was removed.  [C:/Users/dw800/Desktop/lab4/lab4.srcs/sources_1/new/clk_debounce_1hz.vhd:35]
INFO: [Synth 8-256] done synthesizing module 'clk_debounce_1hz' (2#1) [C:/Users/dw800/Desktop/lab4/lab4.srcs/sources_1/new/clk_debounce_1hz.vhd:20]
INFO: [Synth 8-638] synthesizing module 'ParallelShiftRegister' [C:/Users/dw800/Desktop/lab4/shift_reg.vhd:26]
INFO: [Synth 8-3491] module 'JK_trigger' declared at 'C:/Users/dw800/Desktop/lab4/JK_trigger.vhd:34' bound to instance 'JK0' of component 'JK_trigger' [C:/Users/dw800/Desktop/lab4/shift_reg.vhd:43]
INFO: [Synth 8-638] synthesizing module 'JK_trigger' [C:/Users/dw800/Desktop/lab4/JK_trigger.vhd:44]
INFO: [Synth 8-5837] Detected dual asynchronous set and preset for register q_temp_reg in module JK_trigger. This is not a recommended register style for Xilinx devices  [C:/Users/dw800/Desktop/lab4/JK_trigger.vhd:50]
INFO: [Synth 8-256] done synthesizing module 'JK_trigger' (3#1) [C:/Users/dw800/Desktop/lab4/JK_trigger.vhd:44]
INFO: [Synth 8-3491] module 'JK_trigger' declared at 'C:/Users/dw800/Desktop/lab4/JK_trigger.vhd:34' bound to instance 'JK1' of component 'JK_trigger' [C:/Users/dw800/Desktop/lab4/shift_reg.vhd:58]
INFO: [Synth 8-3491] module 'JK_trigger' declared at 'C:/Users/dw800/Desktop/lab4/JK_trigger.vhd:34' bound to instance 'JK2' of component 'JK_trigger' [C:/Users/dw800/Desktop/lab4/shift_reg.vhd:74]
INFO: [Synth 8-3491] module 'JK_trigger' declared at 'C:/Users/dw800/Desktop/lab4/JK_trigger.vhd:34' bound to instance 'JK3' of component 'JK_trigger' [C:/Users/dw800/Desktop/lab4/shift_reg.vhd:90]
INFO: [Synth 8-256] done synthesizing module 'ParallelShiftRegister' (4#1) [C:/Users/dw800/Desktop/lab4/shift_reg.vhd:26]
INFO: [Synth 8-256] done synthesizing module 'my_top' (5#1) [C:/Users/dw800/Desktop/lab4/lab4.srcs/sources_1/new/top_shift_register.vhd:30]
---------------------------------------------------------------------------------
Finished RTL Elaboration : Time (s): cpu = 00:00:04 ; elapsed = 00:00:04 . Memory (MB): peak = 462.293 ; gain = 148.895
---------------------------------------------------------------------------------

Report Check Netlist: 
+------+------------------+-------+---------+-------+------------------+
|      |Item              |Errors |Warnings |Status |Description       |
+------+------------------+-------+---------+-------+------------------+
|1     |multi_driven_nets |      0|        0|Passed |Multi driven nets |
+------+------------------+-------+---------+-------+------------------+
---------------------------------------------------------------------------------
Start Handling Custom Attributes
---------------------------------------------------------------------------------
---------------------------------------------------------------------------------
Finished Handling Custom Attributes : Time (s): cpu = 00:00:04 ; elapsed = 00:00:05 . Memory (MB): peak = 462.293 ; gain = 148.895
---------------------------------------------------------------------------------
---------------------------------------------------------------------------------
Finished RTL Optimization Phase 1 : Time (s): cpu = 00:00:04 ; elapsed = 00:00:05 . Memory (MB): peak = 462.293 ; gain = 148.895
---------------------------------------------------------------------------------
INFO: [Netlist 29-17] Analyzing 1 Unisim elements for replacement
INFO: [Netlist 29-28] Unisim Transformation completed in 0 CPU seconds
INFO: [Device 21-403] Loading part xc7a200tfbg676-2
INFO: [Project 1-570] Preparing netlist for logic optimization

Processing XDC Constraints
Initializing timing engine
Parsing XDC File [C:/Users/dw800/Desktop/lab4/top.xdc]
Finished Parsing XDC File [C:/Users/dw800/Desktop/lab4/top.xdc]
INFO: [Project 1-236] Implementation specific constraints were found while reading constraint file [C:/Users/dw800/Desktop/lab4/top.xdc]. These constraints will be ignored for synthesis but will be used in implementation. Impacted constraints are listed in the file [.Xil/my_top_propImpl.xdc].
Resolution: To avoid this warning, move constraints listed in [.Xil/my_top_propImpl.xdc] to another XDC file and exclude this new file from synthesis with the used_in_synthesis property (File Properties dialog in GUI) and re-run elaboration/synthesis.
Completed Processing XDC Constraints

INFO: [Project 1-111] Unisim Transformation Summary:
  A total of 1 instances were transformed.
  IBUFGDS => IBUFDS: 1 instances

Constraint Validation Runtime : Time (s): cpu = 00:00:00 ; elapsed = 00:00:00.003 . Memory (MB): peak = 849.625 ; gain = 0.000
---------------------------------------------------------------------------------
Finished Constraint Validation : Time (s): cpu = 00:00:16 ; elapsed = 00:00:19 . Memory (MB): peak = 849.625 ; gain = 536.227
---------------------------------------------------------------------------------
---------------------------------------------------------------------------------
Start Loading Part and Timing Information
---------------------------------------------------------------------------------
Loading part: xc7a200tfbg676-2
---------------------------------------------------------------------------------
Finished Loading Part and Timing Information : Time (s): cpu = 00:00:16 ; elapsed = 00:00:19 . Memory (MB): peak = 849.625 ; gain = 536.227
---------------------------------------------------------------------------------
---------------------------------------------------------------------------------
Start Applying 'set_property' XDC Constraints
---------------------------------------------------------------------------------
---------------------------------------------------------------------------------
Finished applying 'set_property' XDC Constraints : Time (s): cpu = 00:00:16 ; elapsed = 00:00:20 . Memory (MB): peak = 849.625 ; gain = 536.227
---------------------------------------------------------------------------------
INFO: [Synth 8-5544] ROM "btn_stable" won't be mapped to Block RAM because address size (2) smaller than threshold (5)
INFO: [Synth 8-5544] ROM "btn_stable" won't be mapped to Block RAM because address size (2) smaller than threshold (5)
---------------------------------------------------------------------------------
Finished RTL Optimization Phase 2 : Time (s): cpu = 00:00:17 ; elapsed = 00:00:20 . Memory (MB): peak = 849.625 ; gain = 536.227
---------------------------------------------------------------------------------

Report RTL Partitions: 
+-+--------------+------------+----------+
| |RTL Partition |Replication |Instances |
+-+--------------+------------+----------+
+-+--------------+------------+----------+
---------------------------------------------------------------------------------
Start RTL Component Statistics 
---------------------------------------------------------------------------------
Detailed RTL Component Info : 
+---Registers : 
	                3 Bit    Registers := 1     
	                1 Bit    Registers := 8     
+---Muxes : 
	   2 Input      1 Bit        Muxes := 7     
---------------------------------------------------------------------------------
Finished RTL Component Statistics 
---------------------------------------------------------------------------------
---------------------------------------------------------------------------------
Start RTL Hierarchical Component Statistics 
---------------------------------------------------------------------------------
Hierarchical RTL Component report 
Module my_top 
Detailed RTL Component Info : 
+---Muxes : 
	   2 Input      1 Bit        Muxes := 1     
Module clk_debounce_1hz 
Detailed RTL Component Info : 
+---Registers : 
	                3 Bit    Registers := 1     
	                1 Bit    Registers := 4     
+---Muxes : 
	   2 Input      1 Bit        Muxes := 2     
Module JK_trigger 
Detailed RTL Component Info : 
+---Registers : 
	                1 Bit    Registers := 1     
+---Muxes : 
	   2 Input      1 Bit        Muxes := 1     
---------------------------------------------------------------------------------
Finished RTL Hierarchical Component Statistics
---------------------------------------------------------------------------------
---------------------------------------------------------------------------------
Start Part Resource Summary
---------------------------------------------------------------------------------
Part Resources:
DSPs: 740 (col length:100)
BRAMs: 730 (col length: RAMB18 100 RAMB36 50)
---------------------------------------------------------------------------------
Finished Part Resource Summary
---------------------------------------------------------------------------------
---------------------------------------------------------------------------------
Start Cross Boundary and Area Optimization
---------------------------------------------------------------------------------
Warning: Parallel synthesis criteria is not met 
INFO: [Synth 8-3333] propagating constant 0 across sequential element (\u_clk/tick_1hz_reg )
WARNING: [Synth 8-3332] Sequential element (u_clk/tick_1hz_reg) is unused and will be removed from module my_top.
---------------------------------------------------------------------------------
Finished Cross Boundary and Area Optimization : Time (s): cpu = 00:00:17 ; elapsed = 00:00:20 . Memory (MB): peak = 849.625 ; gain = 536.227
---------------------------------------------------------------------------------

Report RTL Partitions: 
+-+--------------+------------+----------+
| |RTL Partition |Replication |Instances |
+-+--------------+------------+----------+
+-+--------------+------------+----------+
---------------------------------------------------------------------------------
Start Applying XDC Timing Constraints
---------------------------------------------------------------------------------
---------------------------------------------------------------------------------
Finished Applying XDC Timing Constraints : Time (s): cpu = 00:00:29 ; elapsed = 00:00:34 . Memory (MB): peak = 849.625 ; gain = 536.227
---------------------------------------------------------------------------------
---------------------------------------------------------------------------------
Start Timing Optimization
---------------------------------------------------------------------------------
---------------------------------------------------------------------------------
Finished Timing Optimization : Time (s): cpu = 00:00:29 ; elapsed = 00:00:34 . Memory (MB): peak = 849.625 ; gain = 536.227
---------------------------------------------------------------------------------

Report RTL Partitions: 
+-+--------------+------------+----------+
| |RTL Partition |Replication |Instances |
+-+--------------+------------+----------+
+-+--------------+------------+----------+
---------------------------------------------------------------------------------
Start Technology Mapping
---------------------------------------------------------------------------------
---------------------------------------------------------------------------------
Finished Technology Mapping : Time (s): cpu = 00:00:29 ; elapsed = 00:00:34 . Memory (MB): peak = 849.625 ; gain = 536.227
---------------------------------------------------------------------------------

Report RTL Partitions: 
+-+--------------+------------+----------+
| |RTL Partition |Replication |Instances |
+-+--------------+------------+----------+
+-+--------------+------------+----------+
---------------------------------------------------------------------------------
Start IO Insertion
---------------------------------------------------------------------------------
---------------------------------------------------------------------------------
Start Flattening Before IO Insertion
---------------------------------------------------------------------------------
---------------------------------------------------------------------------------
Finished Flattening Before IO Insertion
---------------------------------------------------------------------------------
---------------------------------------------------------------------------------
Start Final Netlist Cleanup
---------------------------------------------------------------------------------
---------------------------------------------------------------------------------
Finished Final Netlist Cleanup
---------------------------------------------------------------------------------
---------------------------------------------------------------------------------
Finished IO Insertion : Time (s): cpu = 00:00:30 ; elapsed = 00:00:35 . Memory (MB): peak = 849.625 ; gain = 536.227
---------------------------------------------------------------------------------

Report Check Netlist: 
+------+------------------+-------+---------+-------+------------------+
|      |Item              |Errors |Warnings |Status |Description       |
+------+------------------+-------+---------+-------+------------------+
|1     |multi_driven_nets |      0|        0|Passed |Multi driven nets |
+------+------------------+-------+---------+-------+------------------+
---------------------------------------------------------------------------------
Start Renaming Generated Instances
---------------------------------------------------------------------------------
---------------------------------------------------------------------------------
Finished Renaming Generated Instances : Time (s): cpu = 00:00:30 ; elapsed = 00:00:35 . Memory (MB): peak = 849.625 ; gain = 536.227
---------------------------------------------------------------------------------

Report RTL Partitions: 
+-+--------------+------------+----------+
| |RTL Partition |Replication |Instances |
+-+--------------+------------+----------+
+-+--------------+------------+----------+
---------------------------------------------------------------------------------
Start Rebuilding User Hierarchy
---------------------------------------------------------------------------------
---------------------------------------------------------------------------------
Finished Rebuilding User Hierarchy : Time (s): cpu = 00:00:30 ; elapsed = 00:00:35 . Memory (MB): peak = 849.625 ; gain = 536.227
---------------------------------------------------------------------------------
---------------------------------------------------------------------------------
Start Renaming Generated Ports
---------------------------------------------------------------------------------
---------------------------------------------------------------------------------
Finished Renaming Generated Ports : Time (s): cpu = 00:00:30 ; elapsed = 00:00:35 . Memory (MB): peak = 849.625 ; gain = 536.227
---------------------------------------------------------------------------------
---------------------------------------------------------------------------------
Start Handling Custom Attributes
---------------------------------------------------------------------------------
---------------------------------------------------------------------------------
Finished Handling Custom Attributes : Time (s): cpu = 00:00:30 ; elapsed = 00:00:35 . Memory (MB): peak = 849.625 ; gain = 536.227
---------------------------------------------------------------------------------
---------------------------------------------------------------------------------
Start Renaming Generated Nets
---------------------------------------------------------------------------------
---------------------------------------------------------------------------------
Finished Renaming Generated Nets : Time (s): cpu = 00:00:30 ; elapsed = 00:00:35 . Memory (MB): peak = 849.625 ; gain = 536.227
---------------------------------------------------------------------------------
---------------------------------------------------------------------------------
Start Writing Synthesis Report
---------------------------------------------------------------------------------

Report BlackBoxes: 
+-+--------------+----------+
| |BlackBox name |Instances |
+-+--------------+----------+
+-+--------------+----------+

Report Cell Usage: 
+------+--------+------+
|      |Cell    |Count |
+------+--------+------+
|1     |BUFG    |     1|
|2     |LUT1    |     1|
|3     |LUT2    |     2|
|4     |LUT3    |     4|
|5     |LUT5    |     1|
|6     |FDCE    |     4|
|7     |FDRE    |     6|
|8     |IBUF    |     9|
|9     |IBUFGDS |     1|
|10    |OBUF    |     5|
+------+--------+------+

Report Instance Areas: 
+------+---------+----------------------+------+
|      |Instance |Module                |Cells |
+------+---------+----------------------+------+
|1     |top      |                      |    34|
|2     |  u_clk  |clk_debounce_1hz      |     9|
|3     |  u_reg  |ParallelShiftRegister |     9|
|4     |    JK0  |JK_trigger            |     3|
|5     |    JK1  |JK_trigger_0          |     2|
|6     |    JK2  |JK_trigger_1          |     2|
|7     |    JK3  |JK_trigger_2          |     2|
+------+---------+----------------------+------+
---------------------------------------------------------------------------------
Finished Writing Synthesis Report : Time (s): cpu = 00:00:30 ; elapsed = 00:00:35 . Memory (MB): peak = 849.625 ; gain = 536.227
---------------------------------------------------------------------------------
Synthesis finished with 0 errors, 0 critical warnings and 1 warnings.
Synthesis Optimization Runtime : Time (s): cpu = 00:00:17 ; elapsed = 00:00:23 . Memory (MB): peak = 849.625 ; gain = 148.895
Synthesis Optimization Complete : Time (s): cpu = 00:00:30 ; elapsed = 00:00:35 . Memory (MB): peak = 849.625 ; gain = 536.227
INFO: [Project 1-571] Translating synthesized netlist
INFO: [Netlist 29-17] Analyzing 10 Unisim elements for replacement
INFO: [Netlist 29-28] Unisim Transformation completed in 0 CPU seconds
INFO: [Project 1-570] Preparing netlist for logic optimization
INFO: [Opt 31-138] Pushed 0 inverter(s) to 0 load pin(s).
INFO: [Project 1-111] Unisim Transformation Summary:
  A total of 1 instances were transformed.
  IBUFGDS => IBUFDS: 1 instances

INFO: [Common 17-83] Releasing license: Synthesis
32 Infos, 5 Warnings, 0 Critical Warnings and 0 Errors encountered.
synth_design completed successfully
synth_design: Time (s): cpu = 00:00:33 ; elapsed = 00:00:38 . Memory (MB): peak = 862.527 ; gain = 561.773
WARNING: [Constraints 18-5210] No constraint will be written out.
INFO: [Common 17-1381] The checkpoint 'C:/Users/dw800/Desktop/lab4/lab4.runs/synth_1/my_top.dcp' has been generated.
INFO: [runtcl-4] Executing : report_utilization -file my_top_utilization_synth.rpt -pb my_top_utilization_synth.pb
report_utilization: Time (s): cpu = 00:00:00 ; elapsed = 00:00:00.123 . Memory (MB): peak = 862.527 ; gain = 0.000
INFO: [Common 17-206] Exiting Vivado at Thu Dec 11 17:00:45 2025...
