Copyright 1986-2018 Xilinx, Inc. All Rights Reserved.
---------------------------------------------------------------------------------------------------------------------------------------------------------
| Tool Version : Vivado v.2018.2 (win64) Build 2258646 Thu Jun 14 20:03:12 MDT 2018
| Date         : Thu Dec 11 17:17:40 2025
| Host         : ALEX running 64-bit major release  (build 9200)
| Command      : report_drc -file ShiftRegister_1Hz_Top_drc_routed.rpt -pb ShiftRegister_1Hz_Top_drc_routed.pb -rpx ShiftRegister_1Hz_Top_drc_routed.rpx
| Design       : ShiftRegister_1Hz_Top
| Device       : xc7a200tfbg676-2
| Speed File   : -2
| Design State : Routed
---------------------------------------------------------------------------------------------------------------------------------------------------------

Report DRC

Table of Contents
-----------------
1. REPORT SUMMARY
2. REPORT DETAILS

1. REPORT SUMMARY
-----------------
            Netlist: netlist
          Floorplan: design_1
      Design limits: <entire design considered>
           Ruledeck: default
             Max violations: <unlimited>
             Violations found: 0
+------+----------+-------------+------------+
| Rule | Severity | Description | Violations |
+------+----------+-------------+------------+
+------+----------+-------------+------------+

2. REPORT DETAILS
-----------------

