Copyright 1986-2018 Xilinx, Inc. All Rights Reserved.
--------------------------------------------------------------------------------------------------
| Tool Version : Vivado v.2018.2 (win64) Build 2258646 Thu Jun 14 20:03:12 MDT 2018
| Date         : Thu Dec 11 17:16:04 2025
| Host         : ALEX running 64-bit major release  (build 9200)
| Command      : report_control_sets -verbose -file ShiftRegister_1Hz_Top_control_sets_placed.rpt
| Design       : ShiftRegister_1Hz_Top
| Device       : xc7a200t
--------------------------------------------------------------------------------------------------

Control Set Information

Table of Contents
-----------------
1. Summary
2. Histogram
3. Flip-Flop Distribution
4. Detailed Control Set Information

1. Summary
----------

+----------------------------------------------------------+-------+
|                          Status                          | Count |
+----------------------------------------------------------+-------+
| Number of unique control sets                            |     2 |
| Unused register locations in slices containing registers |     8 |
+----------------------------------------------------------+-------+


2. Histogram
------------

+--------+--------------+
| Fanout | Control Sets |
+--------+--------------+
|     14 |            1 |
|    16+ |            1 |
+--------+--------------+


3. Flip-Flop Distribution
-------------------------

+--------------+-----------------------+------------------------+-----------------+--------------+
| Clock Enable | Synchronous Set/Reset | Asynchronous Set/Reset | Total Registers | Total Slices |
+--------------+-----------------------+------------------------+-----------------+--------------+
| No           | No                    | No                     |               0 |            0 |
| No           | No                    | Yes                    |              72 |           10 |
| No           | Yes                   | No                     |               0 |            0 |
| Yes          | No                    | No                     |               0 |            0 |
| Yes          | No                    | Yes                    |               0 |            0 |
| Yes          | Yes                   | No                     |               0 |            0 |
+--------------+-----------------------+------------------------+-----------------+--------------+


4. Detailed Control Set Information
-----------------------------------

+------------------+---------------+--------------------------------+------------------+----------------+
|   Clock Signal   | Enable Signal |        Set/Reset Signal        | Slice Load Count | Bel Load Count |
+------------------+---------------+--------------------------------+------------------+----------------+
|  clk_1Hz         |               | ShiftReg_inst/JK1/q_temp_reg_0 |                2 |             14 |
|  clk_200MHz_BUFG |               | ShiftReg_inst/JK1/q_temp_reg_0 |                8 |             58 |
+------------------+---------------+--------------------------------+------------------+----------------+


