#-----------------------------------------------------------
# Vivado v2018.2 (64-bit)
# SW Build 2258646 on Thu Jun 14 20:03:12 MDT 2018
# IP Build 2256618 on Thu Jun 14 22:10:49 MDT 2018
# Start of session at: Thu Dec 11 17:12:43 2025
# Process ID: 9516
# Current directory: C:/Users/dw800/Desktop/3 lab4
# Command line: vivado.exe -gui_launcher_event rodinguilauncherevent13676 C:\Users\dw800\Desktop\3 lab4\lab4.xpr
# Log file: C:/Users/dw800/Desktop/3 lab4/vivado.log
# Journal file: C:/Users/dw800/Desktop/3 lab4\vivado.jou
#-----------------------------------------------------------
start_gui
open_project {C:/Users/dw800/Desktop/3 lab4/lab4.xpr}
INFO: [Project 1-313] Project file moved from 'C:/Users/dw800/Desktop/lab4' since last save.
Scanning sources...
Finished scanning sources
INFO: [IP_Flow 19-234] Refreshing IP repositories
INFO: [IP_Flow 19-1704] No user IP repositories specified
INFO: [IP_Flow 19-2313] Loaded Vivado IP repository 'C:/Programs/Xilinx/Vivado/2018.2/data/ip'.
open_project: Time (s): cpu = 00:00:18 ; elapsed = 00:00:10 . Memory (MB): peak = 867.367 ; gain = 128.195
update_compile_order -fileset sources_1
export_ip_user_files -of_objects  [get_files {{C:/Users/dw800/Desktop/3 lab4/lab4.srcs/sources_1/new/clk_debounce_1hz.vhd}}] -no_script -reset -force -quiet
remove_files  {{C:/Users/dw800/Desktop/3 lab4/lab4.srcs/sources_1/new/clk_debounce_1hz.vhd}}
file delete -force {C:/Users/dw800/Desktop/3 lab4/lab4.srcs/sources_1/new/clk_debounce_1hz.vhd}
reset_run synth_1
launch_runs impl_1 -to_step write_bitstream -jobs 4
[Thu Dec 11 17:14:10 2025] Launched synth_1...
Run output will be captured here: C:/Users/dw800/Desktop/3 lab4/lab4.runs/synth_1/runme.log
[Thu Dec 11 17:14:10 2025] Launched impl_1...
Run output will be captured here: C:/Users/dw800/Desktop/3 lab4/lab4.runs/impl_1/runme.log
open_run impl_1
INFO: [Netlist 29-17] Analyzing 16 Unisim elements for replacement
INFO: [Netlist 29-28] Unisim Transformation completed in 0 CPU seconds
INFO: [Project 1-479] Netlist was created with Vivado 2018.2
INFO: [Device 21-403] Loading part xc7a200tfbg676-2
INFO: [Project 1-570] Preparing netlist for logic optimization
INFO: [Timing 38-478] Restoring timing data from binary archive.
INFO: [Timing 38-479] Binary timing data restore complete.
INFO: [Project 1-856] Restoring constraints from binary archive.
INFO: [Project 1-853] Binary constraint restore complete.
Reading XDEF placement.
Reading placer database...
Reading XDEF routing.
Read XDEF File: Time (s): cpu = 00:00:00 ; elapsed = 00:00:00.057 . Memory (MB): peak = 1813.223 ; gain = 0.000
Restored from archive | CPU: 0.000000 secs | Memory: 0.000000 MB |
Finished XDEF File Restore: Time (s): cpu = 00:00:00 ; elapsed = 00:00:00.057 . Memory (MB): peak = 1813.223 ; gain = 0.000
INFO: [Project 1-111] Unisim Transformation Summary:
No Unisim elements were transformed.

open_run: Time (s): cpu = 00:00:41 ; elapsed = 00:00:36 . Memory (MB): peak = 1923.773 ; gain = 1014.238
exit
INFO: [Common 17-206] Exiting Vivado at Thu Dec 11 17:24:18 2025...
